Archive member included because of file (symbol)

c:\Users\li_al\AppData\Roaming\Code\User\globalStorage\vexrobotics.vexcode\sdk\cpp\V5\V5_20240802_15_00_00/vexv5\libv5rt.a(v5_startup.c.obj)
                              (vexStartup)
c:\Users\li_al\AppData\Roaming\Code\User\globalStorage\vexrobotics.vexcode\sdk\cpp\V5\V5_20240802_15_00_00/vexv5\libv5rt.a(v5_util.c.obj)
                              c:\Users\li_al\AppData\Roaming\Code\User\globalStorage\vexrobotics.vexcode\sdk\cpp\V5\V5_20240802_15_00_00/vexv5\libv5rt.a(v5_startup.c.obj) (vexStdlibVersionLinked)
c:\Users\li_al\AppData\Roaming\Code\User\globalStorage\vexrobotics.vexcode\sdk\cpp\V5\V5_20240802_15_00_00/vexv5\libv5rt.a(v5_apijump.c.obj)
                              c:\Users\li_al\AppData\Roaming\Code\User\globalStorage\vexrobotics.vexcode\sdk\cpp\V5\V5_20240802_15_00_00/vexv5\libv5rt.a(v5_startup.c.obj) (vexPrivateApiEnable)
c:\Users\li_al\AppData\Roaming\Code\User\globalStorage\vexrobotics.vexcode\sdk\cpp\V5\V5_20240802_15_00_00/vexv5\libv5rt.a(v5_apiversions.c.obj)
                              c:\Users\li_al\AppData\Roaming\Code\User\globalStorage\vexrobotics.vexcode\sdk\cpp\V5\V5_20240802_15_00_00/vexv5\libv5rt.a(v5_apijump.c.obj) (vexSystemVersion)
c:\Users\li_al\AppData\Roaming\Code\User\globalStorage\vexrobotics.vexcode\sdk\cpp\V5\V5_20240802_15_00_00/vexv5\libv5rt.a(vex_global.cpp.obj)
                              build/src/Auton.o (vex::wait(double, vex::timeUnits))
c:\Users\li_al\AppData\Roaming\Code\User\globalStorage\vexrobotics.vexcode\sdk\cpp\V5\V5_20240802_15_00_00/vexv5\libv5rt.a(vex_motor.cpp.obj)
                              build/src/robot-config.o (vex::motor::~motor())
c:\Users\li_al\AppData\Roaming\Code\User\globalStorage\vexrobotics.vexcode\sdk\cpp\V5\V5_20240802_15_00_00/vexv5\libv5rt.a(vex_imu.cpp.obj)
                              build/src/robot-config.o (vex::inertial::~inertial())
c:\Users\li_al\AppData\Roaming\Code\User\globalStorage\vexrobotics.vexcode\sdk\cpp\V5\V5_20240802_15_00_00/vexv5\libv5rt.a(vex_rotation.cpp.obj)
                              build/src/robot-config.o (vex::rotation::~rotation())
c:\Users\li_al\AppData\Roaming\Code\User\globalStorage\vexrobotics.vexcode\sdk\cpp\V5\V5_20240802_15_00_00/vexv5\libv5rt.a(vex_optical.cpp.obj)
                              build/src/robot-config.o (vex::optical::~optical())
c:\Users\li_al\AppData\Roaming\Code\User\globalStorage\vexrobotics.vexcode\sdk\cpp\V5\V5_20240802_15_00_00/vexv5\libv5rt.a(vex_distance.cpp.obj)
                              build/src/robot-config.o (vex::distance::~distance())
c:\Users\li_al\AppData\Roaming\Code\User\globalStorage\vexrobotics.vexcode\sdk\cpp\V5\V5_20240802_15_00_00/vexv5\libv5rt.a(vex_controller.cpp.obj)
                              build/src/robot-config.o (vex::controller::~controller())
c:\Users\li_al\AppData\Roaming\Code\User\globalStorage\vexrobotics.vexcode\sdk\cpp\V5\V5_20240802_15_00_00/vexv5\libv5rt.a(vex_task.cpp.obj)
                              build/src/DriverController.o (vex::task::task(int (*)(void*), void*))
c:\Users\li_al\AppData\Roaming\Code\User\globalStorage\vexrobotics.vexcode\sdk\cpp\V5\V5_20240802_15_00_00/vexv5\libv5rt.a(vex_thread.cpp.obj)
                              c:\Users\li_al\AppData\Roaming\Code\User\globalStorage\vexrobotics.vexcode\sdk\cpp\V5\V5_20240802_15_00_00/vexv5\libv5rt.a(vex_global.cpp.obj) (vex::this_thread::sleep_for(unsigned long))
c:\Users\li_al\AppData\Roaming\Code\User\globalStorage\vexrobotics.vexcode\sdk\cpp\V5\V5_20240802_15_00_00/vexv5\libv5rt.a(vex_event.cpp.obj)
                              c:\Users\li_al\AppData\Roaming\Code\User\globalStorage\vexrobotics.vexcode\sdk\cpp\V5\V5_20240802_15_00_00/vexv5\libv5rt.a(vex_imu.cpp.obj) (vex::event::init(unsigned long, unsigned long, void (*)()))
c:\Users\li_al\AppData\Roaming\Code\User\globalStorage\vexrobotics.vexcode\sdk\cpp\V5\V5_20240802_15_00_00/vexv5\libv5rt.a(vex_mevent.cpp.obj)
                              c:\Users\li_al\AppData\Roaming\Code\User\globalStorage\vexrobotics.vexcode\sdk\cpp\V5\V5_20240802_15_00_00/vexv5\libv5rt.a(vex_controller.cpp.obj) (vex::mevent::mevent(unsigned long, unsigned long))
c:\Users\li_al\AppData\Roaming\Code\User\globalStorage\vexrobotics.vexcode\sdk\cpp\V5\V5_20240802_15_00_00/vexv5\libv5rt.a(vex_brain.cpp.obj)
                              build/src/robot-config.o (vex::brain::brain())
c:\Users\li_al\AppData\Roaming\Code\User\globalStorage\vexrobotics.vexcode\sdk\cpp\V5\V5_20240802_15_00_00/vexv5\libv5rt.a(vex_competition.cpp.obj)
                              build/src/main.o (vex::competition::competition())
c:\Users\li_al\AppData\Roaming\Code\User\globalStorage\vexrobotics.vexcode\sdk\cpp\V5\V5_20240802_15_00_00/vexv5\libv5rt.a(vex_triport.cpp.obj)
                              c:\Users\li_al\AppData\Roaming\Code\User\globalStorage\vexrobotics.vexcode\sdk\cpp\V5\V5_20240802_15_00_00/vexv5\libv5rt.a(vex_brain.cpp.obj) (vex::triport::~triport())
[...]
Memory Configuration

Name             Origin             Length             Attributes
ps7_ddr_0_S_AXI_BASEADDR 0x03800000         0x04800000
*default*        0x00000000         0xffffffff

Linker script and memory map

                0x00002000                _STACK_SIZE = DEFINED (_STACK_SIZE)?_STACK_SIZE:0x2000
                0x00100000                _HEAP_SIZE = DEFINED (_HEAP_SIZE)?_HEAP_SIZE:0x100000
                0x00000400                _ABORT_STACK_SIZE = DEFINED (_ABORT_STACK_SIZE)?_ABORT_STACK_SIZE:0x400
                0x00000800                _SUPERVISOR_STACK_SIZE = DEFINED (_SUPERVISOR_STACK_SIZE)?_SUPERVISOR_STACK_SIZE:0x800
                0x00000400                _IRQ_STACK_SIZE = DEFINED (_IRQ_STACK_SIZE)?_IRQ_STACK_SIZE:0x400
                0x00000400                _FIQ_STACK_SIZE = DEFINED (_FIQ_STACK_SIZE)?_FIQ_STACK_SIZE:0x400
                0x00000400                _UNDEF_STACK_SIZE = DEFINED (_UNDEF_STACK_SIZE)?_UNDEF_STACK_SIZE:0x400

.text           0x03800000     0xd3f0
 *(.vectors)
 *(.boot_data)
 .boot_data     0x03800000       0x20 c:\Users\li_al\AppData\Roaming\Code\User\globalStorage\vexrobotics.vexcode\sdk\cpp\V5\V5_20240802_15_00_00/vexv5\libv5rt.a(v5_startup.c.obj)
                0x03800000                vexCodeSig
                0x00000020                . = 0x20
 *(.boot)
 .boot          0x03800020       0xbc c:\Users\li_al\AppData\Roaming\Code\User\globalStorage\vexrobotics.vexcode\sdk\cpp\V5\V5_20240802_15_00_00/vexv5\libv5rt.a(v5_startup.c.obj)
                0x03800020                vexStartup
                0x03800100                . = ALIGN (0x40)
 *fill*         0x038000dc       0x24 
 *(.freertos_vectors)
 *(.text)
 .text          0x03800100       0x3a c:\Users\li_al\AppData\Roaming\Code\User\globalStorage\vexrobotics.vexcode\sdk\cpp\V5\V5_20240802_15_00_00/vexv5/gcc/libs\libc.a(lib_a-aeabi_memmove-soft.o)
                0x03800100                __aeabi_memmove4
                0x03800100                __aeabi_memmove
                0x03800100                __aeabi_memmove8
 .text          0x0380013a       0x9a c:\Users\li_al\AppData\Roaming\Code\User\globalStorage\vexrobotics.vexcode\sdk\cpp\V5\V5_20240802_15_00_00/vexv5/gcc/libs\libc.a(lib_a-aeabi_memset-soft.o)
                0x0380013a                __aeabi_memset8
                0x0380013a                __aeabi_memset
                0x0380013a                __aeabi_memset4
 *(.text.*)
 .text._ZN7TrackerD2Ev
                0x038001d4        0x4 build/src/main.o
                0x038001d4                Tracker::~Tracker()
 .text._ZN3MCLC2ER7Trackeri6Sensordd
                0x038001d8      0x120 build/src/main.o
                0x038001d8                MCL::MCL(Tracker&, int, Sensor, double, double)
 .text._ZN3MCLD2Ev
                0x038002f8       0x44 build/src/main.o
                0x038002f8                MCL::~MCL()
 .text._ZN15RobotControllerD2Ev
                0x0380033c       0x40 build/src/main.o
                0x0380033c                RobotController::~RobotController()
 .text._Z5autonv
                0x0380037c       0x60 build/src/main.o
                0x0380037c                auton()
 .text._Z13driverControlv
                0x038003dc       0x4c build/src/main.o
                0x038003dc                driverControl()
 .text._Z13preAutonomousv
                0x03800428      0x2a0 build/src/main.o
                0x03800428                preAutonomous()
 .text.main     0x038006c8       0x44 build/src/main.o
                0x038006c8                main
 .text._ZN3MCL7initMapEv
                0x0380070c      0x4d4 build/src/main.o
                0x0380070c                MCL::initMap()
 .text._ZN3MCL13initParticlesEddd
                0x03800be0       0xf0 build/src/main.o
                0x03800be0                MCL::initParticles(double, double, double)
 .text._ZNSt6vectorI7SegmentSaIS0_EE12emplace_backIJiiiiEEEvDpOT_
                0x03800cd0       0x5c build/src/main.o
                0x03800cd0                void std::vector<Segment, std::allocator<Segment> >::emplace_back<int, int, int, int>(int&&, int&&, int&&, int&&)
 .text._ZNSt6vectorI6CircleSaIS0_EE12emplace_backIJiddEEEvDpOT_
                0x03800d2c       0x44 build/src/main.o
                0x03800d2c                void std::vector<Circle, std::allocator<Circle> >::emplace_back<int, double, double>(int&&, double&&, double&&)
 .text._ZNSt6vectorI7SegmentSaIS0_EE12emplace_backIJdiidEEEvDpOT_
                0x03800d70       0x54 build/src/main.o
                0x03800d70                void std::vector<Segment, std::allocator<Segment> >::emplace_back<double, int, int, double>(double&&, int&&, int&&, double&&)
 .text._ZNSt6vectorI7SegmentSaIS0_EE12emplace_backIJiddiEEEvDpOT_
                0x03800dc4       0x54 build/src/main.o
                0x03800dc4                void std::vector<Segment, std::allocator<Segment> >::emplace_back<int, double, double, int>(int&&, double&&, double&&, int&&)
 .text._ZNSt6vectorI7SegmentSaIS0_EE12emplace_backIJddddEEEvDpOT_
                0x03800e18       0x48 build/src/main.o
                0x03800e18                void std::vector<Segment, std::allocator<Segment> >::emplace_back<double, double, double, double>(double&&, double&&, double&&, double&&)
 .text._ZNSt6vectorI7SegmentSaIS0_EE19_M_emplace_back_auxIJiiiiEEEvDpOT_
                0x03800e60       0xd8 build/src/main.o
                0x03800e60                void std::vector<Segment, std::allocator<Segment> >::_M_emplace_back_aux<int, int, int, int>(int&&, int&&, int&&, int&&)
 .text._ZNKSt6vectorI7SegmentSaIS0_EE12_M_check_lenEjPKc
                0x03800f38       0x54 build/src/main.o
                0x03800f38                std::vector<Segment, std::allocator<Segment> >::_M_check_len(unsigned int, char const*) const
 .text._ZNSt12_Vector_baseI7SegmentSaIS0_EE11_M_allocateEj
                0x03800f8c       0x30 build/src/main.o
                0x03800f8c                std::_Vector_base<Segment, std::allocator<Segment> >::_M_allocate(unsigned int)
 .text._ZNSt6vectorI6CircleSaIS0_EE19_M_emplace_back_auxIJiddEEEvDpOT_
                0x03800fbc       0xb4 build/src/main.o
                0x03800fbc                void std::vector<Circle, std::allocator<Circle> >::_M_emplace_back_aux<int, double, double>(int&&, double&&, double&&)
 .text._ZNKSt6vectorI6CircleSaIS0_EE12_M_check_lenEjPKc
                0x03801070       0x64 build/src/main.o
                0x03801070                std::vector<Circle, std::allocator<Circle> >::_M_check_len(unsigned int, char const*) const
 .text._ZNSt12_Vector_baseI6CircleSaIS0_EE11_M_allocateEj
                0x038010d4       0x3c build/src/main.o
                0x038010d4                std::_Vector_base<Circle, std::allocator<Circle> >::_M_allocate(unsigned int)
 .text._ZNSt6vectorI7SegmentSaIS0_EE19_M_emplace_back_auxIJdiidEEEvDpOT_
                0x03801110       0xd0 build/src/main.o
                0x03801110                void std::vector<Segment, std::allocator<Segment> >::_M_emplace_back_aux<double, int, int, double>(double&&, int&&, int&&, double&&)
 .text._ZNSt6vectorI7SegmentSaIS0_EE19_M_emplace_back_auxIJiddiEEEvDpOT_
                0x038011e0       0xc8 build/src/main.o
                0x038011e0                void std::vector<Segment, std::allocator<Segment> >::_M_emplace_back_aux<int, double, double, int>(int&&, double&&, double&&, int&&)
 .text._ZNSt6vectorI7SegmentSaIS0_EE19_M_emplace_back_auxIJddddEEEvDpOT_
                0x038012a8       0xbc build/src/main.o
                0x038012a8                void std::vector<Segment, std::allocator<Segment> >::_M_emplace_back_aux<double, double, double, double>(double&&, double&&, double&&, double&&)
 .text._ZNSt6vectorI4PoseSaIS0_EE12emplace_backIJddRdEEEvDpOT_
                0x03801364       0x4c build/src/main.o
                0x03801364                void std::vector<Pose, std::allocator<Pose> >::emplace_back<double, double, double&>(double&&, double&&, double&)
 .text._ZNSt6vectorI4PoseSaIS0_EE19_M_emplace_back_auxIJddRdEEEvDpOT_
                0x038013b0       0xc4 build/src/main.o
                0x038013b0                void std::vector<Pose, std::allocator<Pose> >::_M_emplace_back_aux<double, double, double&>(double&&, double&&, double&)
 .text._ZNKSt6vectorI4PoseSaIS0_EE12_M_check_lenEjPKc
                0x03801474       0x54 build/src/main.o
                0x03801474                std::vector<Pose, std::allocator<Pose> >::_M_check_len(unsigned int, char const*) const
 .text._ZNSt12_Vector_baseI4PoseSaIS0_EE11_M_allocateEj
                0x038014c8       0x30 build/src/main.o
                0x038014c8                std::_Vector_base<Pose, std::allocator<Pose> >::_M_allocate(unsigned int)
 .text._ZNSt19normal_distributionIdEclISt26linear_congruential_engineIjLj16807ELj0ELj2147483647EEEEdRT_RKNS0_10param_typeE
                0x038014f8       0xe8 build/src/main.o
                0x038014f8                double std::normal_distribution<double>::operator()<std::linear_congruential_engine<unsigned int, 16807u, 0u, 2147483647u> >(std::linear_congruential_engine<unsigned int, 16807u, 0u, 2147483647u>&, std::normal_distribution<double>::param_type const&)
 .text._ZSt18generate_canonicalIdLj53ESt26linear_congruential_engineIjLj16807ELj0ELj2147483647EEET_RT1_
                0x038015e0       0xe8 build/src/main.o
                0x038015e0                double std::generate_canonical<double, 53u, std::linear_congruential_engine<unsigned int, 16807u, 0u, 2147483647u> >(std::linear_congruential_engine<unsigned int, 16807u, 0u, 2147483647u>&)
 .text._GLOBAL__sub_I_main.cpp
                0x038016c8      0x1e0 build/src/main.o
 .text._ZNK3MCL12estimatePoseEv
                0x038018a8      0x168 build/src/MCL.o
                0x038018a8                MCL::estimatePose() const
 .text._ZN3MCL15UpdateParticlesEv
                0x03801a10      0x230 build/src/MCL.o
                0x03801a10                MCL::UpdateParticles()
 .text._ZN7Tracker8getAxialEv
                0x03801c40       0xc0 build/src/MCL.o
                0x03801c40                Tracker::getAxial()
 .text._ZN3MCL7StepMCLEv
                0x03801d00      0x11c build/src/MCL.o
                0x03801d00                MCL::StepMCL()
 *fill*         0x03801e1c        0x4 
 .text._ZNK3MCL19expectedMeasurementERK4Pose
                0x03801e20       0xf8 build/src/MCL.o
                0x03801e20                MCL::expectedMeasurement(Pose const&) const
 .text._ZN3MCL17resampleParticlesEv
                0x03801f18      0x2c0 build/src/MCL.o
                0x03801f18                MCL::resampleParticles()
 .text._ZNK3MCL15raycastDistanceEddd
                0x038021d8      0x128 build/src/MCL.o
                0x038021d8                MCL::raycastDistance(double, double, double) const
 .text._ZNK3MCL9rayCircleEddddRK6CircleRd
                0x03802300       0xf8 build/src/MCL.o
                0x03802300                MCL::rayCircle(double, double, double, double, Circle const&, double&) const
 .text._ZNK3MCL10raySegmentEddddRK7SegmentRd
                0x038023f8       0xa0 build/src/MCL.o
                0x038023f8                MCL::raySegment(double, double, double, double, Segment const&, double&) const
 .text._ZNSt6vectorI4PoseSaIS0_EE7reserveEj
                0x03802498       0xac build/src/MCL.o
                0x03802498                std::vector<Pose, std::allocator<Pose> >::reserve(unsigned int)
 .text._ZNSt6vectorIdSaIdEEC2EjRKS0_
                0x03802544       0x54 build/src/MCL.o
                0x03802544                std::vector<double, std::allocator<double> >::vector(unsigned int, std::allocator<double> const&)
 .text._ZNSt6vectorI4PoseSaIS0_EEaSERKS2_
                0x03802598      0x17c build/src/MCL.o
                0x03802598                std::vector<Pose, std::allocator<Pose> >::operator=(std::vector<Pose, std::allocator<Pose> > const&)
 .text._ZN3MCL9MCLThreadEPv
                0x03802714       0x54 build/src/MCL.o
                0x03802714                MCL::MCLThread(void*)
 .text._ZN6rotSub11getPositionEv
                0x03802768      0x178 build/src/MCL.o
                0x03802768                rotSub::getPosition()
 .text._ZNSt12_Vector_baseIdSaIdEE11_M_allocateEj
                0x038028e0       0x30 build/src/MCL.o
                0x038028e0                std::_Vector_base<double, std::allocator<double> >::_M_allocate(unsigned int)
 .text._Z4hookv
                0x03802910       0x10 build/src/Auton.o
                0x03802910                hook()
 .text._Z10stopIntakev
                0x03802920       0x20 build/src/Auton.o
                0x03802920                stopIntake()
 .text._Z9runIntakev
                0x03802940        0xc build/src/Auton.o
                0x03802940                runIntake()
 .text._ZN6Assist9intakeFwdEv
                0x0380294c       0x60 build/src/Auton.o
                0x0380294c                Assist::intakeFwd()
 *fill*         0x038029ac        0x4 
 .text._ZN6Assist9toggleArmEv
                0x038029b0      0x128 build/src/Auton.o
                0x038029b0                Assist::toggleArm()
 .text._Z7doinkerv
                0x03802ad8       0x2c build/src/Auton.o
                0x03802ad8                doinker()
 .text._Z8quartSecv
                0x03802b04       0x28 build/src/Auton.o
                0x03802b04                quartSec()
 *fill*         0x03802b2c        0x4 
 .text._Z9distCheckv
                0x03802b30       0x30 build/src/Auton.o
                0x03802b30                distCheck()
 .text._Z10distCheck2v
                0x03802b60       0x30 build/src/Auton.o
                0x03802b60                distCheck2()
 .text._Z10doinkerOffv
                0x03802b90       0x10 build/src/Auton.o
                0x03802b90                doinkerOff()
 .text._Z13restartIntakev
                0x03802ba0       0x44 build/src/Auton.o
                0x03802ba0                restartIntake()
 .text._Z9toggleArmv
                0x03802be4        0xc build/src/Auton.o
                0x03802be4                toggleArm()
 .text._ZN6Assist8scoreArmEv
                0x03802bf0       0xf8 build/src/Auton.o
                0x03802bf0                Assist::scoreArm()
 .text._Z16setArmDownAndRevv
                0x03802ce8       0x58 build/src/Auton.o
                0x03802ce8                setArmDownAndRev()
 .text._ZN6Assist9intakeRevEv
                0x03802d40       0x60 build/src/Auton.o
                0x03802d40                Assist::intakeRev()
 .text._Z10setArmDownv
                0x03802da0       0x50 build/src/Auton.o
                0x03802da0                setArmDown()
 .text._Z13allianceStakev
                0x03802df0       0x50 build/src/Auton.o
                0x03802df0                allianceStake()
 .text._Z12setArmToLoadv
                0x03802e40       0x44 build/src/Auton.o
                0x03802e40                setArmToLoad()
 .text._ZNSt6vectorIdSaIdEED2Ev
                0x03802e84       0x24 build/src/Auton.o
                0x03802e84                std::vector<double, std::allocator<double> >::~vector()
 .text._Z9trackDistv
                0x03802ea8       0x78 build/src/Auton.o
                0x03802ea8                trackDist()
 .text._Z14getTrackedDistv
                0x03802f20       0xc0 build/src/Auton.o
                0x03802f20                getTrackedDist()
 .text._Z9hookCheckv
                0x03802fe0       0x20 build/src/Auton.o
                0x03802fe0                hookCheck()
 .text._Z13findWallStakev
                0x03803000       0xfc build/src/Auton.o
                0x03803000                findWallStake()
 *fill*         0x038030fc        0x4 
 .text._Z32raiseArmAndRestartScheduleIntakev
                0x03803100       0x90 build/src/Auton.o
                0x03803100                raiseArmAndRestartScheduleIntake()
 .text._Z21hookCheckAndTimeBreakv
                0x03803190       0x4c build/src/Auton.o
                0x03803190                hookCheckAndTimeBreak()
 .text._Z6xBreakv
                0x038031dc       0x24 build/src/Auton.o
                0x038031dc                xBreak()
 .text._Z9offensivev
                0x03803200      0x828 build/src/Auton.o
                0x03803200                offensive()
 .text._Z9defensivev
                0x03803a28      0x708 build/src/Auton.o
                0x03803a28                defensive()
 .text._Z7soloAWPv
                0x03804130       0x68 build/src/Auton.o
                0x03804130                soloAWP()
 .text._Z10offensive2v
                0x03804198      0x7e0 build/src/Auton.o
                0x03804198                offensive2()
 .text._Z10defensive2v
                0x03804978      0x700 build/src/Auton.o
                0x03804978                defensive2()
 .text._Z8soloAWP2v
                0x03805078      0x114 build/src/Auton.o
                0x03805078                soloAWP2()
 *fill*         0x0380518c        0x4 
 .text._Z6skillsv
                0x03805190      0xfe8 build/src/Auton.o
                0x03805190                skills()
 .text._Z4testv
                0x03806178      0x140 build/src/Auton.o
                0x03806178                test()
 .text._ZN6Assist11armRotationEv
                0x038062b8       0x48 build/src/Auton.o
                0x038062b8                Assist::armRotation()
 .text._ZNSt6vectorIdSaIdEE19_M_emplace_back_auxIJdEEEvDpOT_
                0x03806300       0x80 build/src/Auton.o
                0x03806300                void std::vector<double, std::allocator<double> >::_M_emplace_back_aux<double>(double&&)
 .text._ZNKSt6vectorIdSaIdEE12_M_check_lenEjPKc
                0x03806380       0x54 build/src/Auton.o
                0x03806380                std::vector<double, std::allocator<double> >::_M_check_len(unsigned int, char const*) const
 .text._ZSt16__introsort_loopIN9__gnu_cxx17__normal_iteratorIPdSt6vectorIdSaIdEEEEiNS0_5__ops15_Iter_less_iterEEvT_S9_T0_T1_
                0x038063d4       0xe4 build/src/Auton.o
                0x038063d4                void std::__introsort_loop<__gnu_cxx::__normal_iterator<double*, std::vector<double, std::allocator<double> > >, int, __gnu_cxx::__ops::_Iter_less_iter>(__gnu_cxx::__normal_iterator<double*, std::vector<double, std::allocator<double> > >, __gnu_cxx::__normal_iterator<double*, std::vector<double, std::allocator<double> > >, int, __gnu_cxx::__ops::_Iter_less_iter)
 .text._ZSt22__final_insertion_sortIN9__gnu_cxx17__normal_iteratorIPdSt6vectorIdSaIdEEEENS0_5__ops15_Iter_less_iterEEvT_S9_T0_
                0x038064b8       0x7c build/src/Auton.o
                0x038064b8                void std::__final_insertion_sort<__gnu_cxx::__normal_iterator<double*, std::vector<double, std::allocator<double> > >, __gnu_cxx::__ops::_Iter_less_iter>(__gnu_cxx::__normal_iterator<double*, std::vector<double, std::allocator<double> > >, __gnu_cxx::__normal_iterator<double*, std::vector<double, std::allocator<double> > >, __gnu_cxx::__ops::_Iter_less_iter)
 .text._ZSt13__heap_selectIN9__gnu_cxx17__normal_iteratorIPdSt6vectorIdSaIdEEEENS0_5__ops15_Iter_less_iterEEvT_S9_S9_T0_
                0x03806534       0x6c build/src/Auton.o
                0x03806534                void std::__heap_select<__gnu_cxx::__normal_iterator<double*, std::vector<double, std::allocator<double> > >, __gnu_cxx::__ops::_Iter_less_iter>(__gnu_cxx::__normal_iterator<double*, std::vector<double, std::allocator<double> > >, __gnu_cxx::__normal_iterator<double*, std::vector<double, std::allocator<double> > >, __gnu_cxx::__normal_iterator<double*, std::vector<double, std::allocator<double> > >, __gnu_cxx::__ops::_Iter_less_iter)
 .text._ZSt11__sort_heapIN9__gnu_cxx17__normal_iteratorIPdSt6vectorIdSaIdEEEENS0_5__ops15_Iter_less_iterEEvT_S9_T0_
                0x038065a0       0x58 build/src/Auton.o
                0x038065a0                void std::__sort_heap<__gnu_cxx::__normal_iterator<double*, std::vector<double, std::allocator<double> > >, __gnu_cxx::__ops::_Iter_less_iter>(__gnu_cxx::__normal_iterator<double*, std::vector<double, std::allocator<double> > >, __gnu_cxx::__normal_iterator<double*, std::vector<double, std::allocator<double> > >, __gnu_cxx::__ops::_Iter_less_iter)
 .text._ZSt11__make_heapIN9__gnu_cxx17__normal_iteratorIPdSt6vectorIdSaIdEEEENS0_5__ops15_Iter_less_iterEEvT_S9_T0_
                0x038065f8       0x60 build/src/Auton.o
                0x038065f8                void std::__make_heap<__gnu_cxx::__normal_iterator<double*, std::vector<double, std::allocator<double> > >, __gnu_cxx::__ops::_Iter_less_iter>(__gnu_cxx::__normal_iterator<double*, std::vector<double, std::allocator<double> > >, __gnu_cxx::__normal_iterator<double*, std::vector<double, std::allocator<double> > >, __gnu_cxx::__ops::_Iter_less_iter)
 .text._ZSt13__adjust_heapIN9__gnu_cxx17__normal_iteratorIPdSt6vectorIdSaIdEEEEidNS0_5__ops15_Iter_less_iterEEvT_T0_SA_T1_T2_
                0x03806658       0xf8 build/src/Auton.o
                0x03806658                void std::__adjust_heap<__gnu_cxx::__normal_iterator<double*, std::vector<double, std::allocator<double> > >, int, double, __gnu_cxx::__ops::_Iter_less_iter>(__gnu_cxx::__normal_iterator<double*, std::vector<double, std::allocator<double> > >, int, int, double, __gnu_cxx::__ops::_Iter_less_iter)
 .text._ZSt22__move_median_to_firstIN9__gnu_cxx17__normal_iteratorIPdSt6vectorIdSaIdEEEENS0_5__ops15_Iter_less_iterEEvT_S9_S9_S9_T0_
                0x03806750       0x88 build/src/Auton.o
                0x03806750                void std::__move_median_to_first<__gnu_cxx::__normal_iterator<double*, std::vector<double, std::allocator<double> > >, __gnu_cxx::__ops::_Iter_less_iter>(__gnu_cxx::__normal_iterator<double*, std::vector<double, std::allocator<double> > >, __gnu_cxx::__normal_iterator<double*, std::vector<double, std::allocator<double> > >, __gnu_cxx::__normal_iterator<double*, std::vector<double, std::allocator<double> > >, __gnu_cxx::__normal_iterator<double*, std::vector<double, std::allocator<double> > >, __gnu_cxx::__ops::_Iter_less_iter)
 .text._ZSt16__insertion_sortIN9__gnu_cxx17__normal_iteratorIPdSt6vectorIdSaIdEEEENS0_5__ops15_Iter_less_iterEEvT_S9_T0_
                0x038067d8       0xb0 build/src/Auton.o
                0x038067d8                void std::__insertion_sort<__gnu_cxx::__normal_iterator<double*, std::vector<double, std::allocator<double> > >, __gnu_cxx::__ops::_Iter_less_iter>(__gnu_cxx::__normal_iterator<double*, std::vector<double, std::allocator<double> > >, __gnu_cxx::__normal_iterator<double*, std::vector<double, std::allocator<double> > >, __gnu_cxx::__ops::_Iter_less_iter)
 .text._GLOBAL__sub_I_Auton.cpp
                0x03806888       0x60 build/src/Auton.o
 .text._ZN10BreakTimerC2Edd
                0x038068e8       0x24 build/src/BreakTimer.o
                0x038068e8                BreakTimer::BreakTimer(double, double)
                0x038068e8                BreakTimer::BreakTimer(double, double)
 .text._ZN10BreakTimer6updateEdd
                0x0380690c       0x48 build/src/BreakTimer.o
                0x0380690c                BreakTimer::update(double, double)
 .text._ZN10BreakTimer5resetEv
                0x03806954       0x10 build/src/BreakTimer.o
                0x03806954                BreakTimer::reset()
 .text._GLOBAL__sub_I_BreakTimer.cpp
                0x03806964       0x34 build/src/BreakTimer.o
 .text._Z13intakeForwardv
                0x03806998        0xc build/src/DriverController.o
                0x03806998                intakeForward()
 .text._Z14intakeBackwardv
                0x038069a4        0xc build/src/DriverController.o
                0x038069a4                intakeBackward()
 .text._Z10toggleHookv
                0x038069b0       0x90 build/src/DriverController.o
                0x038069b0                toggleHook()
 .text._Z27toggleColorSortAndStallCodev
                0x03806a40       0x2c build/src/DriverController.o
                0x03806a40                toggleColorSortAndStallCode()
 .text._Z9armTogglev
                0x03806a6c        0xc build/src/DriverController.o
                0x03806a6c                armToggle()
 .text._Z8armScorev
                0x03806a78        0xc build/src/DriverController.o
                0x03806a78                armScore()
 .text._Z13toggleDoinkerv
                0x03806a84       0x50 build/src/DriverController.o
                0x03806a84                toggleDoinker()
 *fill*         0x03806ad4        0x4 
 .text._Z14wallstakeMacrov
                0x03806ad8       0x80 build/src/DriverController.o
                0x03806ad8                wallstakeMacro()
 .text._Z11moveForwardv
                0x03806b58       0xbc build/src/DriverController.o
                0x03806b58                moveForward()
 .text._Z12hookCheckingv
                0x03806c14       0x20 build/src/DriverController.o
                0x03806c14                hookChecking()
 .text._Z6hookOnv
                0x03806c34       0x10 build/src/DriverController.o
                0x03806c34                hookOn()
 .text._Z10quickBreakv
                0x03806c44       0x24 build/src/DriverController.o
                0x03806c44                quickBreak()
 .text._ZN16DriverControllerC2Ev
                0x03806c68        0x4 build/src/DriverController.o
                0x03806c68                DriverController::DriverController()
                0x03806c68                DriverController::DriverController()
 *fill*         0x03806c6c        0x4 
 .text._ZN16DriverController3RunEN3vex11competitionE
                0x03806c70      0x610 build/src/DriverController.o
                0x03806c70                DriverController::Run(vex::competition)
 .text._ZN3MCL5StartEv
                0x03807280       0xb8 build/src/DriverController.o
                0x03807280                MCL::Start()
 .text._ZN7Tracker10getHeadingEv
                0x03807338       0x78 build/src/DriverController.o
                0x03807338                Tracker::getHeading()
 .text._ZN16DriverController13RunDriveTrainEv
                0x038073b0      0x178 build/src/DriverController.o
                0x038073b0                DriverController::RunDriveTrain()
 .text._GLOBAL__sub_I_DriverController.cpp
                0x03807528       0x64 build/src/DriverController.o
 .text._ZN3PIDC2Edddd
                0x0380758c       0x4c build/src/PID.o
                0x0380758c                PID::PID(double, double, double, double)
                0x0380758c                PID::PID(double, double, double, double)
 .text._ZN3PID5startEd
                0x038075d8       0x30 build/src/PID.o
                0x038075d8                PID::start(double)
 .text._ZN3PID9calculateEddb
                0x03807608       0xc0 build/src/PID.o
                0x03807608                PID::calculate(double, double, bool)
 .text._GLOBAL__sub_I_PID.cpp
                0x038076c8       0x34 build/src/PID.o
 .text._ZN3vex11motor_groupC2IJNS_5motorES2_EEERS2_DpRT_
                0x038076fc       0x44 build/src/robot-config.o
                0x038076fc                vex::motor_group::motor_group<vex::motor, vex::motor>(vex::motor&, vex::motor&, vex::motor&)
 .text._Z11vexcodeInitv
                0x03807740        0x4 build/src/robot-config.o
                0x03807740                vexcodeInit()
 .text._ZN6rotSubD0Ev
                0x03807744       0x14 build/src/robot-config.o
                0x03807744                rotSub::~rotSub()
 .text._GLOBAL__sub_I_robot_config.cpp
                0x03807758      0x64c build/src/robot-config.o
 *fill*         0x03807da4        0x4 
 .text._ZN6AssistC2Eb
                0x03807da8       0xf0 build/src/Assist.o
                0x03807da8                Assist::Assist(bool)
                0x03807da8                Assist::Assist(bool)
 .text._ZN6Assist12gestureCheckEv
                0x03807e98       0xc0 build/src/Assist.o
                0x03807e98                Assist::gestureCheck()
 .text._ZN6Assist13scheduleCheckEv
                0x03807f58       0x5c build/src/Assist.o
                0x03807f58                Assist::scheduleCheck()
 .text._ZN6Assist3RunEv
                0x03807fb4       0x1c build/src/Assist.o
                0x03807fb4                Assist::Run()
 .text._ZN6Assist9RunIntakeEv
                0x03807fd0      0x4e0 build/src/Assist.o
                0x03807fd0                Assist::RunIntake()
 .text._ZN6Assist6RunArmEv
                0x038084b0      0x328 build/src/Assist.o
                0x038084b0                Assist::RunArm()
 .text._ZN6Assist14intakeRotationEv
                0x038087d8       0x48 build/src/Assist.o
                0x038087d8                Assist::intakeRotation()
 .text._GLOBAL__sub_I_Assist.cpp
                0x03808820       0x34 build/src/Assist.o
 .text._ZN7TrackerC2ERN3vex11motor_groupES2_RNS0_8inertialER6rotSubS6_S6_b
                0x03808854       0x6c build/src/Tracker.o
                0x03808854                Tracker::Tracker(vex::motor_group&, vex::motor_group&, vex::inertial&, rotSub&, rotSub&, rotSub&, bool)
                0x03808854                Tracker::Tracker(vex::motor_group&, vex::motor_group&, vex::inertial&, rotSub&, rotSub&, rotSub&, bool)
 .text._ZN7Tracker3setEddd
                0x038088c0      0x130 build/src/Tracker.o
                0x038088c0                Tracker::set(double, double, double)
 .text._ZN7Tracker5StartEv
                0x038089f0       0xe8 build/src/Tracker.o
                0x038089f0                Tracker::Start()
 .text._ZN7Tracker14TrackingThreadEPv
                0x03808ad8       0x40 build/src/Tracker.o
                0x03808ad8                Tracker::TrackingThread(void*)
 .text._ZN7Tracker11ArcIntegralEv
                0x03808b18      0x1f0 build/src/Tracker.o
                0x03808b18                Tracker::ArcIntegral()
 .text._GLOBAL__sub_I_Tracker.cpp
                0x03808d08       0x34 build/src/Tracker.o
 .text._Z8drawLogov
                0x03808d3c       0xe0 build/src/Image.o
                0x03808d3c                drawLogo()
 .text._ZN15RobotControllerC2ERN3vex11motor_groupES2_R7Tracker
                0x03808e1c       0x4c build/src/RobotController.o
                0x03808e1c                RobotController::RobotController(vex::motor_group&, vex::motor_group&, Tracker&)
                0x03808e1c                RobotController::RobotController(vex::motor_group&, vex::motor_group&, Tracker&)
 .text._ZN15RobotController20EventHandlingRoutineEPv
                0x03808e68       0x30 build/src/RobotController.o
                0x03808e68                RobotController::EventHandlingRoutine(void*)
 .text._ZN15RobotController8GetEventEv
                0x03808e98       0x50 build/src/RobotController.o
                0x03808e98                RobotController::GetEvent()
 .text._ZN15RobotController10StopMotorsEv
                0x03808ee8       0x78 build/src/RobotController.o
                0x03808ee8                RobotController::StopMotors()
 .text._ZN15RobotController13DriveStraightEddddbPFbvEPFvvEd
                0x03808f60      0x6b8 build/src/RobotController.o
                0x03808f60                RobotController::DriveStraight(double, double, double, double, bool, bool (*)(), void (*)(), double)
 .text._ZN7Tracker10angleErrorEd
                0x03809618       0xa0 build/src/RobotController.o
                0x03809618                Tracker::angleError(double)
 .text._ZN15RobotController6OutputEdd
                0x038096b8      0x124 build/src/RobotController.o
                0x038096b8                RobotController::Output(double, double)
 *fill*         0x038097dc        0x4 
 .text._ZN15RobotController8DriveArcEddbddPFbvEPFvvEdS3_d
                0x038097e0      0x648 build/src/RobotController.o
                0x038097e0                RobotController::DriveArc(double, double, bool, double, double, bool (*)(), void (*)(), double, void (*)(), double)
 .text._GLOBAL__sub_I_RobotController.cpp
                0x03809e28      0x2e8 build/src/RobotController.o
 .text.vexMain  0x0380a110       0xb0 c:\Users\li_al\AppData\Roaming\Code\User\globalStorage\vexrobotics.vexcode\sdk\cpp\V5\V5_20240802_15_00_00/vexv5\libv5rt.a(v5_startup.c.obj)
                0x0380a110                vexMain
 .text.__vex_function_prolog
                0x0380a1c0       0x18 c:\Users\li_al\AppData\Roaming\Code\User\globalStorage\vexrobotics.vexcode\sdk\cpp\V5\V5_20240802_15_00_00/vexv5\libv5rt.a(v5_startup.c.obj)
                0x0380a1c0                __vex_function_prolog
 .text._init    0x0380a1d8        0x4 c:\Users\li_al\AppData\Roaming\Code\User\globalStorage\vexrobotics.vexcode\sdk\cpp\V5\V5_20240802_15_00_00/vexv5\libv5rt.a(v5_startup.c.obj)
                0x0380a1d8                _init
 .text._fini    0x0380a1dc        0x4 c:\Users\li_al\AppData\Roaming\Code\User\globalStorage\vexrobotics.vexcode\sdk\cpp\V5\V5_20240802_15_00_00/vexv5\libv5rt.a(v5_startup.c.obj)
                0x0380a1dc                _fini
 .text.vexStdlibVersionLinked
                0x0380a1e0        0xc c:\Users\li_al\AppData\Roaming\Code\User\globalStorage\vexrobotics.vexcode\sdk\cpp\V5\V5_20240802_15_00_00/vexv5\libv5rt.a(v5_util.c.obj)
                0x0380a1e0                vexStdlibVersionLinked
 .text.vexStdlibVersionVerify
                0x0380a1ec       0x30 c:\Users\li_al\AppData\Roaming\Code\User\globalStorage\vexrobotics.vexcode\sdk\cpp\V5\V5_20240802_15_00_00/vexv5\libv5rt.a(v5_util.c.obj)
                0x0380a1ec                vexStdlibVersionVerify
 .text.vexPrivateApiEnable
                0x0380a21c       0x10 c:\Users\li_al\AppData\Roaming\Code\User\globalStorage\vexrobotics.vexcode\sdk\cpp\V5\V5_20240802_15_00_00/vexv5\libv5rt.a(v5_apijump.c.obj)
                0x0380a21c                vexPrivateApiEnable
 .text.vexStdlibMismatchError
                0x0380a22c       0x3c c:\Users\li_al\AppData\Roaming\Code\User\globalStorage\vexrobotics.vexcode\sdk\cpp\V5\V5_20240802_15_00_00/vexv5\libv5rt.a(v5_apijump.c.obj)
                0x0380a22c                vexStdlibMismatchError
 .text.vexTaskAdd
                0x0380a268       0x10 c:\Users\li_al\AppData\Roaming\Code\User\globalStorage\vexrobotics.vexcode\sdk\cpp\V5\V5_20240802_15_00_00/vexv5\libv5rt.a(v5_apijump.c.obj)
                0x0380a268                vexTaskAdd
 .text.vexTasksRun
                0x0380a278       0x10 c:\Users\li_al\AppData\Roaming\Code\User\globalStorage\vexrobotics.vexcode\sdk\cpp\V5\V5_20240802_15_00_00/vexv5\libv5rt.a(v5_apijump.c.obj)
                0x0380a278                vexTasksRun
 .text.vexTaskYield
                0x0380a288       0x10 c:\Users\li_al\AppData\Roaming\Code\User\globalStorage\vexrobotics.vexcode\sdk\cpp\V5\V5_20240802_15_00_00/vexv5\libv5rt.a(v5_apijump.c.obj)
                0x0380a288                vexTaskYield
 .text.vexTaskCheckTimeslice
                0x0380a298       0x10 c:\Users\li_al\AppData\Roaming\Code\User\globalStorage\vexrobotics.vexcode\sdk\cpp\V5\V5_20240802_15_00_00/vexv5\libv5rt.a(v5_apijump.c.obj)
                0x0380a298                vexTaskCheckTimeslice
 .text.vexTaskSleep
                0x0380a2a8       0x10 c:\Users\li_al\AppData\Roaming\Code\User\globalStorage\vexrobotics.vexcode\sdk\cpp\V5\V5_20240802_15_00_00/vexv5\libv5rt.a(v5_apijump.c.obj)
                0x0380a2a8                vexTaskSleep
 .text.vexSemaphoreInit
                0x0380a2b8       0x24 c:\Users\li_al\AppData\Roaming\Code\User\globalStorage\vexrobotics.vexcode\sdk\cpp\V5\V5_20240802_15_00_00/vexv5\libv5rt.a(v5_apijump.c.obj)
                0x0380a2b8                vexSemaphoreInit
 .text.vexSemaphoreLock
                0x0380a2dc       0x2c c:\Users\li_al\AppData\Roaming\Code\User\globalStorage\vexrobotics.vexcode\sdk\cpp\V5\V5_20240802_15_00_00/vexv5\libv5rt.a(v5_apijump.c.obj)
                0x0380a2dc                vexSemaphoreLock
 .text.vexSemaphoreUnlock
                0x0380a308       0x24 c:\Users\li_al\AppData\Roaming\Code\User\globalStorage\vexrobotics.vexcode\sdk\cpp\V5\V5_20240802_15_00_00/vexv5\libv5rt.a(v5_apijump.c.obj)
                0x0380a308                vexSemaphoreUnlock
 .text.vexTasksDump
                0x0380a32c       0x1c c:\Users\li_al\AppData\Roaming\Code\User\globalStorage\vexrobotics.vexcode\sdk\cpp\V5\V5_20240802_15_00_00/vexv5\libv5rt.a(v5_apijump.c.obj)
                0x0380a32c                vexTasksDump
 .text.vexTaskGetTaskIndex
                0x0380a348       0x10 c:\Users\li_al\AppData\Roaming\Code\User\globalStorage\vexrobotics.vexcode\sdk\cpp\V5\V5_20240802_15_00_00/vexv5\libv5rt.a(v5_apijump.c.obj)
                0x0380a348                vexTaskGetTaskIndex
 .text.vexTaskStopAll
                0x0380a358       0x10 c:\Users\li_al\AppData\Roaming\Code\User\globalStorage\vexrobotics.vexcode\sdk\cpp\V5\V5_20240802_15_00_00/vexv5\libv5rt.a(v5_apijump.c.obj)
                0x0380a358                vexTaskStopAll
 .text.vexTaskRemoveAllUser
                0x0380a368       0x34 c:\Users\li_al\AppData\Roaming\Code\User\globalStorage\vexrobotics.vexcode\sdk\cpp\V5\V5_20240802_15_00_00/vexv5\libv5rt.a(v5_apijump.c.obj)
                0x0380a368                vexTaskRemoveAllUser
 .text.vexTaskCompletionIdSet
                0x0380a39c       0x10 c:\Users\li_al\AppData\Roaming\Code\User\globalStorage\vexrobotics.vexcode\sdk\cpp\V5\V5_20240802_15_00_00/vexv5\libv5rt.a(v5_apijump.c.obj)
                0x0380a39c                vexTaskCompletionIdSet
 .text.vexTaskAddWithArg
                0x0380a3ac       0x10 c:\Users\li_al\AppData\Roaming\Code\User\globalStorage\vexrobotics.vexcode\sdk\cpp\V5\V5_20240802_15_00_00/vexv5\libv5rt.a(v5_apijump.c.obj)
                0x0380a3ac                vexTaskAddWithArg
 .text.vexTaskAddWithPriorityWithArg
                0x0380a3bc       0x10 c:\Users\li_al\AppData\Roaming\Code\User\globalStorage\vexrobotics.vexcode\sdk\cpp\V5\V5_20240802_15_00_00/vexv5\libv5rt.a(v5_apijump.c.obj)
                0x0380a3bc                vexTaskAddWithPriorityWithArg
 .text.vexTaskStopWithId
                0x0380a3cc       0x10 c:\Users\li_al\AppData\Roaming\Code\User\globalStorage\vexrobotics.vexcode\sdk\cpp\V5\V5_20240802_15_00_00/vexv5\libv5rt.a(v5_apijump.c.obj)
                0x0380a3cc                vexTaskStopWithId
 .text.vexCriticalSection
                0x0380a3dc       0x2c c:\Users\li_al\AppData\Roaming\Code\User\globalStorage\vexrobotics.vexcode\sdk\cpp\V5\V5_20240802_15_00_00/vexv5\libv5rt.a(v5_apijump.c.obj)
                0x0380a3dc                vexCriticalSection
 .text.vexEventAdd
                0x0380a408       0x34 c:\Users\li_al\AppData\Roaming\Code\User\globalStorage\vexrobotics.vexcode\sdk\cpp\V5\V5_20240802_15_00_00/vexv5\libv5rt.a(v5_apijump.c.obj)
                0x0380a408                vexEventAdd
 .text.vexEventUserIndexGet
                0x0380a43c       0x1c c:\Users\li_al\AppData\Roaming\Code\User\globalStorage\vexrobotics.vexcode\sdk\cpp\V5\V5_20240802_15_00_00/vexv5\libv5rt.a(v5_apijump.c.obj)
                0x0380a43c                vexEventUserIndexGet
 .text.vexEventAddWithArg
                0x0380a458       0x3c c:\Users\li_al\AppData\Roaming\Code\User\globalStorage\vexrobotics.vexcode\sdk\cpp\V5\V5_20240802_15_00_00/vexv5\libv5rt.a(v5_apijump.c.obj)
                0x0380a458                vexEventAddWithArg
 .text.vexEventsCleanup
                0x0380a494       0x2c c:\Users\li_al\AppData\Roaming\Code\User\globalStorage\vexrobotics.vexcode\sdk\cpp\V5\V5_20240802_15_00_00/vexv5\libv5rt.a(v5_apijump.c.obj)
                0x0380a494                vexEventsCleanup
 .text.vexDebug
                0x0380a4c0       0x38 c:\Users\li_al\AppData\Roaming\Code\User\globalStorage\vexrobotics.vexcode\sdk\cpp\V5\V5_20240802_15_00_00/vexv5\libv5rt.a(v5_apijump.c.obj)
                0x0380a4c0                vexDebug
 .text.vex_sprintf
                0x0380a4f8       0x40 c:\Users\li_al\AppData\Roaming\Code\User\globalStorage\vexrobotics.vexcode\sdk\cpp\V5\V5_20240802_15_00_00/vexv5\libv5rt.a(v5_apijump.c.obj)
                0x0380a4f8                vex_sprintf
 .text.vex_vsnprintf
                0x0380a538       0x3c c:\Users\li_al\AppData\Roaming\Code\User\globalStorage\vexrobotics.vexcode\sdk\cpp\V5\V5_20240802_15_00_00/vexv5\libv5rt.a(v5_apijump.c.obj)
                0x0380a538                vex_vsnprintf
 .text.vexSystemTimeGet
                0x0380a574       0x1c c:\Users\li_al\AppData\Roaming\Code\User\globalStorage\vexrobotics.vexcode\sdk\cpp\V5\V5_20240802_15_00_00/vexv5\libv5rt.a(v5_apijump.c.obj)
                0x0380a574                vexSystemTimeGet
 .text.vexSystemExitRequest
                0x0380a590       0x1c c:\Users\li_al\AppData\Roaming\Code\User\globalStorage\vexrobotics.vexcode\sdk\cpp\V5\V5_20240802_15_00_00/vexv5\libv5rt.a(v5_apijump.c.obj)
                0x0380a590                vexSystemExitRequest
 .text.vexDeviceGetByIndex
                0x0380a5ac       0x24 c:\Users\li_al\AppData\Roaming\Code\User\globalStorage\vexrobotics.vexcode\sdk\cpp\V5\V5_20240802_15_00_00/vexv5\libv5rt.a(v5_apijump.c.obj)
                0x0380a5ac                vexDeviceGetByIndex
 .text.vexControllerGet
                0x0380a5d0       0x2c c:\Users\li_al\AppData\Roaming\Code\User\globalStorage\vexrobotics.vexcode\sdk\cpp\V5\V5_20240802_15_00_00/vexv5\libv5rt.a(v5_apijump.c.obj)
                0x0380a5d0                vexControllerGet
 .text.vexControllerTextSet
                0x0380a5fc       0x74 c:\Users\li_al\AppData\Roaming\Code\User\globalStorage\vexrobotics.vexcode\sdk\cpp\V5\V5_20240802_15_00_00/vexv5\libv5rt.a(v5_apijump.c.obj)
                0x0380a5fc                vexControllerTextSet
 .text.vexDeviceAdiPortConfigSet
                0x0380a670       0x34 c:\Users\li_al\AppData\Roaming\Code\User\globalStorage\vexrobotics.vexcode\sdk\cpp\V5\V5_20240802_15_00_00/vexv5\libv5rt.a(v5_apijump.c.obj)
                0x0380a670                vexDeviceAdiPortConfigSet
 .text.vexDeviceAdiPortConfigGet
                0x0380a6a4       0x2c c:\Users\li_al\AppData\Roaming\Code\User\globalStorage\vexrobotics.vexcode\sdk\cpp\V5\V5_20240802_15_00_00/vexv5\libv5rt.a(v5_apijump.c.obj)
                0x0380a6a4                vexDeviceAdiPortConfigGet
 .text.vexDeviceAdiValueSet
                0x0380a6d0       0x34 c:\Users\li_al\AppData\Roaming\Code\User\globalStorage\vexrobotics.vexcode\sdk\cpp\V5\V5_20240802_15_00_00/vexv5\libv5rt.a(v5_apijump.c.obj)
                0x0380a6d0                vexDeviceAdiValueSet
 .text.vexDeviceAdiValueGet
                0x0380a704       0x2c c:\Users\li_al\AppData\Roaming\Code\User\globalStorage\vexrobotics.vexcode\sdk\cpp\V5\V5_20240802_15_00_00/vexv5\libv5rt.a(v5_apijump.c.obj)
                0x0380a704                vexDeviceAdiValueGet
 .text.vexDeviceMotorVelocitySet
                0x0380a730       0x2c c:\Users\li_al\AppData\Roaming\Code\User\globalStorage\vexrobotics.vexcode\sdk\cpp\V5\V5_20240802_15_00_00/vexv5\libv5rt.a(v5_apijump.c.obj)
                0x0380a730                vexDeviceMotorVelocitySet
 .text.vexDeviceMotorVoltageSet
                0x0380a75c       0x2c c:\Users\li_al\AppData\Roaming\Code\User\globalStorage\vexrobotics.vexcode\sdk\cpp\V5\V5_20240802_15_00_00/vexv5\libv5rt.a(v5_apijump.c.obj)
                0x0380a75c                vexDeviceMotorVoltageSet
 .text.vexDeviceMotorActualVelocityGet
                0x0380a788       0x24 c:\Users\li_al\AppData\Roaming\Code\User\globalStorage\vexrobotics.vexcode\sdk\cpp\V5\V5_20240802_15_00_00/vexv5\libv5rt.a(v5_apijump.c.obj)
                0x0380a788                vexDeviceMotorActualVelocityGet
 .text.vexDeviceMotorCurrentLimitSet
                0x0380a7ac       0x2c c:\Users\li_al\AppData\Roaming\Code\User\globalStorage\vexrobotics.vexcode\sdk\cpp\V5\V5_20240802_15_00_00/vexv5\libv5rt.a(v5_apijump.c.obj)
                0x0380a7ac                vexDeviceMotorCurrentLimitSet
 .text.vexDeviceMotorTemperatureGet
                0x0380a7d8       0x24 c:\Users\li_al\AppData\Roaming\Code\User\globalStorage\vexrobotics.vexcode\sdk\cpp\V5\V5_20240802_15_00_00/vexv5\libv5rt.a(v5_apijump.c.obj)
                0x0380a7d8                vexDeviceMotorTemperatureGet
 .text.vexDeviceMotorReverseFlagSet
                0x0380a7fc       0x2c c:\Users\li_al\AppData\Roaming\Code\User\globalStorage\vexrobotics.vexcode\sdk\cpp\V5\V5_20240802_15_00_00/vexv5\libv5rt.a(v5_apijump.c.obj)
                0x0380a7fc                vexDeviceMotorReverseFlagSet
 .text.vexDeviceMotorEncoderUnitsSet
                0x0380a828       0x2c c:\Users\li_al\AppData\Roaming\Code\User\globalStorage\vexrobotics.vexcode\sdk\cpp\V5\V5_20240802_15_00_00/vexv5\libv5rt.a(v5_apijump.c.obj)
                0x0380a828                vexDeviceMotorEncoderUnitsSet
 .text.vexDeviceMotorBrakeModeSet
                0x0380a854       0x2c c:\Users\li_al\AppData\Roaming\Code\User\globalStorage\vexrobotics.vexcode\sdk\cpp\V5\V5_20240802_15_00_00/vexv5\libv5rt.a(v5_apijump.c.obj)
                0x0380a854                vexDeviceMotorBrakeModeSet
 .text.vexDeviceMotorPositionSet
                0x0380a880       0x34 c:\Users\li_al\AppData\Roaming\Code\User\globalStorage\vexrobotics.vexcode\sdk\cpp\V5\V5_20240802_15_00_00/vexv5\libv5rt.a(v5_apijump.c.obj)
                0x0380a880                vexDeviceMotorPositionSet
 .text.vexDeviceMotorPositionGet
                0x0380a8b4       0x24 c:\Users\li_al\AppData\Roaming\Code\User\globalStorage\vexrobotics.vexcode\sdk\cpp\V5\V5_20240802_15_00_00/vexv5\libv5rt.a(v5_apijump.c.obj)
                0x0380a8b4                vexDeviceMotorPositionGet
 .text.vexDeviceMotorGearingSet
                0x0380a8d8       0x2c c:\Users\li_al\AppData\Roaming\Code\User\globalStorage\vexrobotics.vexcode\sdk\cpp\V5\V5_20240802_15_00_00/vexv5\libv5rt.a(v5_apijump.c.obj)
                0x0380a8d8                vexDeviceMotorGearingSet
 .text.vexDeviceMotorGearingGet
                0x0380a904       0x24 c:\Users\li_al\AppData\Roaming\Code\User\globalStorage\vexrobotics.vexcode\sdk\cpp\V5\V5_20240802_15_00_00/vexv5\libv5rt.a(v5_apijump.c.obj)
                0x0380a904                vexDeviceMotorGearingGet
 .text.vexDeviceImuReset
                0x0380a928       0x24 c:\Users\li_al\AppData\Roaming\Code\User\globalStorage\vexrobotics.vexcode\sdk\cpp\V5\V5_20240802_15_00_00/vexv5\libv5rt.a(v5_apijump.c.obj)
                0x0380a928                vexDeviceImuReset
 .text.vexDeviceImuHeadingGet
                0x0380a94c       0x24 c:\Users\li_al\AppData\Roaming\Code\User\globalStorage\vexrobotics.vexcode\sdk\cpp\V5\V5_20240802_15_00_00/vexv5\libv5rt.a(v5_apijump.c.obj)
                0x0380a94c                vexDeviceImuHeadingGet
 .text.vexDeviceImuDegreesGet
                0x0380a970       0x24 c:\Users\li_al\AppData\Roaming\Code\User\globalStorage\vexrobotics.vexcode\sdk\cpp\V5\V5_20240802_15_00_00/vexv5\libv5rt.a(v5_apijump.c.obj)
                0x0380a970                vexDeviceImuDegreesGet
 .text.vexDeviceImuStatusGet
                0x0380a994       0x24 c:\Users\li_al\AppData\Roaming\Code\User\globalStorage\vexrobotics.vexcode\sdk\cpp\V5\V5_20240802_15_00_00/vexv5\libv5rt.a(v5_apijump.c.obj)
                0x0380a994                vexDeviceImuStatusGet
 .text.vexDeviceAbsEncPositionSet
                0x0380a9b8       0x2c c:\Users\li_al\AppData\Roaming\Code\User\globalStorage\vexrobotics.vexcode\sdk\cpp\V5\V5_20240802_15_00_00/vexv5\libv5rt.a(v5_apijump.c.obj)
                0x0380a9b8                vexDeviceAbsEncPositionSet
 .text.vexDeviceAbsEncPositionGet
                0x0380a9e4       0x24 c:\Users\li_al\AppData\Roaming\Code\User\globalStorage\vexrobotics.vexcode\sdk\cpp\V5\V5_20240802_15_00_00/vexv5\libv5rt.a(v5_apijump.c.obj)
                0x0380a9e4                vexDeviceAbsEncPositionGet
 .text.vexDeviceAbsEncAngleGet
                0x0380aa08       0x24 c:\Users\li_al\AppData\Roaming\Code\User\globalStorage\vexrobotics.vexcode\sdk\cpp\V5\V5_20240802_15_00_00/vexv5\libv5rt.a(v5_apijump.c.obj)
                0x0380aa08                vexDeviceAbsEncAngleGet
 .text.vexDeviceAbsEncReverseFlagSet
                0x0380aa2c       0x2c c:\Users\li_al\AppData\Roaming\Code\User\globalStorage\vexrobotics.vexcode\sdk\cpp\V5\V5_20240802_15_00_00/vexv5\libv5rt.a(v5_apijump.c.obj)
                0x0380aa2c                vexDeviceAbsEncReverseFlagSet
 .text.vexDeviceAbsEncDataRateSet
                0x0380aa58       0x40 c:\Users\li_al\AppData\Roaming\Code\User\globalStorage\vexrobotics.vexcode\sdk\cpp\V5\V5_20240802_15_00_00/vexv5\libv5rt.a(v5_apijump.c.obj)
                0x0380aa58                vexDeviceAbsEncDataRateSet
 .text.vexDeviceOpticalHueGet
                0x0380aa98       0x24 c:\Users\li_al\AppData\Roaming\Code\User\globalStorage\vexrobotics.vexcode\sdk\cpp\V5\V5_20240802_15_00_00/vexv5\libv5rt.a(v5_apijump.c.obj)
                0x0380aa98                vexDeviceOpticalHueGet
 .text.vexDeviceOpticalProximityGet
                0x0380aabc       0x24 c:\Users\li_al\AppData\Roaming\Code\User\globalStorage\vexrobotics.vexcode\sdk\cpp\V5\V5_20240802_15_00_00/vexv5\libv5rt.a(v5_apijump.c.obj)
                0x0380aabc                vexDeviceOpticalProximityGet
 .text.vexDeviceOpticalLedPwmSet
                0x0380aae0       0x2c c:\Users\li_al\AppData\Roaming\Code\User\globalStorage\vexrobotics.vexcode\sdk\cpp\V5\V5_20240802_15_00_00/vexv5\libv5rt.a(v5_apijump.c.obj)
                0x0380aae0                vexDeviceOpticalLedPwmSet
 .text.vexDeviceOpticalGestureEnable
                0x0380ab0c       0x24 c:\Users\li_al\AppData\Roaming\Code\User\globalStorage\vexrobotics.vexcode\sdk\cpp\V5\V5_20240802_15_00_00/vexv5\libv5rt.a(v5_apijump.c.obj)
                0x0380ab0c                vexDeviceOpticalGestureEnable
 .text.vexDeviceOpticalGestureDisable
                0x0380ab30       0x24 c:\Users\li_al\AppData\Roaming\Code\User\globalStorage\vexrobotics.vexcode\sdk\cpp\V5\V5_20240802_15_00_00/vexv5\libv5rt.a(v5_apijump.c.obj)
                0x0380ab30                vexDeviceOpticalGestureDisable
 .text.vexDeviceOpticalProximityThreshold
                0x0380ab54       0x2c c:\Users\li_al\AppData\Roaming\Code\User\globalStorage\vexrobotics.vexcode\sdk\cpp\V5\V5_20240802_15_00_00/vexv5\libv5rt.a(v5_apijump.c.obj)
                0x0380ab54                vexDeviceOpticalProximityThreshold
 .text.vexDeviceDistanceDistanceGet
                0x0380ab80       0x24 c:\Users\li_al\AppData\Roaming\Code\User\globalStorage\vexrobotics.vexcode\sdk\cpp\V5\V5_20240802_15_00_00/vexv5\libv5rt.a(v5_apijump.c.obj)
                0x0380ab80                vexDeviceDistanceDistanceGet
 .text.vexDisplayForegroundColor
                0x0380aba4       0x24 c:\Users\li_al\AppData\Roaming\Code\User\globalStorage\vexrobotics.vexcode\sdk\cpp\V5\V5_20240802_15_00_00/vexv5\libv5rt.a(v5_apijump.c.obj)
                0x0380aba4                vexDisplayForegroundColor
 .text.vexDisplayBackgroundColor
                0x0380abc8       0x24 c:\Users\li_al\AppData\Roaming\Code\User\globalStorage\vexrobotics.vexcode\sdk\cpp\V5\V5_20240802_15_00_00/vexv5\libv5rt.a(v5_apijump.c.obj)
                0x0380abc8                vexDisplayBackgroundColor
 .text.vexDisplayPixelSet
                0x0380abec       0x38 c:\Users\li_al\AppData\Roaming\Code\User\globalStorage\vexrobotics.vexcode\sdk\cpp\V5\V5_20240802_15_00_00/vexv5\libv5rt.a(v5_apijump.c.obj)
                0x0380abec                vexDisplayPixelSet
 .text.vexDisplayTextReference
                0x0380ac24       0x24 c:\Users\li_al\AppData\Roaming\Code\User\globalStorage\vexrobotics.vexcode\sdk\cpp\V5\V5_20240802_15_00_00/vexv5\libv5rt.a(v5_apijump.c.obj)
                0x0380ac24                vexDisplayTextReference
 .text.vexDisplayTextSize
                0x0380ac48       0x2c c:\Users\li_al\AppData\Roaming\Code\User\globalStorage\vexrobotics.vexcode\sdk\cpp\V5\V5_20240802_15_00_00/vexv5\libv5rt.a(v5_apijump.c.obj)
                0x0380ac48                vexDisplayTextSize
 .text.vexDisplayFontNamedSet
                0x0380ac74       0x24 c:\Users\li_al\AppData\Roaming\Code\User\globalStorage\vexrobotics.vexcode\sdk\cpp\V5\V5_20240802_15_00_00/vexv5\libv5rt.a(v5_apijump.c.obj)
                0x0380ac74                vexDisplayFontNamedSet
 .text.vexSystemStdlibImpureDataAddr
                0x0380ac98       0x28 c:\Users\li_al\AppData\Roaming\Code\User\globalStorage\vexrobotics.vexcode\sdk\cpp\V5\V5_20240802_15_00_00/vexv5\libv5rt.a(v5_apijump.c.obj)
                0x0380ac98                vexSystemStdlibImpureDataAddr
 .text.vexSystemStdlibImpureDataSize
                0x0380acc0       0x28 c:\Users\li_al\AppData\Roaming\Code\User\globalStorage\vexrobotics.vexcode\sdk\cpp\V5\V5_20240802_15_00_00/vexv5\libv5rt.a(v5_apijump.c.obj)
                0x0380acc0                vexSystemStdlibImpureDataSize
 .text.vexSystemSaveUserData
                0x0380ace8       0x3c c:\Users\li_al\AppData\Roaming\Code\User\globalStorage\vexrobotics.vexcode\sdk\cpp\V5\V5_20240802_15_00_00/vexv5\libv5rt.a(v5_apijump.c.obj)
                0x0380ace8                vexSystemSaveUserData
 .text.vexDisplayThemeIdGet
                0x0380ad24       0x38 c:\Users\li_al\AppData\Roaming\Code\User\globalStorage\vexrobotics.vexcode\sdk\cpp\V5\V5_20240802_15_00_00/vexv5\libv5rt.a(v5_apijump.c.obj)
                0x0380ad24                vexDisplayThemeIdGet
 .text.vexDeviceEventMaskSet
                0x0380ad5c       0x48 c:\Users\li_al\AppData\Roaming\Code\User\globalStorage\vexrobotics.vexcode\sdk\cpp\V5\V5_20240802_15_00_00/vexv5\libv5rt.a(v5_apijump.c.obj)
                0x0380ad5c                vexDeviceEventMaskSet
 .text.vexDeviceEventMaskGet
                0x0380ada4       0x3c c:\Users\li_al\AppData\Roaming\Code\User\globalStorage\vexrobotics.vexcode\sdk\cpp\V5\V5_20240802_15_00_00/vexv5\libv5rt.a(v5_apijump.c.obj)
                0x0380ada4                vexDeviceEventMaskGet
 .text.vexSystemVersion
                0x0380ade0       0x10 c:\Users\li_al\AppData\Roaming\Code\User\globalStorage\vexrobotics.vexcode\sdk\cpp\V5\V5_20240802_15_00_00/vexv5\libv5rt.a(v5_apiversions.c.obj)
                0x0380ade0                vexSystemVersion
 .text.vexStdlibVersion
                0x0380adf0       0x10 c:\Users\li_al\AppData\Roaming\Code\User\globalStorage\vexrobotics.vexcode\sdk\cpp\V5\V5_20240802_15_00_00/vexv5\libv5rt.a(v5_apiversions.c.obj)
                0x0380adf0                vexStdlibVersion
 .text._ZN3vex4waitEdNS_9timeUnitsE
                0x0380ae00       0x30 c:\Users\li_al\AppData\Roaming\Code\User\globalStorage\vexrobotics.vexcode\sdk\cpp\V5\V5_20240802_15_00_00/vexv5\libv5rt.a(vex_global.cpp.obj)
                0x0380ae00                vex::wait(double, vex::timeUnits)
 .text._ZN3vex5motorD2Ev
                0x0380ae30       0x20 c:\Users\li_al\AppData\Roaming\Code\User\globalStorage\vexrobotics.vexcode\sdk\cpp\V5\V5_20240802_15_00_00/vexv5\libv5rt.a(vex_motor.cpp.obj)
                0x0380ae30                vex::motor::~motor()
                0x0380ae30                vex::motor::~motor()
 .text._ZN3vex5motorD0Ev
                0x0380ae50       0x1c c:\Users\li_al\AppData\Roaming\Code\User\globalStorage\vexrobotics.vexcode\sdk\cpp\V5\V5_20240802_15_00_00/vexv5\libv5rt.a(vex_motor.cpp.obj)
                0x0380ae50                vex::motor::~motor()
 .text._ZN3vex5motor9installedEv
                0x0380ae6c       0x18 c:\Users\li_al\AppData\Roaming\Code\User\globalStorage\vexrobotics.vexcode\sdk\cpp\V5\V5_20240802_15_00_00/vexv5\libv5rt.a(vex_motor.cpp.obj)
                0x0380ae6c                vex::motor::installed()
 .text._ZN3vex5motor15defaultStoppingENS_9brakeTypeE
                0x0380ae84       0x30 c:\Users\li_al\AppData\Roaming\Code\User\globalStorage\vexrobotics.vexcode\sdk\cpp\V5\V5_20240802_15_00_00/vexv5\libv5rt.a(vex_motor.cpp.obj)
                0x0380ae84                vex::motor::defaultStopping(vex::brakeType)
 .text._ZN3vex5motorC2El
                0x0380aeb4       0x78 c:\Users\li_al\AppData\Roaming\Code\User\globalStorage\vexrobotics.vexcode\sdk\cpp\V5\V5_20240802_15_00_00/vexv5\libv5rt.a(vex_motor.cpp.obj)
                0x0380aeb4                vex::motor::motor(long)
                0x0380aeb4                vex::motor::motor(long)
 .text._ZN3vex5motorC2ElNS_11gearSettingEb
                0x0380af2c       0x34 c:\Users\li_al\AppData\Roaming\Code\User\globalStorage\vexrobotics.vexcode\sdk\cpp\V5\V5_20240802_15_00_00/vexv5\libv5rt.a(vex_motor.cpp.obj)
                0x0380af2c                vex::motor::motor(long, vex::gearSetting, bool)
                0x0380af2c                vex::motor::motor(long, vex::gearSetting, bool)
 .text._ZN3vex5motor4spinENS_13directionTypeEdNS_12voltageUnitsE
                0x0380af60       0x50 c:\Users\li_al\AppData\Roaming\Code\User\globalStorage\vexrobotics.vexcode\sdk\cpp\V5\V5_20240802_15_00_00/vexv5\libv5rt.a(vex_motor.cpp.obj)
                0x0380af60                vex::motor::spin(vex::directionType, double, vex::voltageUnits)
 .text._ZN3vex5motor4stopENS_9brakeTypeE
                0x0380afb0       0x30 c:\Users\li_al\AppData\Roaming\Code\User\globalStorage\vexrobotics.vexcode\sdk\cpp\V5\V5_20240802_15_00_00/vexv5\libv5rt.a(vex_motor.cpp.obj)
                0x0380afb0                vex::motor::stop(vex::brakeType)
 .text._ZN3vex5motor4stopEv
                0x0380afe0        0x8 c:\Users\li_al\AppData\Roaming\Code\User\globalStorage\vexrobotics.vexcode\sdk\cpp\V5\V5_20240802_15_00_00/vexv5\libv5rt.a(vex_motor.cpp.obj)
                0x0380afe0                vex::motor::stop()
 .text._ZN3vex5motor12setMaxTorqueEdNS_12currentUnitsE
                0x0380afe8       0x28 c:\Users\li_al\AppData\Roaming\Code\User\globalStorage\vexrobotics.vexcode\sdk\cpp\V5\V5_20240802_15_00_00/vexv5\libv5rt.a(vex_motor.cpp.obj)
                0x0380afe8                vex::motor::setMaxTorque(double, vex::currentUnits)
 .text._ZN3vex5motor11temperatureENS_16temperatureUnitsE
                0x0380b010       0x40 c:\Users\li_al\AppData\Roaming\Code\User\globalStorage\vexrobotics.vexcode\sdk\cpp\V5\V5_20240802_15_00_00/vexv5\libv5rt.a(vex_motor.cpp.obj)
                0x0380b010                vex::motor::temperature(vex::temperatureUnits)
 .text._ZN3vex5motor16velocityToScaledEdNS_13velocityUnitsE
                0x0380b050       0x5c c:\Users\li_al\AppData\Roaming\Code\User\globalStorage\vexrobotics.vexcode\sdk\cpp\V5\V5_20240802_15_00_00/vexv5\libv5rt.a(vex_motor.cpp.obj)
                0x0380b050                vex::motor::velocityToScaled(double, vex::velocityUnits)
 .text._ZN3vex5motor8velocityENS_13velocityUnitsE
                0x0380b0ac       0x30 c:\Users\li_al\AppData\Roaming\Code\User\globalStorage\vexrobotics.vexcode\sdk\cpp\V5\V5_20240802_15_00_00/vexv5\libv5rt.a(vex_motor.cpp.obj)
                0x0380b0ac                vex::motor::velocity(vex::velocityUnits)
 .text._ZN3vex5motor5valueEv
                0x0380b0dc       0x1c c:\Users\li_al\AppData\Roaming\Code\User\globalStorage\vexrobotics.vexcode\sdk\cpp\V5\V5_20240802_15_00_00/vexv5\libv5rt.a(vex_motor.cpp.obj)
                0x0380b0dc                vex::motor::value()
 .text._ZN3vex5motor16setRotationUnitsENS_13rotationUnitsE
                0x0380b0f8       0x1c c:\Users\li_al\AppData\Roaming\Code\User\globalStorage\vexrobotics.vexcode\sdk\cpp\V5\V5_20240802_15_00_00/vexv5\libv5rt.a(vex_motor.cpp.obj)
                0x0380b0f8                vex::motor::setRotationUnits(vex::rotationUnits)
 .text._ZN3vex5motor11setPositionEdNS_13rotationUnitsE
                0x0380b114       0x44 c:\Users\li_al\AppData\Roaming\Code\User\globalStorage\vexrobotics.vexcode\sdk\cpp\V5\V5_20240802_15_00_00/vexv5\libv5rt.a(vex_motor.cpp.obj)
                0x0380b114                vex::motor::setPosition(double, vex::rotationUnits)
 .text._ZN3vex5motor13resetPositionEv
                0x0380b158       0x20 c:\Users\li_al\AppData\Roaming\Code\User\globalStorage\vexrobotics.vexcode\sdk\cpp\V5\V5_20240802_15_00_00/vexv5\libv5rt.a(vex_motor.cpp.obj)
                0x0380b158                vex::motor::resetPosition()
 .text._ZN3vex5motor8positionENS_13rotationUnitsE
                0x0380b178       0x44 c:\Users\li_al\AppData\Roaming\Code\User\globalStorage\vexrobotics.vexcode\sdk\cpp\V5\V5_20240802_15_00_00/vexv5\libv5rt.a(vex_motor.cpp.obj)
                0x0380b178                vex::motor::position(vex::rotationUnits)
 .text._ZN3vex8inertial11getTurnTypeEv
                0x0380b1bc        0x8 c:\Users\li_al\AppData\Roaming\Code\User\globalStorage\vexrobotics.vexcode\sdk\cpp\V5\V5_20240802_15_00_00/vexv5\libv5rt.a(vex_imu.cpp.obj)
                0x0380b1bc                vex::inertial::getTurnType()
 .text._ZThn16_N3vex8inertial11getTurnTypeEv
                0x0380b1c4        0x8 c:\Users\li_al\AppData\Roaming\Code\User\globalStorage\vexrobotics.vexcode\sdk\cpp\V5\V5_20240802_15_00_00/vexv5\libv5rt.a(vex_imu.cpp.obj)
                0x0380b1c4                non-virtual thunk to vex::inertial::getTurnType()
 *fill*         0x0380b1cc        0x4 
 .text._ZN3vex8inertial10setHeadingEdNS_13rotationUnitsE
                0x0380b1d0       0x58 c:\Users\li_al\AppData\Roaming\Code\User\globalStorage\vexrobotics.vexcode\sdk\cpp\V5\V5_20240802_15_00_00/vexv5\libv5rt.a(vex_imu.cpp.obj)
                0x0380b1d0                vex::inertial::setHeading(double, vex::rotationUnits)
 .text._ZThn16_N3vex8inertial10setHeadingEdNS_13rotationUnitsE
                0x0380b228        0x8 c:\Users\li_al\AppData\Roaming\Code\User\globalStorage\vexrobotics.vexcode\sdk\cpp\V5\V5_20240802_15_00_00/vexv5\libv5rt.a(vex_imu.cpp.obj)
                0x0380b228                non-virtual thunk to vex::inertial::setHeading(double, vex::rotationUnits)
 .text._ZN3vex8inertial11setRotationEdNS_13rotationUnitsE
                0x0380b230       0x58 c:\Users\li_al\AppData\Roaming\Code\User\globalStorage\vexrobotics.vexcode\sdk\cpp\V5\V5_20240802_15_00_00/vexv5\libv5rt.a(vex_imu.cpp.obj)
                0x0380b230                vex::inertial::setRotation(double, vex::rotationUnits)
 .text._ZThn16_N3vex8inertial11setRotationEdNS_13rotationUnitsE
                0x0380b288        0x8 c:\Users\li_al\AppData\Roaming\Code\User\globalStorage\vexrobotics.vexcode\sdk\cpp\V5\V5_20240802_15_00_00/vexv5\libv5rt.a(vex_imu.cpp.obj)
                0x0380b288                non-virtual thunk to vex::inertial::setRotation(double, vex::rotationUnits)
 .text._ZN3vex8inertialD2Ev
                0x0380b290       0x20 c:\Users\li_al\AppData\Roaming\Code\User\globalStorage\vexrobotics.vexcode\sdk\cpp\V5\V5_20240802_15_00_00/vexv5\libv5rt.a(vex_imu.cpp.obj)
                0x0380b290                vex::inertial::~inertial()
                0x0380b290                vex::inertial::~inertial()
 .text._ZThn16_N3vex8inertialD1Ev
                0x0380b2b0        0x8 c:\Users\li_al\AppData\Roaming\Code\User\globalStorage\vexrobotics.vexcode\sdk\cpp\V5\V5_20240802_15_00_00/vexv5\libv5rt.a(vex_imu.cpp.obj)
                0x0380b2b0                non-virtual thunk to vex::inertial::~inertial()
 .text._ZN3vex8inertialD0Ev
                0x0380b2b8       0x1c c:\Users\li_al\AppData\Roaming\Code\User\globalStorage\vexrobotics.vexcode\sdk\cpp\V5\V5_20240802_15_00_00/vexv5\libv5rt.a(vex_imu.cpp.obj)
                0x0380b2b8                vex::inertial::~inertial()
 .text._ZThn16_N3vex8inertialD0Ev
                0x0380b2d4        0x8 c:\Users\li_al\AppData\Roaming\Code\User\globalStorage\vexrobotics.vexcode\sdk\cpp\V5\V5_20240802_15_00_00/vexv5\libv5rt.a(vex_imu.cpp.obj)
                0x0380b2d4                non-virtual thunk to vex::inertial::~inertial()
 .text._ZN3vex8inertial9installedEv
                0x0380b2dc       0x18 c:\Users\li_al\AppData\Roaming\Code\User\globalStorage\vexrobotics.vexcode\sdk\cpp\V5\V5_20240802_15_00_00/vexv5\libv5rt.a(vex_imu.cpp.obj)
                0x0380b2dc                vex::inertial::installed()
 .text._ZN3vex8inertial5angleENS_13rotationUnitsE
                0x0380b2f4       0x6c c:\Users\li_al\AppData\Roaming\Code\User\globalStorage\vexrobotics.vexcode\sdk\cpp\V5\V5_20240802_15_00_00/vexv5\libv5rt.a(vex_imu.cpp.obj)
                0x0380b2f4                vex::inertial::angle(vex::rotationUnits)
 .text._ZThn16_N3vex8inertial5angleENS_13rotationUnitsE
                0x0380b360        0x8 c:\Users\li_al\AppData\Roaming\Code\User\globalStorage\vexrobotics.vexcode\sdk\cpp\V5\V5_20240802_15_00_00/vexv5\libv5rt.a(vex_imu.cpp.obj)
                0x0380b360                non-virtual thunk to vex::inertial::angle(vex::rotationUnits)
 .text._ZN3vex8inertial7headingENS_13rotationUnitsE
                0x0380b368        0x4 c:\Users\li_al\AppData\Roaming\Code\User\globalStorage\vexrobotics.vexcode\sdk\cpp\V5\V5_20240802_15_00_00/vexv5\libv5rt.a(vex_imu.cpp.obj)
                0x0380b368                vex::inertial::heading(vex::rotationUnits)
 .text._ZThn16_N3vex8inertial7headingENS_13rotationUnitsE
                0x0380b36c        0x8 c:\Users\li_al\AppData\Roaming\Code\User\globalStorage\vexrobotics.vexcode\sdk\cpp\V5\V5_20240802_15_00_00/vexv5\libv5rt.a(vex_imu.cpp.obj)
                0x0380b36c                non-virtual thunk to vex::inertial::heading(vex::rotationUnits)
 .text._ZN3vex8inertial5valueEv
                0x0380b374       0x1c c:\Users\li_al\AppData\Roaming\Code\User\globalStorage\vexrobotics.vexcode\sdk\cpp\V5\V5_20240802_15_00_00/vexv5\libv5rt.a(vex_imu.cpp.obj)
                0x0380b374                vex::inertial::value()
 .text._ZN3vex8inertial8rotationENS_13rotationUnitsE
                0x0380b390       0x48 c:\Users\li_al\AppData\Roaming\Code\User\globalStorage\vexrobotics.vexcode\sdk\cpp\V5\V5_20240802_15_00_00/vexv5\libv5rt.a(vex_imu.cpp.obj)
                0x0380b390                vex::inertial::rotation(vex::rotationUnits)
 .text._ZThn16_N3vex8inertial8rotationENS_13rotationUnitsE
                0x0380b3d8        0x8 c:\Users\li_al\AppData\Roaming\Code\User\globalStorage\vexrobotics.vexcode\sdk\cpp\V5\V5_20240802_15_00_00/vexv5\libv5rt.a(vex_imu.cpp.obj)
                0x0380b3d8                non-virtual thunk to vex::inertial::rotation(vex::rotationUnits)
 .text._ZN3vex8inertial13isCalibratingEv
                0x0380b3e0       0x38 c:\Users\li_al\AppData\Roaming\Code\User\globalStorage\vexrobotics.vexcode\sdk\cpp\V5\V5_20240802_15_00_00/vexv5\libv5rt.a(vex_imu.cpp.obj)
                0x0380b3e0                vex::inertial::isCalibrating()
 .text._ZThn16_N3vex8inertial13isCalibratingEv
                0x0380b418        0x8 c:\Users\li_al\AppData\Roaming\Code\User\globalStorage\vexrobotics.vexcode\sdk\cpp\V5\V5_20240802_15_00_00/vexv5\libv5rt.a(vex_imu.cpp.obj)
                0x0380b418                non-virtual thunk to vex::inertial::isCalibrating()
 .text._ZN3vex8inertialC2ElNS_8turnTypeE
                0x0380b420       0x4c c:\Users\li_al\AppData\Roaming\Code\User\globalStorage\vexrobotics.vexcode\sdk\cpp\V5\V5_20240802_15_00_00/vexv5\libv5rt.a(vex_imu.cpp.obj)
                0x0380b420                vex::inertial::inertial(long, vex::turnType)
                0x0380b420                vex::inertial::inertial(long, vex::turnType)
 .text._ZN3vex8inertial16startCalibrationEl
                0x0380b46c       0x20 c:\Users\li_al\AppData\Roaming\Code\User\globalStorage\vexrobotics.vexcode\sdk\cpp\V5\V5_20240802_15_00_00/vexv5\libv5rt.a(vex_imu.cpp.obj)
                0x0380b46c                vex::inertial::startCalibration(long)
 .text._ZN3vex8inertial9calibrateEl
                0x0380b48c        0xc c:\Users\li_al\AppData\Roaming\Code\User\globalStorage\vexrobotics.vexcode\sdk\cpp\V5\V5_20240802_15_00_00/vexv5\libv5rt.a(vex_imu.cpp.obj)
                0x0380b48c                vex::inertial::calibrate(long)
                0x0380b490                non-virtual thunk to vex::inertial::calibrate(long)
 .text._ZN3vex8rotationD2Ev
                0x0380b498       0x20 c:\Users\li_al\AppData\Roaming\Code\User\globalStorage\vexrobotics.vexcode\sdk\cpp\V5\V5_20240802_15_00_00/vexv5\libv5rt.a(vex_rotation.cpp.obj)
                0x0380b498                vex::rotation::~rotation()
                0x0380b498                vex::rotation::~rotation()
 .text._ZN3vex8rotationD0Ev
                0x0380b4b8       0x1c c:\Users\li_al\AppData\Roaming\Code\User\globalStorage\vexrobotics.vexcode\sdk\cpp\V5\V5_20240802_15_00_00/vexv5\libv5rt.a(vex_rotation.cpp.obj)
                0x0380b4b8                vex::rotation::~rotation()
 .text._ZN3vex8rotation9installedEv
                0x0380b4d4       0x18 c:\Users\li_al\AppData\Roaming\Code\User\globalStorage\vexrobotics.vexcode\sdk\cpp\V5\V5_20240802_15_00_00/vexv5\libv5rt.a(vex_rotation.cpp.obj)
                0x0380b4d4                vex::rotation::installed()
 .text._ZN3vex8rotation5valueEv
                0x0380b4ec        0x8 c:\Users\li_al\AppData\Roaming\Code\User\globalStorage\vexrobotics.vexcode\sdk\cpp\V5\V5_20240802_15_00_00/vexv5\libv5rt.a(vex_rotation.cpp.obj)
                0x0380b4ec                vex::rotation::value()
 .text._ZN3vex8rotationC2Elb
                0x0380b4f4       0x30 c:\Users\li_al\AppData\Roaming\Code\User\globalStorage\vexrobotics.vexcode\sdk\cpp\V5\V5_20240802_15_00_00/vexv5\libv5rt.a(vex_rotation.cpp.obj)
                0x0380b4f4                vex::rotation::rotation(long, bool)
                0x0380b4f4                vex::rotation::rotation(long, bool)
 .text._ZN3vex8rotation8datarateEm
                0x0380b524        0x8 c:\Users\li_al\AppData\Roaming\Code\User\globalStorage\vexrobotics.vexcode\sdk\cpp\V5\V5_20240802_15_00_00/vexv5\libv5rt.a(vex_rotation.cpp.obj)
                0x0380b524                vex::rotation::datarate(unsigned long)
 .text._ZN3vex8rotation13resetPositionEv
                0x0380b52c        0xc c:\Users\li_al\AppData\Roaming\Code\User\globalStorage\vexrobotics.vexcode\sdk\cpp\V5\V5_20240802_15_00_00/vexv5\libv5rt.a(vex_rotation.cpp.obj)
                0x0380b52c                vex::rotation::resetPosition()
 .text._ZN3vex8rotation11setPositionEdNS_13rotationUnitsE
                0x0380b538       0x48 c:\Users\li_al\AppData\Roaming\Code\User\globalStorage\vexrobotics.vexcode\sdk\cpp\V5\V5_20240802_15_00_00/vexv5\libv5rt.a(vex_rotation.cpp.obj)
                0x0380b538                vex::rotation::setPosition(double, vex::rotationUnits)
 .text._ZN3vex8rotation8positionENS_13rotationUnitsE
                0x0380b580       0x50 c:\Users\li_al\AppData\Roaming\Code\User\globalStorage\vexrobotics.vexcode\sdk\cpp\V5\V5_20240802_15_00_00/vexv5\libv5rt.a(vex_rotation.cpp.obj)
                0x0380b580                vex::rotation::position(vex::rotationUnits)
 .text._ZN3vex7opticalD2Ev
                0x0380b5d0       0x20 c:\Users\li_al\AppData\Roaming\Code\User\globalStorage\vexrobotics.vexcode\sdk\cpp\V5\V5_20240802_15_00_00/vexv5\libv5rt.a(vex_optical.cpp.obj)
                0x0380b5d0                vex::optical::~optical()
                0x0380b5d0                vex::optical::~optical()
 .text._ZN3vex7opticalD0Ev
                0x0380b5f0       0x1c c:\Users\li_al\AppData\Roaming\Code\User\globalStorage\vexrobotics.vexcode\sdk\cpp\V5\V5_20240802_15_00_00/vexv5\libv5rt.a(vex_optical.cpp.obj)
                0x0380b5f0                vex::optical::~optical()
 .text._ZN3vex7optical9installedEv
                0x0380b60c       0x18 c:\Users\li_al\AppData\Roaming\Code\User\globalStorage\vexrobotics.vexcode\sdk\cpp\V5\V5_20240802_15_00_00/vexv5\libv5rt.a(vex_optical.cpp.obj)
                0x0380b60c                vex::optical::installed()
 .text._ZN3vex7optical3hueEv
                0x0380b624        0x8 c:\Users\li_al\AppData\Roaming\Code\User\globalStorage\vexrobotics.vexcode\sdk\cpp\V5\V5_20240802_15_00_00/vexv5\libv5rt.a(vex_optical.cpp.obj)
                0x0380b624                vex::optical::hue()
 .text._ZN3vex7optical5valueEv
                0x0380b62c       0x18 c:\Users\li_al\AppData\Roaming\Code\User\globalStorage\vexrobotics.vexcode\sdk\cpp\V5\V5_20240802_15_00_00/vexv5\libv5rt.a(vex_optical.cpp.obj)
                0x0380b62c                vex::optical::value()
 .text._ZN3vex7optical12isNearObjectEv
                0x0380b644       0x24 c:\Users\li_al\AppData\Roaming\Code\User\globalStorage\vexrobotics.vexcode\sdk\cpp\V5\V5_20240802_15_00_00/vexv5\libv5rt.a(vex_optical.cpp.obj)
                0x0380b644                vex::optical::isNearObject()
 .text._ZN3vex7optical13setLightPowerElNS_12percentUnitsE
                0x0380b668       0x2c c:\Users\li_al\AppData\Roaming\Code\User\globalStorage\vexrobotics.vexcode\sdk\cpp\V5\V5_20240802_15_00_00/vexv5\libv5rt.a(vex_optical.cpp.obj)
                0x0380b668                vex::optical::setLightPower(long, vex::percentUnits)
 .text._ZN3vex7optical13gestureEnableEv
                0x0380b694        0x8 c:\Users\li_al\AppData\Roaming\Code\User\globalStorage\vexrobotics.vexcode\sdk\cpp\V5\V5_20240802_15_00_00/vexv5\libv5rt.a(vex_optical.cpp.obj)
                0x0380b694                vex::optical::gestureEnable()
 .text._ZN3vex7optical14gestureDisableEv
                0x0380b69c        0x8 c:\Users\li_al\AppData\Roaming\Code\User\globalStorage\vexrobotics.vexcode\sdk\cpp\V5\V5_20240802_15_00_00/vexv5\libv5rt.a(vex_optical.cpp.obj)
                0x0380b69c                vex::optical::gestureDisable()
 .text._ZN3vex7opticalC2Elb
                0x0380b6a4       0x54 c:\Users\li_al\AppData\Roaming\Code\User\globalStorage\vexrobotics.vexcode\sdk\cpp\V5\V5_20240802_15_00_00/vexv5\libv5rt.a(vex_optical.cpp.obj)
                0x0380b6a4                vex::optical::optical(long, bool)
                0x0380b6a4                vex::optical::optical(long, bool)
 .text._ZN3vex8distanceD2Ev
                0x0380b6f8       0x20 c:\Users\li_al\AppData\Roaming\Code\User\globalStorage\vexrobotics.vexcode\sdk\cpp\V5\V5_20240802_15_00_00/vexv5\libv5rt.a(vex_distance.cpp.obj)
                0x0380b6f8                vex::distance::~distance()
                0x0380b6f8                vex::distance::~distance()
 .text._ZN3vex8distanceD0Ev
                0x0380b718       0x1c c:\Users\li_al\AppData\Roaming\Code\User\globalStorage\vexrobotics.vexcode\sdk\cpp\V5\V5_20240802_15_00_00/vexv5\libv5rt.a(vex_distance.cpp.obj)
                0x0380b718                vex::distance::~distance()
 .text._ZN3vex8distance9installedEv
                0x0380b734       0x18 c:\Users\li_al\AppData\Roaming\Code\User\globalStorage\vexrobotics.vexcode\sdk\cpp\V5\V5_20240802_15_00_00/vexv5\libv5rt.a(vex_distance.cpp.obj)
                0x0380b734                vex::distance::installed()
 .text._ZN3vex8distance5valueEv
                0x0380b74c        0x8 c:\Users\li_al\AppData\Roaming\Code\User\globalStorage\vexrobotics.vexcode\sdk\cpp\V5\V5_20240802_15_00_00/vexv5\libv5rt.a(vex_distance.cpp.obj)
                0x0380b74c                vex::distance::value()
 .text._ZN3vex8distanceC2El
                0x0380b754       0x20 c:\Users\li_al\AppData\Roaming\Code\User\globalStorage\vexrobotics.vexcode\sdk\cpp\V5\V5_20240802_15_00_00/vexv5\libv5rt.a(vex_distance.cpp.obj)
                0x0380b754                vex::distance::distance(long)
                0x0380b754                vex::distance::distance(long)
 *fill*         0x0380b774        0x4 
 .text._ZN3vex8distance14objectDistanceENS_13distanceUnitsE
                0x0380b778       0x48 c:\Users\li_al\AppData\Roaming\Code\User\globalStorage\vexrobotics.vexcode\sdk\cpp\V5\V5_20240802_15_00_00/vexv5\libv5rt.a(vex_distance.cpp.obj)
                0x0380b778                vex::distance::objectDistance(vex::distanceUnits)
 .text._ZN3vex10controllerD2Ev
                0x0380b7c0        0x4 c:\Users\li_al\AppData\Roaming\Code\User\globalStorage\vexrobotics.vexcode\sdk\cpp\V5\V5_20240802_15_00_00/vexv5\libv5rt.a(vex_controller.cpp.obj)
                0x0380b7c0                vex::controller::~controller()
                0x0380b7c0                vex::controller::~controller()
 .text._ZN3vex10controller5valueE19_V5_ControllerIndex
                0x0380b7c4        0x8 c:\Users\li_al\AppData\Roaming\Code\User\globalStorage\vexrobotics.vexcode\sdk\cpp\V5\V5_20240802_15_00_00/vexv5\libv5rt.a(vex_controller.cpp.obj)
                0x0380b7c4                vex::controller::value(_V5_ControllerIndex)
 .text._ZNK3vex10controller6button8pressingEv
                0x0380b7cc       0xc8 c:\Users\li_al\AppData\Roaming\Code\User\globalStorage\vexrobotics.vexcode\sdk\cpp\V5\V5_20240802_15_00_00/vexv5\libv5rt.a(vex_controller.cpp.obj)
                0x0380b7cc                vex::controller::button::pressing() const
 .text._ZNK3vex10controller6button7pressedEPFvvE
                0x0380b894      0x108 c:\Users\li_al\AppData\Roaming\Code\User\globalStorage\vexrobotics.vexcode\sdk\cpp\V5\V5_20240802_15_00_00/vexv5\libv5rt.a(vex_controller.cpp.obj)
                0x0380b894                vex::controller::button::pressed(void (*)()) const
 .text._ZNK3vex10controller6button8releasedEPFvvE
                0x0380b99c      0x108 c:\Users\li_al\AppData\Roaming\Code\User\globalStorage\vexrobotics.vexcode\sdk\cpp\V5\V5_20240802_15_00_00/vexv5\libv5rt.a(vex_controller.cpp.obj)
                0x0380b99c                vex::controller::button::released(void (*)()) const
 .text._ZNK3vex10controller6button21_buttonToPressedEventEv
                0x0380baa4       0x20 c:\Users\li_al\AppData\Roaming\Code\User\globalStorage\vexrobotics.vexcode\sdk\cpp\V5\V5_20240802_15_00_00/vexv5\libv5rt.a(vex_controller.cpp.obj)
                0x0380baa4                vex::controller::button::_buttonToPressedEvent() const
 .text._ZNK3vex10controller6button22_buttonToReleasedEventEv
                0x0380bac4       0x20 c:\Users\li_al\AppData\Roaming\Code\User\globalStorage\vexrobotics.vexcode\sdk\cpp\V5\V5_20240802_15_00_00/vexv5\libv5rt.a(vex_controller.cpp.obj)
                0x0380bac4                vex::controller::button::_buttonToReleasedEvent() const
 .text._ZN3vex10controller6buttonC2ENS0_11tButtonTypeEPS0_
                0x0380bae4       0x48 c:\Users\li_al\AppData\Roaming\Code\User\globalStorage\vexrobotics.vexcode\sdk\cpp\V5\V5_20240802_15_00_00/vexv5\libv5rt.a(vex_controller.cpp.obj)
                0x0380bae4                vex::controller::button::button(vex::controller::tButtonType, vex::controller*)
                0x0380bae4                vex::controller::button::button(vex::controller::tButtonType, vex::controller*)
 .text._ZNK3vex10controller4axis5valueEv
                0x0380bb2c       0x58 c:\Users\li_al\AppData\Roaming\Code\User\globalStorage\vexrobotics.vexcode\sdk\cpp\V5\V5_20240802_15_00_00/vexv5\libv5rt.a(vex_controller.cpp.obj)
                0x0380bb2c                vex::controller::axis::value() const
 .text._ZNK3vex10controller4axis8positionENS_12percentUnitsE
                0x0380bb84       0x1c c:\Users\li_al\AppData\Roaming\Code\User\globalStorage\vexrobotics.vexcode\sdk\cpp\V5\V5_20240802_15_00_00/vexv5\libv5rt.a(vex_controller.cpp.obj)
                0x0380bb84                vex::controller::axis::position(vex::percentUnits) const
 .text._ZNK3vex10controller4axis23_joystickToChangedEventEv
                0x0380bba0       0x20 c:\Users\li_al\AppData\Roaming\Code\User\globalStorage\vexrobotics.vexcode\sdk\cpp\V5\V5_20240802_15_00_00/vexv5\libv5rt.a(vex_controller.cpp.obj)
                0x0380bba0                vex::controller::axis::_joystickToChangedEvent() const
 .text._ZN3vex10controller4axisC2ENS0_9tAxisTypeEPS0_
                0x0380bbc0       0x2c c:\Users\li_al\AppData\Roaming\Code\User\globalStorage\vexrobotics.vexcode\sdk\cpp\V5\V5_20240802_15_00_00/vexv5\libv5rt.a(vex_controller.cpp.obj)
                0x0380bbc0                vex::controller::axis::axis(vex::controller::tAxisType, vex::controller*)
                0x0380bbc0                vex::controller::axis::axis(vex::controller::tAxisType, vex::controller*)
 .text._ZN3vex10controllerC2ENS_14controllerTypeE
                0x0380bbec      0x16c c:\Users\li_al\AppData\Roaming\Code\User\globalStorage\vexrobotics.vexcode\sdk\cpp\V5\V5_20240802_15_00_00/vexv5\libv5rt.a(vex_controller.cpp.obj)
                0x0380bbec                vex::controller::controller(vex::controllerType)
                0x0380bbec                vex::controller::controller(vex::controllerType)
 .text._ZN3vex10controller3lcd15getControllerIdEv
                0x0380bd58       0x10 c:\Users\li_al\AppData\Roaming\Code\User\globalStorage\vexrobotics.vexcode\sdk\cpp\V5\V5_20240802_15_00_00/vexv5\libv5rt.a(vex_controller.cpp.obj)
                0x0380bd58                vex::controller::lcd::getControllerId()
 .text._ZN3vex10controller3lcd9setCursorEll
                0x0380bd68       0x40 c:\Users\li_al\AppData\Roaming\Code\User\globalStorage\vexrobotics.vexcode\sdk\cpp\V5\V5_20240802_15_00_00/vexv5\libv5rt.a(vex_controller.cpp.obj)
                0x0380bd68                vex::controller::lcd::setCursor(long, long)
 .text._ZN3vex10controller3lcd5printEPKcz
                0x0380bda8       0x80 c:\Users\li_al\AppData\Roaming\Code\User\globalStorage\vexrobotics.vexcode\sdk\cpp\V5\V5_20240802_15_00_00/vexv5\libv5rt.a(vex_controller.cpp.obj)
                0x0380bda8                vex::controller::lcd::print(char const*, ...)
 .text._ZN3vex4taskC2EPFivE
                0x0380be28       0x5c c:\Users\li_al\AppData\Roaming\Code\User\globalStorage\vexrobotics.vexcode\sdk\cpp\V5\V5_20240802_15_00_00/vexv5\libv5rt.a(vex_task.cpp.obj)
                0x0380be28                vex::task::task(int (*)())
                0x0380be28                vex::task::task(int (*)())
 .text._ZN3vex4taskC2EPFiPvES1_
                0x0380be84       0x5c c:\Users\li_al\AppData\Roaming\Code\User\globalStorage\vexrobotics.vexcode\sdk\cpp\V5\V5_20240802_15_00_00/vexv5\libv5rt.a(vex_task.cpp.obj)
                0x0380be84                vex::task::task(int (*)(void*), void*)
                0x0380be84                vex::task::task(int (*)(void*), void*)
 .text._ZN3vex4taskC2EPFiPvES1_l
                0x0380bee0       0x68 c:\Users\li_al\AppData\Roaming\Code\User\globalStorage\vexrobotics.vexcode\sdk\cpp\V5\V5_20240802_15_00_00/vexv5\libv5rt.a(vex_task.cpp.obj)
                0x0380bee0                vex::task::task(int (*)(void*), void*, long)
                0x0380bee0                vex::task::task(int (*)(void*), void*, long)
 .text._ZN3vex4taskD2Ev
                0x0380bf48        0x4 c:\Users\li_al\AppData\Roaming\Code\User\globalStorage\vexrobotics.vexcode\sdk\cpp\V5\V5_20240802_15_00_00/vexv5\libv5rt.a(vex_task.cpp.obj)
                0x0380bf48                vex::task::~task()
                0x0380bf48                vex::task::~task()
 .text._ZN3vex4task4stopEPvi
                0x0380bf4c       0x1c c:\Users\li_al\AppData\Roaming\Code\User\globalStorage\vexrobotics.vexcode\sdk\cpp\V5\V5_20240802_15_00_00/vexv5\libv5rt.a(vex_task.cpp.obj)
                0x0380bf4c                vex::task::stop(void*, int)
 .text._ZN3vex4task5sleepEm
                0x0380bf68        0x4 c:\Users\li_al\AppData\Roaming\Code\User\globalStorage\vexrobotics.vexcode\sdk\cpp\V5\V5_20240802_15_00_00/vexv5\libv5rt.a(vex_task.cpp.obj)
                0x0380bf68                vex::task::sleep(unsigned long)
 .text._ZN3vex4task6_indexEPFivE
                0x0380bf6c       0x14 c:\Users\li_al\AppData\Roaming\Code\User\globalStorage\vexrobotics.vexcode\sdk\cpp\V5\V5_20240802_15_00_00/vexv5\libv5rt.a(vex_task.cpp.obj)
                0x0380bf6c                vex::task::_index(int (*)())
 .text._ZN3vex4task8_stopAllEv
                0x0380bf80       0x3c c:\Users\li_al\AppData\Roaming\Code\User\globalStorage\vexrobotics.vexcode\sdk\cpp\V5\V5_20240802_15_00_00/vexv5\libv5rt.a(vex_task.cpp.obj)
                0x0380bf80                vex::task::_stopAll()
 .text._ZN3vex11this_thread9sleep_forEm
                0x0380bfbc        0x4 c:\Users\li_al\AppData\Roaming\Code\User\globalStorage\vexrobotics.vexcode\sdk\cpp\V5\V5_20240802_15_00_00/vexv5\libv5rt.a(vex_thread.cpp.obj)
                0x0380bfbc                vex::this_thread::sleep_for(unsigned long)
 .text._ZN3vex5mutexC2Ev
                0x0380bfc0       0x1c c:\Users\li_al\AppData\Roaming\Code\User\globalStorage\vexrobotics.vexcode\sdk\cpp\V5\V5_20240802_15_00_00/vexv5\libv5rt.a(vex_thread.cpp.obj)
                0x0380bfc0                vex::mutex::mutex()
                0x0380bfc0                vex::mutex::mutex()
 .text._ZN3vex5mutexD2Ev
                0x0380bfdc        0x4 c:\Users\li_al\AppData\Roaming\Code\User\globalStorage\vexrobotics.vexcode\sdk\cpp\V5\V5_20240802_15_00_00/vexv5\libv5rt.a(vex_thread.cpp.obj)
                0x0380bfdc                vex::mutex::~mutex()
                0x0380bfdc                vex::mutex::~mutex()
 .text._ZN3vex5mutex4lockEv
                0x0380bfe0        0x8 c:\Users\li_al\AppData\Roaming\Code\User\globalStorage\vexrobotics.vexcode\sdk\cpp\V5\V5_20240802_15_00_00/vexv5\libv5rt.a(vex_thread.cpp.obj)
                0x0380bfe0                vex::mutex::lock()
 .text._ZN3vex5mutex6unlockEv
                0x0380bfe8        0x4 c:\Users\li_al\AppData\Roaming\Code\User\globalStorage\vexrobotics.vexcode\sdk\cpp\V5\V5_20240802_15_00_00/vexv5\libv5rt.a(vex_thread.cpp.obj)
                0x0380bfe8                vex::mutex::unlock()
 .text._ZN3vex5event4initEmmPFvvE
                0x0380bfec        0x4 c:\Users\li_al\AppData\Roaming\Code\User\globalStorage\vexrobotics.vexcode\sdk\cpp\V5\V5_20240802_15_00_00/vexv5\libv5rt.a(vex_event.cpp.obj)
                0x0380bfec                vex::event::init(unsigned long, unsigned long, void (*)())
 .text._ZN3vex5event4initEmmPFvPvES1_
                0x0380bff0        0x4 c:\Users\li_al\AppData\Roaming\Code\User\globalStorage\vexrobotics.vexcode\sdk\cpp\V5\V5_20240802_15_00_00/vexv5\libv5rt.a(vex_event.cpp.obj)
                0x0380bff0                vex::event::init(unsigned long, unsigned long, void (*)(void*), void*)
 .text._ZN3vex5event9userindexEv
                0x0380bff4        0x4 c:\Users\li_al\AppData\Roaming\Code\User\globalStorage\vexrobotics.vexcode\sdk\cpp\V5\V5_20240802_15_00_00/vexv5\libv5rt.a(vex_event.cpp.obj)
                0x0380bff4                vex::event::userindex()
 .text._ZZN3vex6meventC4EmmENUlvE_4_FUNEv
                0x0380bff8        0x4 c:\Users\li_al\AppData\Roaming\Code\User\globalStorage\vexrobotics.vexcode\sdk\cpp\V5\V5_20240802_15_00_00/vexv5\libv5rt.a(vex_mevent.cpp.obj)
 .text._ZN3vex6meventC2Emm
                0x0380bffc       0x70 c:\Users\li_al\AppData\Roaming\Code\User\globalStorage\vexrobotics.vexcode\sdk\cpp\V5\V5_20240802_15_00_00/vexv5\libv5rt.a(vex_mevent.cpp.obj)
                0x0380bffc                vex::mevent::mevent(unsigned long, unsigned long)
                0x0380bffc                vex::mevent::mevent(unsigned long, unsigned long)
 .text._ZL9_hexDigitc
                0x0380c06c       0x48 c:\Users\li_al\AppData\Roaming\Code\User\globalStorage\vexrobotics.vexcode\sdk\cpp\V5\V5_20240802_15_00_00/vexv5\libv5rt.a(vex_brain.cpp.obj)
 .text._ZN3vex5brain9_getIndexEv
                0x0380c0b4       0x10 c:\Users\li_al\AppData\Roaming\Code\User\globalStorage\vexrobotics.vexcode\sdk\cpp\V5\V5_20240802_15_00_00/vexv5\libv5rt.a(vex_brain.cpp.obj)
                0x0380c0b4                vex::brain::_getIndex()
 .text._ZN3vex5brain3lcd9setCursorEll
                0x0380c0c4       0x44 c:\Users\li_al\AppData\Roaming\Code\User\globalStorage\vexrobotics.vexcode\sdk\cpp\V5\V5_20240802_15_00_00/vexv5\libv5rt.a(vex_brain.cpp.obj)
                0x0380c0c4                vex::brain::lcd::setCursor(long, long)
 .text._ZN3vex5brain3lcd7setFontENS_8fontTypeE
                0x0380c108      0x23c c:\Users\li_al\AppData\Roaming\Code\User\globalStorage\vexrobotics.vexcode\sdk\cpp\V5\V5_20240802_15_00_00/vexv5\libv5rt.a(vex_brain.cpp.obj)
                0x0380c108                vex::brain::lcd::setFont(vex::fontType)
 .text._ZN3vex5brain3lcdC2Ev
                0x0380c344       0x94 c:\Users\li_al\AppData\Roaming\Code\User\globalStorage\vexrobotics.vexcode\sdk\cpp\V5\V5_20240802_15_00_00/vexv5\libv5rt.a(vex_brain.cpp.obj)
                0x0380c344                vex::brain::lcd::lcd()
                0x0380c344                vex::brain::lcd::lcd()
 .text._ZN3vex5brainC2Ev
                0x0380c3d8       0x3c c:\Users\li_al\AppData\Roaming\Code\User\globalStorage\vexrobotics.vexcode\sdk\cpp\V5\V5_20240802_15_00_00/vexv5\libv5rt.a(vex_brain.cpp.obj)
                0x0380c3d8                vex::brain::brain()
                0x0380c3d8                vex::brain::brain()
 .text._ZN3vex5brain3lcd9drawPixelEii
                0x0380c414       0x14 c:\Users\li_al\AppData\Roaming\Code\User\globalStorage\vexrobotics.vexcode\sdk\cpp\V5\V5_20240802_15_00_00/vexv5\libv5rt.a(vex_brain.cpp.obj)
                0x0380c414                vex::brain::lcd::drawPixel(int, int)
 .text._ZN3vex5brain3lcd13webColorToRgbEPKc
                0x0380c428       0x9c c:\Users\li_al\AppData\Roaming\Code\User\globalStorage\vexrobotics.vexcode\sdk\cpp\V5\V5_20240802_15_00_00/vexv5\libv5rt.a(vex_brain.cpp.obj)
                0x0380c428                vex::brain::lcd::webColorToRgb(char const*)
 .text._ZN3vex5brain3lcd11setPenColorEPKc
                0x0380c4c4       0x10 c:\Users\li_al\AppData\Roaming\Code\User\globalStorage\vexrobotics.vexcode\sdk\cpp\V5\V5_20240802_15_00_00/vexv5\libv5rt.a(vex_brain.cpp.obj)
                0x0380c4c4                vex::brain::lcd::setPenColor(char const*)
 .text._ZN3vex5brainD2Ev
                0x0380c4d4       0x20 c:\Users\li_al\AppData\Roaming\Code\User\globalStorage\vexrobotics.vexcode\sdk\cpp\V5\V5_20240802_15_00_00/vexv5\libv5rt.a(vex_brain.cpp.obj)
                0x0380c4d4                vex::brain::~brain()
                0x0380c4d4                vex::brain::~brain()
 .text._ZN3vex11competition8_disableEPv
                0x0380c4f4       0xa4 c:\Users\li_al\AppData\Roaming\Code\User\globalStorage\vexrobotics.vexcode\sdk\cpp\V5\V5_20240802_15_00_00/vexv5\libv5rt.a(vex_competition.cpp.obj)
                0x0380c4f4                vex::competition::_disable(void*)
 .text._ZN3vex11competition11_autonomousEv
                0x0380c598       0x80 c:\Users\li_al\AppData\Roaming\Code\User\globalStorage\vexrobotics.vexcode\sdk\cpp\V5\V5_20240802_15_00_00/vexv5\libv5rt.a(vex_competition.cpp.obj)
                0x0380c598                vex::competition::_autonomous()
 .text._ZN3vex11competition14_drivercontrolEv
                0x0380c618       0x80 c:\Users\li_al\AppData\Roaming\Code\User\globalStorage\vexrobotics.vexcode\sdk\cpp\V5\V5_20240802_15_00_00/vexv5\libv5rt.a(vex_competition.cpp.obj)
                0x0380c618                vex::competition::_drivercontrol()
 .text._ZN3vex11competitionC2Ev
                0x0380c698      0x13c c:\Users\li_al\AppData\Roaming\Code\User\globalStorage\vexrobotics.vexcode\sdk\cpp\V5\V5_20240802_15_00_00/vexv5\libv5rt.a(vex_competition.cpp.obj)
                0x0380c698                vex::competition::competition()
                0x0380c698                vex::competition::competition()
 .text._ZN3vex11competitionD2Ev
                0x0380c7d4        0x4 c:\Users\li_al\AppData\Roaming\Code\User\globalStorage\vexrobotics.vexcode\sdk\cpp\V5\V5_20240802_15_00_00/vexv5\libv5rt.a(vex_competition.cpp.obj)
                0x0380c7d4                vex::competition::~competition()
                0x0380c7d4                vex::competition::~competition()
 .text._ZN3vex11competition10autonomousEPFvvE
                0x0380c7d8       0x44 c:\Users\li_al\AppData\Roaming\Code\User\globalStorage\vexrobotics.vexcode\sdk\cpp\V5\V5_20240802_15_00_00/vexv5\libv5rt.a(vex_competition.cpp.obj)
                0x0380c7d8                vex::competition::autonomous(void (*)())
 .text._ZN3vex11competition13drivercontrolEPFvvE
                0x0380c81c       0x44 c:\Users\li_al\AppData\Roaming\Code\User\globalStorage\vexrobotics.vexcode\sdk\cpp\V5\V5_20240802_15_00_00/vexv5\libv5rt.a(vex_competition.cpp.obj)
                0x0380c81c                vex::competition::drivercontrol(void (*)())
 .text._ZN3vex7triportD2Ev
                0x0380c860       0x38 c:\Users\li_al\AppData\Roaming\Code\User\globalStorage\vexrobotics.vexcode\sdk\cpp\V5\V5_20240802_15_00_00/vexv5\libv5rt.a(vex_triport.cpp.obj)
                0x0380c860                vex::triport::~triport()
                0x0380c860                vex::triport::~triport()
 .text._ZN3vex7triportD0Ev
                0x0380c898       0x1c c:\Users\li_al\AppData\Roaming\Code\User\globalStorage\vexrobotics.vexcode\sdk\cpp\V5\V5_20240802_15_00_00/vexv5\libv5rt.a(vex_triport.cpp.obj)
                0x0380c898                vex::triport::~triport()
 .text._ZN3vex7triport9installedEv
                0x0380c8b4       0x18 c:\Users\li_al\AppData\Roaming\Code\User\globalStorage\vexrobotics.vexcode\sdk\cpp\V5\V5_20240802_15_00_00/vexv5\libv5rt.a(vex_triport.cpp.obj)
                0x0380c8b4                vex::triport::installed()
 .text._ZN3vex7triport4portC2ElPS0_
                0x0380c8cc       0x74 c:\Users\li_al\AppData\Roaming\Code\User\globalStorage\vexrobotics.vexcode\sdk\cpp\V5\V5_20240802_15_00_00/vexv5\libv5rt.a(vex_triport.cpp.obj)
                0x0380c8cc                vex::triport::port::port(long, vex::triport*)
                0x0380c8cc                vex::triport::port::port(long, vex::triport*)
 .text._ZN3vex7triportC2El
                0x0380c940       0xf0 c:\Users\li_al\AppData\Roaming\Code\User\globalStorage\vexrobotics.vexcode\sdk\cpp\V5\V5_20240802_15_00_00/vexv5\libv5rt.a(vex_triport.cpp.obj)
                0x0380c940                vex::triport::triport(long)
                0x0380c940                vex::triport::triport(long)
 .text._ZN3vex7triport4port4typeENS_11triportTypeE
                0x0380ca30       0x30 c:\Users\li_al\AppData\Roaming\Code\User\globalStorage\vexrobotics.vexcode\sdk\cpp\V5\V5_20240802_15_00_00/vexv5\libv5rt.a(vex_triport.cpp.obj)
                0x0380ca30                vex::triport::port::type(vex::triportType)
 .text._ZN3vex7triport4port4typeEv
                0x0380ca60       0x38 c:\Users\li_al\AppData\Roaming\Code\User\globalStorage\vexrobotics.vexcode\sdk\cpp\V5\V5_20240802_15_00_00/vexv5\libv5rt.a(vex_triport.cpp.obj)
                0x0380ca60                vex::triport::port::type()
 .text._ZN3vex7triport4port5valueEv