Archive member included because of file (symbol)

c:\Users\li_al\AppData\Roaming\Code\User\globalStorage\vexrobotics.vexcode\sdk\cpp\V5\V5_20240802_15_00_00/vexv5\libv5rt.a(v5_startup.c.obj)
                              (vexStartup)
c:\Users\li_al\AppData\Roaming\Code\User\globalStorage\vexrobotics.vexcode\sdk\cpp\V5\V5_20240802_15_00_00/vexv5\libv5rt.a(v5_util.c.obj)
                              c:\Users\li_al\AppData\Roaming\Code\User\globalStorage\vexrobotics.vexcode\sdk\cpp\V5\V5_20240802_15_00_00/vexv5\libv5rt.a(v5_startup.c.obj) (vexStdlibVersionLinked)
c:\Users\li_al\AppData\Roaming\Code\User\globalStorage\vexrobotics.vexcode\sdk\cpp\V5\V5_20240802_15_00_00/vexv5\libv5rt.a(v5_apijump.c.obj)
                              c:\Users\li_al\AppData\Roaming\Code\User\globalStorage\vexrobotics.vexcode\sdk\cpp\V5\V5_20240802_15_00_00/vexv5\libv5rt.a(v5_startup.c.obj) (vexPrivateApiEnable)
c:\Users\li_al\AppData\Roaming\Code\User\globalStorage\vexrobotics.vexcode\sdk\cpp\V5\V5_20240802_15_00_00/vexv5\libv5rt.a(v5_apiversions.c.obj)
                              c:\Users\li_al\AppData\Roaming\Code\User\globalStorage\vexrobotics.vexcode\sdk\cpp\V5\V5_20240802_15_00_00/vexv5\libv5rt.a(v5_apijump.c.obj) (vexSystemVersion)
c:\Users\li_al\AppData\Roaming\Code\User\globalStorage\vexrobotics.vexcode\sdk\cpp\V5\V5_20240802_15_00_00/vexv5\libv5rt.a(vex_global.cpp.obj)
                              build/src/Auton.o (vex::wait(double, vex::timeUnits))
c:\Users\li_al\AppData\Roaming\Code\User\globalStorage\vexrobotics.vexcode\sdk\cpp\V5\V5_20240802_15_00_00/vexv5\libv5rt.a(vex_motor.cpp.obj)
                              build/src/robot-config.o (vex::motor::~motor())
c:\Users\li_al\AppData\Roaming\Code\User\globalStorage\vexrobotics.vexcode\sdk\cpp\V5\V5_20240802_15_00_00/vexv5\libv5rt.a(vex_imu.cpp.obj)
                              build/src/robot-config.o (vex::inertial::~inertial())
c:\Users\li_al\AppData\Roaming\Code\User\globalStorage\vexrobotics.vexcode\sdk\cpp\V5\V5_20240802_15_00_00/vexv5\libv5rt.a(vex_rotation.cpp.obj)
                              build/src/robot-config.o (vex::rotation::~rotation())
c:\Users\li_al\AppData\Roaming\Code\User\globalStorage\vexrobotics.vexcode\sdk\cpp\V5\V5_20240802_15_00_00/vexv5\libv5rt.a(vex_optical.cpp.obj)
                              build/src/robot-config.o (vex::optical::~optical())
c:\Users\li_al\AppData\Roaming\Code\User\globalStorage\vexrobotics.vexcode\sdk\cpp\V5\V5_20240802_15_00_00/vexv5\libv5rt.a(vex_distance.cpp.obj)
                              build/src/robot-config.o (vex::distance::~distance())
c:\Users\li_al\AppData\Roaming\Code\User\globalStorage\vexrobotics.vexcode\sdk\cpp\V5\V5_20240802_15_00_00/vexv5\libv5rt.a(vex_controller.cpp.obj)
                              build/src/robot-config.o (vex::controller::~controller())
c:\Users\li_al\AppData\Roaming\Code\User\globalStorage\vexrobotics.vexcode\sdk\cpp\V5\V5_20240802_15_00_00/vexv5\libv5rt.a(vex_task.cpp.obj)
                              build/src/Tracker.o (vex::task::task(int (*)(void*), void*))
c:\Users\li_al\AppData\Roaming\Code\User\globalStorage\vexrobotics.vexcode\sdk\cpp\V5\V5_20240802_15_00_00/vexv5\libv5rt.a(vex_thread.cpp.obj)
                              c:\Users\li_al\AppData\Roaming\Code\User\globalStorage\vexrobotics.vexcode\sdk\cpp\V5\V5_20240802_15_00_00/vexv5\libv5rt.a(vex_global.cpp.obj) (vex::this_thread::sleep_for(unsigned long))
c:\Users\li_al\AppData\Roaming\Code\User\globalStorage\vexrobotics.vexcode\sdk\cpp\V5\V5_20240802_15_00_00/vexv5\libv5rt.a(vex_event.cpp.obj)
                              c:\Users\li_al\AppData\Roaming\Code\User\globalStorage\vexrobotics.vexcode\sdk\cpp\V5\V5_20240802_15_00_00/vexv5\libv5rt.a(vex_imu.cpp.obj) (vex::event::init(unsigned long, unsigned long, void (*)()))
c:\Users\li_al\AppData\Roaming\Code\User\globalStorage\vexrobotics.vexcode\sdk\cpp\V5\V5_20240802_15_00_00/vexv5\libv5rt.a(vex_mevent.cpp.obj)
                              c:\Users\li_al\AppData\Roaming\Code\User\globalStorage\vexrobotics.vexcode\sdk\cpp\V5\V5_20240802_15_00_00/vexv5\libv5rt.a(vex_controller.cpp.obj) (vex::mevent::mevent(unsigned long, unsigned long))
c:\Users\li_al\AppData\Roaming\Code\User\globalStorage\vexrobotics.vexcode\sdk\cpp\V5\V5_20240802_15_00_00/vexv5\libv5rt.a(vex_brain.cpp.obj)
                              build/src/robot-config.o (vex::brain::brain())
c:\Users\li_al\AppData\Roaming\Code\User\globalStorage\vexrobotics.vexcode\sdk\cpp\V5\V5_20240802_15_00_00/vexv5\libv5rt.a(vex_competition.cpp.obj)
                              build/src/main.o (vex::competition::competition())
c:\Users\li_al\AppData\Roaming\Code\User\globalStorage\vexrobotics.vexcode\sdk\cpp\V5\V5_20240802_15_00_00/vexv5\libv5rt.a(vex_triport.cpp.obj)
                              c:\Users\li_al\AppData\Roaming\Code\User\globalStorage\vexrobotics.vexcode\sdk\cpp\V5\V5_20240802_15_00_00/vexv5\libv5rt.a(vex_brain.cpp.obj) (vex::triport::~triport())
[...]
Memory Configuration

Name             Origin             Length             Attributes
ps7_ddr_0_S_AXI_BASEADDR 0x03800000         0x04800000
*default*        0x00000000         0xffffffff

Linker script and memory map

                0x00002000                _STACK_SIZE = DEFINED (_STACK_SIZE)?_STACK_SIZE:0x2000
                0x00100000                _HEAP_SIZE = DEFINED (_HEAP_SIZE)?_HEAP_SIZE:0x100000
                0x00000400                _ABORT_STACK_SIZE = DEFINED (_ABORT_STACK_SIZE)?_ABORT_STACK_SIZE:0x400
                0x00000800                _SUPERVISOR_STACK_SIZE = DEFINED (_SUPERVISOR_STACK_SIZE)?_SUPERVISOR_STACK_SIZE:0x800
                0x00000400                _IRQ_STACK_SIZE = DEFINED (_IRQ_STACK_SIZE)?_IRQ_STACK_SIZE:0x400
                0x00000400                _FIQ_STACK_SIZE = DEFINED (_FIQ_STACK_SIZE)?_FIQ_STACK_SIZE:0x400
                0x00000400                _UNDEF_STACK_SIZE = DEFINED (_UNDEF_STACK_SIZE)?_UNDEF_STACK_SIZE:0x400

.text           0x03800000     0xb630
 *(.vectors)
 *(.boot_data)
 .boot_data     0x03800000       0x20 c:\Users\li_al\AppData\Roaming\Code\User\globalStorage\vexrobotics.vexcode\sdk\cpp\V5\V5_20240802_15_00_00/vexv5\libv5rt.a(v5_startup.c.obj)
                0x03800000                vexCodeSig
                0x00000020                . = 0x20
 *(.boot)
 .boot          0x03800020       0xbc c:\Users\li_al\AppData\Roaming\Code\User\globalStorage\vexrobotics.vexcode\sdk\cpp\V5\V5_20240802_15_00_00/vexv5\libv5rt.a(v5_startup.c.obj)
                0x03800020                vexStartup
                0x03800100                . = ALIGN (0x40)
 *fill*         0x038000dc       0x24 
 *(.freertos_vectors)
 *(.text)
 .text          0x03800100       0x3a c:\Users\li_al\AppData\Roaming\Code\User\globalStorage\vexrobotics.vexcode\sdk\cpp\V5\V5_20240802_15_00_00/vexv5/gcc/libs\libc.a(lib_a-aeabi_memmove-soft.o)
                0x03800100                __aeabi_memmove4
                0x03800100                __aeabi_memmove
                0x03800100                __aeabi_memmove8
 *(.text.*)
 *fill*         0x0380013a        0x2 
 .text._ZN7TrackerD2Ev
                0x0380013c        0x4 build/src/main.o
                0x0380013c                Tracker::~Tracker()
 .text._ZN15RobotControllerD2Ev
                0x03800140       0x40 build/src/main.o
                0x03800140                RobotController::~RobotController()
 .text._Z5autonv
                0x03800180       0x60 build/src/main.o
                0x03800180                auton()
 .text._Z13driverControlv
                0x038001e0       0x4c build/src/main.o
                0x038001e0                driverControl()
 .text._Z13preAutonomousv
                0x0380022c      0x2a0 build/src/main.o
                0x0380022c                preAutonomous()
 .text.main     0x038004cc       0x44 build/src/main.o
                0x038004cc                main
 .text._GLOBAL__sub_I_main.cpp
                0x03800510      0x140 build/src/main.o
 .text._Z4hookv
                0x03800650       0x10 build/src/Auton.o
                0x03800650                hook()
 .text._Z10stopIntakev
                0x03800660       0x20 build/src/Auton.o
                0x03800660                stopIntake()
 .text._Z9runIntakev
                0x03800680        0xc build/src/Auton.o
                0x03800680                runIntake()
 .text._ZN6Assist9intakeFwdEv
                0x0380068c       0x60 build/src/Auton.o
                0x0380068c                Assist::intakeFwd()
 *fill*         0x038006ec        0x4 
 .text._ZN6Assist9toggleArmEv
                0x038006f0      0x128 build/src/Auton.o
                0x038006f0                Assist::toggleArm()
 .text._Z7doinkerv
                0x03800818       0x2c build/src/Auton.o
                0x03800818                doinker()
 .text._Z8quartSecv
                0x03800844       0x28 build/src/Auton.o
                0x03800844                quartSec()
 *fill*         0x0380086c        0x4 
 .text._Z9distCheckv
                0x03800870       0x30 build/src/Auton.o
                0x03800870                distCheck()
 .text._Z10distCheck2v
                0x038008a0       0x30 build/src/Auton.o
                0x038008a0                distCheck2()
 .text._Z10doinkerOffv
                0x038008d0       0x10 build/src/Auton.o
                0x038008d0                doinkerOff()
 .text._Z13restartIntakev
                0x038008e0       0x44 build/src/Auton.o
                0x038008e0                restartIntake()
 .text._Z9toggleArmv
                0x03800924        0xc build/src/Auton.o
                0x03800924                toggleArm()
 .text._ZN6Assist8scoreArmEv
                0x03800930       0xf8 build/src/Auton.o
                0x03800930                Assist::scoreArm()
 .text._Z16setArmDownAndRevv
                0x03800a28       0x58 build/src/Auton.o
                0x03800a28                setArmDownAndRev()
 .text._ZN6Assist9intakeRevEv
                0x03800a80       0x60 build/src/Auton.o
                0x03800a80                Assist::intakeRev()
 .text._Z10setArmDownv
                0x03800ae0       0x50 build/src/Auton.o
                0x03800ae0                setArmDown()
 .text._Z13allianceStakev
                0x03800b30       0x50 build/src/Auton.o
                0x03800b30                allianceStake()
 .text._Z12setArmToLoadv
                0x03800b80       0x44 build/src/Auton.o
                0x03800b80                setArmToLoad()
 .text._ZNSt6vectorIdSaIdEED2Ev
                0x03800bc4       0x24 build/src/Auton.o
                0x03800bc4                std::vector<double, std::allocator<double> >::~vector()
 .text._Z9trackDistv
                0x03800be8       0x78 build/src/Auton.o
                0x03800be8                trackDist()
 .text._Z14getTrackedDistv
                0x03800c60       0xc0 build/src/Auton.o
                0x03800c60                getTrackedDist()
 .text._Z9hookCheckv
                0x03800d20       0x20 build/src/Auton.o
                0x03800d20                hookCheck()
 .text._Z13findWallStakev
                0x03800d40       0xfc build/src/Auton.o
                0x03800d40                findWallStake()
 *fill*         0x03800e3c        0x4 
 .text._Z32raiseArmAndRestartScheduleIntakev
                0x03800e40       0x90 build/src/Auton.o
                0x03800e40                raiseArmAndRestartScheduleIntake()
 .text._Z21hookCheckAndTimeBreakv
                0x03800ed0       0x4c build/src/Auton.o
                0x03800ed0                hookCheckAndTimeBreak()
 .text._Z6xBreakv
                0x03800f1c       0x24 build/src/Auton.o
                0x03800f1c                xBreak()
 .text._Z9offensivev
                0x03800f40      0x828 build/src/Auton.o
                0x03800f40                offensive()
 .text._Z9defensivev
                0x03801768      0x708 build/src/Auton.o
                0x03801768                defensive()
 .text._Z7soloAWPv
                0x03801e70       0x68 build/src/Auton.o
                0x03801e70                soloAWP()
 .text._Z10offensive2v
                0x03801ed8      0x7e0 build/src/Auton.o
                0x03801ed8                offensive2()
 .text._Z10defensive2v
                0x038026b8      0x700 build/src/Auton.o
                0x038026b8                defensive2()
 .text._Z8soloAWP2v
                0x03802db8      0x114 build/src/Auton.o
                0x03802db8                soloAWP2()
 *fill*         0x03802ecc        0x4 
 .text._Z6skillsv
                0x03802ed0      0xfe8 build/src/Auton.o
                0x03802ed0                skills()
 .text._Z4testv
                0x03803eb8      0x140 build/src/Auton.o
                0x03803eb8                test()
 .text._ZN6Assist11armRotationEv
                0x03803ff8       0x48 build/src/Auton.o
                0x03803ff8                Assist::armRotation()
 .text._ZNSt6vectorIdSaIdEE19_M_emplace_back_auxIJdEEEvDpOT_
                0x03804040       0x80 build/src/Auton.o
                0x03804040                void std::vector<double, std::allocator<double> >::_M_emplace_back_aux<double>(double&&)
 .text._ZNKSt6vectorIdSaIdEE12_M_check_lenEjPKc
                0x038040c0       0x54 build/src/Auton.o
                0x038040c0                std::vector<double, std::allocator<double> >::_M_check_len(unsigned int, char const*) const
 .text._ZNSt12_Vector_baseIdSaIdEE11_M_allocateEj
                0x03804114       0x30 build/src/Auton.o
                0x03804114                std::_Vector_base<double, std::allocator<double> >::_M_allocate(unsigned int)
 .text._ZSt16__introsort_loopIN9__gnu_cxx17__normal_iteratorIPdSt6vectorIdSaIdEEEEiNS0_5__ops15_Iter_less_iterEEvT_S9_T0_T1_
                0x03804144       0xe4 build/src/Auton.o
                0x03804144                void std::__introsort_loop<__gnu_cxx::__normal_iterator<double*, std::vector<double, std::allocator<double> > >, int, __gnu_cxx::__ops::_Iter_less_iter>(__gnu_cxx::__normal_iterator<double*, std::vector<double, std::allocator<double> > >, __gnu_cxx::__normal_iterator<double*, std::vector<double, std::allocator<double> > >, int, __gnu_cxx::__ops::_Iter_less_iter)
 .text._ZSt22__final_insertion_sortIN9__gnu_cxx17__normal_iteratorIPdSt6vectorIdSaIdEEEENS0_5__ops15_Iter_less_iterEEvT_S9_T0_
                0x03804228       0x7c build/src/Auton.o
                0x03804228                void std::__final_insertion_sort<__gnu_cxx::__normal_iterator<double*, std::vector<double, std::allocator<double> > >, __gnu_cxx::__ops::_Iter_less_iter>(__gnu_cxx::__normal_iterator<double*, std::vector<double, std::allocator<double> > >, __gnu_cxx::__normal_iterator<double*, std::vector<double, std::allocator<double> > >, __gnu_cxx::__ops::_Iter_less_iter)
 .text._ZSt13__heap_selectIN9__gnu_cxx17__normal_iteratorIPdSt6vectorIdSaIdEEEENS0_5__ops15_Iter_less_iterEEvT_S9_S9_T0_
                0x038042a4       0x6c build/src/Auton.o
                0x038042a4                void std::__heap_select<__gnu_cxx::__normal_iterator<double*, std::vector<double, std::allocator<double> > >, __gnu_cxx::__ops::_Iter_less_iter>(__gnu_cxx::__normal_iterator<double*, std::vector<double, std::allocator<double> > >, __gnu_cxx::__normal_iterator<double*, std::vector<double, std::allocator<double> > >, __gnu_cxx::__normal_iterator<double*, std::vector<double, std::allocator<double> > >, __gnu_cxx::__ops::_Iter_less_iter)
 .text._ZSt11__sort_heapIN9__gnu_cxx17__normal_iteratorIPdSt6vectorIdSaIdEEEENS0_5__ops15_Iter_less_iterEEvT_S9_T0_
                0x03804310       0x58 build/src/Auton.o
                0x03804310                void std::__sort_heap<__gnu_cxx::__normal_iterator<double*, std::vector<double, std::allocator<double> > >, __gnu_cxx::__ops::_Iter_less_iter>(__gnu_cxx::__normal_iterator<double*, std::vector<double, std::allocator<double> > >, __gnu_cxx::__normal_iterator<double*, std::vector<double, std::allocator<double> > >, __gnu_cxx::__ops::_Iter_less_iter)
 .text._ZSt11__make_heapIN9__gnu_cxx17__normal_iteratorIPdSt6vectorIdSaIdEEEENS0_5__ops15_Iter_less_iterEEvT_S9_T0_
                0x03804368       0x60 build/src/Auton.o
                0x03804368                void std::__make_heap<__gnu_cxx::__normal_iterator<double*, std::vector<double, std::allocator<double> > >, __gnu_cxx::__ops::_Iter_less_iter>(__gnu_cxx::__normal_iterator<double*, std::vector<double, std::allocator<double> > >, __gnu_cxx::__normal_iterator<double*, std::vector<double, std::allocator<double> > >, __gnu_cxx::__ops::_Iter_less_iter)
 .text._ZSt13__adjust_heapIN9__gnu_cxx17__normal_iteratorIPdSt6vectorIdSaIdEEEEidNS0_5__ops15_Iter_less_iterEEvT_T0_SA_T1_T2_
                0x038043c8       0xf8 build/src/Auton.o
                0x038043c8                void std::__adjust_heap<__gnu_cxx::__normal_iterator<double*, std::vector<double, std::allocator<double> > >, int, double, __gnu_cxx::__ops::_Iter_less_iter>(__gnu_cxx::__normal_iterator<double*, std::vector<double, std::allocator<double> > >, int, int, double, __gnu_cxx::__ops::_Iter_less_iter)
 .text._ZSt22__move_median_to_firstIN9__gnu_cxx17__normal_iteratorIPdSt6vectorIdSaIdEEEENS0_5__ops15_Iter_less_iterEEvT_S9_S9_S9_T0_
                0x038044c0       0x88 build/src/Auton.o
                0x038044c0                void std::__move_median_to_first<__gnu_cxx::__normal_iterator<double*, std::vector<double, std::allocator<double> > >, __gnu_cxx::__ops::_Iter_less_iter>(__gnu_cxx::__normal_iterator<double*, std::vector<double, std::allocator<double> > >, __gnu_cxx::__normal_iterator<double*, std::vector<double, std::allocator<double> > >, __gnu_cxx::__normal_iterator<double*, std::vector<double, std::allocator<double> > >, __gnu_cxx::__normal_iterator<double*, std::vector<double, std::allocator<double> > >, __gnu_cxx::__ops::_Iter_less_iter)
 .text._ZSt16__insertion_sortIN9__gnu_cxx17__normal_iteratorIPdSt6vectorIdSaIdEEEENS0_5__ops15_Iter_less_iterEEvT_S9_T0_
                0x03804548       0xb0 build/src/Auton.o
                0x03804548                void std::__insertion_sort<__gnu_cxx::__normal_iterator<double*, std::vector<double, std::allocator<double> > >, __gnu_cxx::__ops::_Iter_less_iter>(__gnu_cxx::__normal_iterator<double*, std::vector<double, std::allocator<double> > >, __gnu_cxx::__normal_iterator<double*, std::vector<double, std::allocator<double> > >, __gnu_cxx::__ops::_Iter_less_iter)
 .text._GLOBAL__sub_I_Auton.cpp
                0x038045f8       0x60 build/src/Auton.o
 .text._ZN10BreakTimerC2Edd
                0x03804658       0x24 build/src/BreakTimer.o
                0x03804658                BreakTimer::BreakTimer(double, double)
                0x03804658                BreakTimer::BreakTimer(double, double)
 .text._ZN10BreakTimer6updateEdd
                0x0380467c       0x48 build/src/BreakTimer.o
                0x0380467c                BreakTimer::update(double, double)
 .text._ZN10BreakTimer5resetEv
                0x038046c4       0x10 build/src/BreakTimer.o
                0x038046c4                BreakTimer::reset()
 .text._GLOBAL__sub_I_BreakTimer.cpp
                0x038046d4       0x34 build/src/BreakTimer.o
 .text._Z13intakeForwardv
                0x03804708        0xc build/src/DriverController.o
                0x03804708                intakeForward()
 .text._Z14intakeBackwardv
                0x03804714        0xc build/src/DriverController.o
                0x03804714                intakeBackward()
 .text._Z10toggleHookv
                0x03804720       0x90 build/src/DriverController.o
                0x03804720                toggleHook()
 .text._Z27toggleColorSortAndStallCodev
                0x038047b0       0x2c build/src/DriverController.o
                0x038047b0                toggleColorSortAndStallCode()
 .text._Z9armTogglev
                0x038047dc        0xc build/src/DriverController.o
                0x038047dc                armToggle()
 .text._Z8armScorev
                0x038047e8        0xc build/src/DriverController.o
                0x038047e8                armScore()
 .text._Z13toggleDoinkerv
                0x038047f4       0x50 build/src/DriverController.o
                0x038047f4                toggleDoinker()
 *fill*         0x03804844        0x4 
 .text._Z14wallstakeMacrov
                0x03804848       0x80 build/src/DriverController.o
                0x03804848                wallstakeMacro()
 .text._Z11moveForwardv
                0x038048c8       0xbc build/src/DriverController.o
                0x038048c8                moveForward()
 .text._Z12hookCheckingv
                0x03804984       0x20 build/src/DriverController.o
                0x03804984                hookChecking()
 .text._Z6hookOnv
                0x038049a4       0x10 build/src/DriverController.o
                0x038049a4                hookOn()
 .text._Z10quickBreakv
                0x038049b4       0x24 build/src/DriverController.o
                0x038049b4                quickBreak()
 .text._ZN16DriverControllerC2Ev
                0x038049d8        0x4 build/src/DriverController.o
                0x038049d8                DriverController::DriverController()
                0x038049d8                DriverController::DriverController()
 *fill*         0x038049dc        0x4 
 .text._ZN16DriverController3RunEN3vex11competitionE
                0x038049e0      0x638 build/src/DriverController.o
                0x038049e0                DriverController::Run(vex::competition)
 .text._ZN7Tracker10getHeadingEv
                0x03805018       0x78 build/src/DriverController.o
                0x03805018                Tracker::getHeading()
 .text._ZN16DriverController13RunDriveTrainEv
                0x03805090      0x178 build/src/DriverController.o
                0x03805090                DriverController::RunDriveTrain()
 .text._ZN16DriverController7RunHookEv
                0x03805208       0xd8 build/src/DriverController.o
                0x03805208                DriverController::RunHook()
 .text._ZN7Tracker8getAxialEv
                0x038052e0       0xb4 build/src/DriverController.o
                0x038052e0                Tracker::getAxial()
 *fill*         0x03805394        0x4 
 .text._ZN6rotSub11getPositionEv
                0x03805398      0x178 build/src/DriverController.o
                0x03805398                rotSub::getPosition()
 .text._GLOBAL__sub_I_DriverController.cpp
                0x03805510       0x64 build/src/DriverController.o
 .text._ZN3PIDC2Edddd
                0x03805574       0x4c build/src/PID.o
                0x03805574                PID::PID(double, double, double, double)
                0x03805574                PID::PID(double, double, double, double)
 .text._ZN3PID5startEd
                0x038055c0       0x30 build/src/PID.o
                0x038055c0                PID::start(double)
 .text._ZN3PID9calculateEddb
                0x038055f0       0xc0 build/src/PID.o
                0x038055f0                PID::calculate(double, double, bool)
 .text._GLOBAL__sub_I_PID.cpp
                0x038056b0       0x34 build/src/PID.o
 .text._ZN3vex11motor_groupC2IJNS_5motorES2_EEERS2_DpRT_
                0x038056e4       0x44 build/src/robot-config.o
                0x038056e4                vex::motor_group::motor_group<vex::motor, vex::motor>(vex::motor&, vex::motor&, vex::motor&)
 .text._Z11vexcodeInitv
                0x03805728        0x4 build/src/robot-config.o
                0x03805728                vexcodeInit()
 .text._ZN6rotSubD0Ev
                0x0380572c       0x14 build/src/robot-config.o
                0x0380572c                rotSub::~rotSub()
 .text._GLOBAL__sub_I_robot_config.cpp
                0x03805740      0x640 build/src/robot-config.o
 .text._ZN6AssistC2Eb
                0x03805d80       0xf0 build/src/Assist.o
                0x03805d80                Assist::Assist(bool)
                0x03805d80                Assist::Assist(bool)
 .text._ZN6Assist12gestureCheckEv
                0x03805e70      0x180 build/src/Assist.o
                0x03805e70                Assist::gestureCheck()
 .text._ZN6Assist13scheduleCheckEv
                0x03805ff0       0x5c build/src/Assist.o
                0x03805ff0                Assist::scheduleCheck()
 .text._ZN6Assist3RunEv
                0x0380604c       0x1c build/src/Assist.o
                0x0380604c                Assist::Run()
 .text._ZN6Assist9RunIntakeEv
                0x03806068      0x5a0 build/src/Assist.o
                0x03806068                Assist::RunIntake()
 .text._ZN6Assist6RunArmEv
                0x03806608      0x328 build/src/Assist.o
                0x03806608                Assist::RunArm()
 .text._ZN6Assist14intakeRotationEv
                0x03806930       0x48 build/src/Assist.o
                0x03806930                Assist::intakeRotation()
 .text._GLOBAL__sub_I_Assist.cpp
                0x03806978       0x34 build/src/Assist.o
 .text._ZN7TrackerC2ERN3vex11motor_groupES2_RNS0_8inertialER6rotSubS6_S6_b
                0x038069ac       0x6c build/src/Tracker.o
                0x038069ac                Tracker::Tracker(vex::motor_group&, vex::motor_group&, vex::inertial&, rotSub&, rotSub&, rotSub&, bool)
                0x038069ac                Tracker::Tracker(vex::motor_group&, vex::motor_group&, vex::inertial&, rotSub&, rotSub&, rotSub&, bool)
 .text._ZN7Tracker3setEddd
                0x03806a18      0x128 build/src/Tracker.o
                0x03806a18                Tracker::set(double, double, double)
 .text._ZN7Tracker5StartEv
                0x03806b40       0xd8 build/src/Tracker.o
                0x03806b40                Tracker::Start()
 .text._ZN7Tracker14TrackingThreadEPv
                0x03806c18       0x40 build/src/Tracker.o
                0x03806c18                Tracker::TrackingThread(void*)
 .text._ZN7Tracker11ArcIntegralEv
                0x03806c58      0x238 build/src/Tracker.o
                0x03806c58                Tracker::ArcIntegral()
 .text._GLOBAL__sub_I_Tracker.cpp
                0x03806e90       0x34 build/src/Tracker.o
 .text._Z8drawLogov
                0x03806ec4       0xe0 build/src/Image.o
                0x03806ec4                drawLogo()
 .text._ZN15RobotControllerC2ERN3vex11motor_groupES2_R7Tracker
                0x03806fa4       0x4c build/src/RobotController.o
                0x03806fa4                RobotController::RobotController(vex::motor_group&, vex::motor_group&, Tracker&)
                0x03806fa4                RobotController::RobotController(vex::motor_group&, vex::motor_group&, Tracker&)
 .text._ZN15RobotController20EventHandlingRoutineEPv
                0x03806ff0       0x30 build/src/RobotController.o
                0x03806ff0                RobotController::EventHandlingRoutine(void*)
 .text._ZN15RobotController8GetEventEv
                0x03807020       0x50 build/src/RobotController.o
                0x03807020                RobotController::GetEvent()
 .text._ZN15RobotController10StopMotorsEv
                0x03807070       0x78 build/src/RobotController.o
                0x03807070                RobotController::StopMotors()
 .text._ZN15RobotController13DriveStraightEddddbPFbvEPFvvEd
                0x038070e8      0x6b8 build/src/RobotController.o
                0x038070e8                RobotController::DriveStraight(double, double, double, double, bool, bool (*)(), void (*)(), double)
 .text._ZN7Tracker10angleErrorEd
                0x038077a0       0xa0 build/src/RobotController.o
                0x038077a0                Tracker::angleError(double)
 .text._ZN15RobotController6OutputEdd
                0x03807840      0x124 build/src/RobotController.o
                0x03807840                RobotController::Output(double, double)
 *fill*         0x03807964        0x4 
 .text._ZN15RobotController8DriveArcEddbddPFbvEPFvvEdS3_d
                0x03807968      0x648 build/src/RobotController.o
                0x03807968                RobotController::DriveArc(double, double, bool, double, double, bool (*)(), void (*)(), double, void (*)(), double)
 .text._GLOBAL__sub_I_RobotController.cpp
                0x03807fb0      0x2e8 build/src/RobotController.o
 .text.vexMain  0x03808298       0xb0 c:\Users\li_al\AppData\Roaming\Code\User\globalStorage\vexrobotics.vexcode\sdk\cpp\V5\V5_20240802_15_00_00/vexv5\libv5rt.a(v5_startup.c.obj)
                0x03808298                vexMain
 .text.__vex_function_prolog
                0x03808348       0x18 c:\Users\li_al\AppData\Roaming\Code\User\globalStorage\vexrobotics.vexcode\sdk\cpp\V5\V5_20240802_15_00_00/vexv5\libv5rt.a(v5_startup.c.obj)
                0x03808348                __vex_function_prolog
 .text._init    0x03808360        0x4 c:\Users\li_al\AppData\Roaming\Code\User\globalStorage\vexrobotics.vexcode\sdk\cpp\V5\V5_20240802_15_00_00/vexv5\libv5rt.a(v5_startup.c.obj)
                0x03808360                _init
 .text._fini    0x03808364        0x4 c:\Users\li_al\AppData\Roaming\Code\User\globalStorage\vexrobotics.vexcode\sdk\cpp\V5\V5_20240802_15_00_00/vexv5\libv5rt.a(v5_startup.c.obj)
                0x03808364                _fini
 .text.vexStdlibVersionLinked
                0x03808368        0xc c:\Users\li_al\AppData\Roaming\Code\User\globalStorage\vexrobotics.vexcode\sdk\cpp\V5\V5_20240802_15_00_00/vexv5\libv5rt.a(v5_util.c.obj)
                0x03808368                vexStdlibVersionLinked
 .text.vexStdlibVersionVerify
                0x03808374       0x30 c:\Users\li_al\AppData\Roaming\Code\User\globalStorage\vexrobotics.vexcode\sdk\cpp\V5\V5_20240802_15_00_00/vexv5\libv5rt.a(v5_util.c.obj)
                0x03808374                vexStdlibVersionVerify
 .text.vexPrivateApiEnable
                0x038083a4       0x10 c:\Users\li_al\AppData\Roaming\Code\User\globalStorage\vexrobotics.vexcode\sdk\cpp\V5\V5_20240802_15_00_00/vexv5\libv5rt.a(v5_apijump.c.obj)
                0x038083a4                vexPrivateApiEnable
 .text.vexStdlibMismatchError
                0x038083b4       0x3c c:\Users\li_al\AppData\Roaming\Code\User\globalStorage\vexrobotics.vexcode\sdk\cpp\V5\V5_20240802_15_00_00/vexv5\libv5rt.a(v5_apijump.c.obj)
                0x038083b4                vexStdlibMismatchError
 .text.vexTaskAdd
                0x038083f0       0x10 c:\Users\li_al\AppData\Roaming\Code\User\globalStorage\vexrobotics.vexcode\sdk\cpp\V5\V5_20240802_15_00_00/vexv5\libv5rt.a(v5_apijump.c.obj)
                0x038083f0                vexTaskAdd
 .text.vexTasksRun
                0x03808400       0x10 c:\Users\li_al\AppData\Roaming\Code\User\globalStorage\vexrobotics.vexcode\sdk\cpp\V5\V5_20240802_15_00_00/vexv5\libv5rt.a(v5_apijump.c.obj)
                0x03808400                vexTasksRun
 .text.vexTaskYield
                0x03808410       0x10 c:\Users\li_al\AppData\Roaming\Code\User\globalStorage\vexrobotics.vexcode\sdk\cpp\V5\V5_20240802_15_00_00/vexv5\libv5rt.a(v5_apijump.c.obj)
                0x03808410                vexTaskYield
 .text.vexTaskCheckTimeslice
                0x03808420       0x10 c:\Users\li_al\AppData\Roaming\Code\User\globalStorage\vexrobotics.vexcode\sdk\cpp\V5\V5_20240802_15_00_00/vexv5\libv5rt.a(v5_apijump.c.obj)
                0x03808420                vexTaskCheckTimeslice
 .text.vexTaskSleep
                0x03808430       0x10 c:\Users\li_al\AppData\Roaming\Code\User\globalStorage\vexrobotics.vexcode\sdk\cpp\V5\V5_20240802_15_00_00/vexv5\libv5rt.a(v5_apijump.c.obj)
                0x03808430                vexTaskSleep
 .text.vexSemaphoreInit
                0x03808440       0x24 c:\Users\li_al\AppData\Roaming\Code\User\globalStorage\vexrobotics.vexcode\sdk\cpp\V5\V5_20240802_15_00_00/vexv5\libv5rt.a(v5_apijump.c.obj)
                0x03808440                vexSemaphoreInit
 .text.vexSemaphoreLock
                0x03808464       0x2c c:\Users\li_al\AppData\Roaming\Code\User\globalStorage\vexrobotics.vexcode\sdk\cpp\V5\V5_20240802_15_00_00/vexv5\libv5rt.a(v5_apijump.c.obj)
                0x03808464                vexSemaphoreLock
 .text.vexSemaphoreUnlock
                0x03808490       0x24 c:\Users\li_al\AppData\Roaming\Code\User\globalStorage\vexrobotics.vexcode\sdk\cpp\V5\V5_20240802_15_00_00/vexv5\libv5rt.a(v5_apijump.c.obj)
                0x03808490                vexSemaphoreUnlock
 .text.vexTasksDump
                0x038084b4       0x1c c:\Users\li_al\AppData\Roaming\Code\User\globalStorage\vexrobotics.vexcode\sdk\cpp\V5\V5_20240802_15_00_00/vexv5\libv5rt.a(v5_apijump.c.obj)
                0x038084b4                vexTasksDump
 .text.vexTaskGetTaskIndex
                0x038084d0       0x10 c:\Users\li_al\AppData\Roaming\Code\User\globalStorage\vexrobotics.vexcode\sdk\cpp\V5\V5_20240802_15_00_00/vexv5\libv5rt.a(v5_apijump.c.obj)
                0x038084d0                vexTaskGetTaskIndex
 .text.vexTaskStopAll
                0x038084e0       0x10 c:\Users\li_al\AppData\Roaming\Code\User\globalStorage\vexrobotics.vexcode\sdk\cpp\V5\V5_20240802_15_00_00/vexv5\libv5rt.a(v5_apijump.c.obj)
                0x038084e0                vexTaskStopAll
 .text.vexTaskRemoveAllUser
                0x038084f0       0x34 c:\Users\li_al\AppData\Roaming\Code\User\globalStorage\vexrobotics.vexcode\sdk\cpp\V5\V5_20240802_15_00_00/vexv5\libv5rt.a(v5_apijump.c.obj)
                0x038084f0                vexTaskRemoveAllUser
 .text.vexTaskCompletionIdSet
                0x03808524       0x10 c:\Users\li_al\AppData\Roaming\Code\User\globalStorage\vexrobotics.vexcode\sdk\cpp\V5\V5_20240802_15_00_00/vexv5\libv5rt.a(v5_apijump.c.obj)
                0x03808524                vexTaskCompletionIdSet
 .text.vexTaskAddWithArg
                0x03808534       0x10 c:\Users\li_al\AppData\Roaming\Code\User\globalStorage\vexrobotics.vexcode\sdk\cpp\V5\V5_20240802_15_00_00/vexv5\libv5rt.a(v5_apijump.c.obj)
                0x03808534                vexTaskAddWithArg
 .text.vexTaskAddWithPriorityWithArg
                0x03808544       0x10 c:\Users\li_al\AppData\Roaming\Code\User\globalStorage\vexrobotics.vexcode\sdk\cpp\V5\V5_20240802_15_00_00/vexv5\libv5rt.a(v5_apijump.c.obj)
                0x03808544                vexTaskAddWithPriorityWithArg
 .text.vexTaskStopWithId
                0x03808554       0x10 c:\Users\li_al\AppData\Roaming\Code\User\globalStorage\vexrobotics.vexcode\sdk\cpp\V5\V5_20240802_15_00_00/vexv5\libv5rt.a(v5_apijump.c.obj)
                0x03808554                vexTaskStopWithId
 .text.vexCriticalSection
                0x03808564       0x2c c:\Users\li_al\AppData\Roaming\Code\User\globalStorage\vexrobotics.vexcode\sdk\cpp\V5\V5_20240802_15_00_00/vexv5\libv5rt.a(v5_apijump.c.obj)
                0x03808564                vexCriticalSection
 .text.vexEventAdd
                0x03808590       0x34 c:\Users\li_al\AppData\Roaming\Code\User\globalStorage\vexrobotics.vexcode\sdk\cpp\V5\V5_20240802_15_00_00/vexv5\libv5rt.a(v5_apijump.c.obj)
                0x03808590                vexEventAdd
 .text.vexEventUserIndexGet
                0x038085c4       0x1c c:\Users\li_al\AppData\Roaming\Code\User\globalStorage\vexrobotics.vexcode\sdk\cpp\V5\V5_20240802_15_00_00/vexv5\libv5rt.a(v5_apijump.c.obj)
                0x038085c4                vexEventUserIndexGet
 .text.vexEventAddWithArg
                0x038085e0       0x3c c:\Users\li_al\AppData\Roaming\Code\User\globalStorage\vexrobotics.vexcode\sdk\cpp\V5\V5_20240802_15_00_00/vexv5\libv5rt.a(v5_apijump.c.obj)
                0x038085e0                vexEventAddWithArg
 .text.vexEventsCleanup
                0x0380861c       0x2c c:\Users\li_al\AppData\Roaming\Code\User\globalStorage\vexrobotics.vexcode\sdk\cpp\V5\V5_20240802_15_00_00/vexv5\libv5rt.a(v5_apijump.c.obj)
                0x0380861c                vexEventsCleanup
 .text.vexDebug
                0x03808648       0x38 c:\Users\li_al\AppData\Roaming\Code\User\globalStorage\vexrobotics.vexcode\sdk\cpp\V5\V5_20240802_15_00_00/vexv5\libv5rt.a(v5_apijump.c.obj)
                0x03808648                vexDebug
 .text.vex_sprintf
                0x03808680       0x40 c:\Users\li_al\AppData\Roaming\Code\User\globalStorage\vexrobotics.vexcode\sdk\cpp\V5\V5_20240802_15_00_00/vexv5\libv5rt.a(v5_apijump.c.obj)
                0x03808680                vex_sprintf
 .text.vex_vsnprintf
                0x038086c0       0x3c c:\Users\li_al\AppData\Roaming\Code\User\globalStorage\vexrobotics.vexcode\sdk\cpp\V5\V5_20240802_15_00_00/vexv5\libv5rt.a(v5_apijump.c.obj)
                0x038086c0                vex_vsnprintf
 .text.vexSystemTimeGet
                0x038086fc       0x1c c:\Users\li_al\AppData\Roaming\Code\User\globalStorage\vexrobotics.vexcode\sdk\cpp\V5\V5_20240802_15_00_00/vexv5\libv5rt.a(v5_apijump.c.obj)
                0x038086fc                vexSystemTimeGet
 .text.vexSystemExitRequest
                0x03808718       0x1c c:\Users\li_al\AppData\Roaming\Code\User\globalStorage\vexrobotics.vexcode\sdk\cpp\V5\V5_20240802_15_00_00/vexv5\libv5rt.a(v5_apijump.c.obj)
                0x03808718                vexSystemExitRequest
 .text.vexDeviceGetByIndex
                0x03808734       0x24 c:\Users\li_al\AppData\Roaming\Code\User\globalStorage\vexrobotics.vexcode\sdk\cpp\V5\V5_20240802_15_00_00/vexv5\libv5rt.a(v5_apijump.c.obj)
                0x03808734                vexDeviceGetByIndex
 .text.vexControllerGet
                0x03808758       0x2c c:\Users\li_al\AppData\Roaming\Code\User\globalStorage\vexrobotics.vexcode\sdk\cpp\V5\V5_20240802_15_00_00/vexv5\libv5rt.a(v5_apijump.c.obj)
                0x03808758                vexControllerGet
 .text.vexControllerTextSet
                0x03808784       0x74 c:\Users\li_al\AppData\Roaming\Code\User\globalStorage\vexrobotics.vexcode\sdk\cpp\V5\V5_20240802_15_00_00/vexv5\libv5rt.a(v5_apijump.c.obj)
                0x03808784                vexControllerTextSet
 .text.vexDeviceAdiPortConfigSet
                0x038087f8       0x34 c:\Users\li_al\AppData\Roaming\Code\User\globalStorage\vexrobotics.vexcode\sdk\cpp\V5\V5_20240802_15_00_00/vexv5\libv5rt.a(v5_apijump.c.obj)
                0x038087f8                vexDeviceAdiPortConfigSet
 .text.vexDeviceAdiPortConfigGet
                0x0380882c       0x2c c:\Users\li_al\AppData\Roaming\Code\User\globalStorage\vexrobotics.vexcode\sdk\cpp\V5\V5_20240802_15_00_00/vexv5\libv5rt.a(v5_apijump.c.obj)
                0x0380882c                vexDeviceAdiPortConfigGet
 .text.vexDeviceAdiValueSet
                0x03808858       0x34 c:\Users\li_al\AppData\Roaming\Code\User\globalStorage\vexrobotics.vexcode\sdk\cpp\V5\V5_20240802_15_00_00/vexv5\libv5rt.a(v5_apijump.c.obj)
                0x03808858                vexDeviceAdiValueSet
 .text.vexDeviceAdiValueGet
                0x0380888c       0x2c c:\Users\li_al\AppData\Roaming\Code\User\globalStorage\vexrobotics.vexcode\sdk\cpp\V5\V5_20240802_15_00_00/vexv5\libv5rt.a(v5_apijump.c.obj)
                0x0380888c                vexDeviceAdiValueGet
 .text.vexDeviceMotorVelocitySet
                0x038088b8       0x2c c:\Users\li_al\AppData\Roaming\Code\User\globalStorage\vexrobotics.vexcode\sdk\cpp\V5\V5_20240802_15_00_00/vexv5\libv5rt.a(v5_apijump.c.obj)
                0x038088b8                vexDeviceMotorVelocitySet
 .text.vexDeviceMotorVoltageSet
                0x038088e4       0x2c c:\Users\li_al\AppData\Roaming\Code\User\globalStorage\vexrobotics.vexcode\sdk\cpp\V5\V5_20240802_15_00_00/vexv5\libv5rt.a(v5_apijump.c.obj)
                0x038088e4                vexDeviceMotorVoltageSet
 .text.vexDeviceMotorActualVelocityGet
                0x03808910       0x24 c:\Users\li_al\AppData\Roaming\Code\User\globalStorage\vexrobotics.vexcode\sdk\cpp\V5\V5_20240802_15_00_00/vexv5\libv5rt.a(v5_apijump.c.obj)
                0x03808910                vexDeviceMotorActualVelocityGet
 .text.vexDeviceMotorCurrentLimitSet
                0x03808934       0x2c c:\Users\li_al\AppData\Roaming\Code\User\globalStorage\vexrobotics.vexcode\sdk\cpp\V5\V5_20240802_15_00_00/vexv5\libv5rt.a(v5_apijump.c.obj)
                0x03808934                vexDeviceMotorCurrentLimitSet
 .text.vexDeviceMotorTemperatureGet
                0x03808960       0x24 c:\Users\li_al\AppData\Roaming\Code\User\globalStorage\vexrobotics.vexcode\sdk\cpp\V5\V5_20240802_15_00_00/vexv5\libv5rt.a(v5_apijump.c.obj)
                0x03808960                vexDeviceMotorTemperatureGet
 .text.vexDeviceMotorReverseFlagSet
                0x03808984       0x2c c:\Users\li_al\AppData\Roaming\Code\User\globalStorage\vexrobotics.vexcode\sdk\cpp\V5\V5_20240802_15_00_00/vexv5\libv5rt.a(v5_apijump.c.obj)
                0x03808984                vexDeviceMotorReverseFlagSet
 .text.vexDeviceMotorEncoderUnitsSet
                0x038089b0       0x2c c:\Users\li_al\AppData\Roaming\Code\User\globalStorage\vexrobotics.vexcode\sdk\cpp\V5\V5_20240802_15_00_00/vexv5\libv5rt.a(v5_apijump.c.obj)
                0x038089b0                vexDeviceMotorEncoderUnitsSet
 .text.vexDeviceMotorBrakeModeSet
                0x038089dc       0x2c c:\Users\li_al\AppData\Roaming\Code\User\globalStorage\vexrobotics.vexcode\sdk\cpp\V5\V5_20240802_15_00_00/vexv5\libv5rt.a(v5_apijump.c.obj)
                0x038089dc                vexDeviceMotorBrakeModeSet
 .text.vexDeviceMotorPositionSet
                0x03808a08       0x34 c:\Users\li_al\AppData\Roaming\Code\User\globalStorage\vexrobotics.vexcode\sdk\cpp\V5\V5_20240802_15_00_00/vexv5\libv5rt.a(v5_apijump.c.obj)
                0x03808a08                vexDeviceMotorPositionSet
 .text.vexDeviceMotorPositionGet
                0x03808a3c       0x24 c:\Users\li_al\AppData\Roaming\Code\User\globalStorage\vexrobotics.vexcode\sdk\cpp\V5\V5_20240802_15_00_00/vexv5\libv5rt.a(v5_apijump.c.obj)
                0x03808a3c                vexDeviceMotorPositionGet
 .text.vexDeviceMotorGearingSet
                0x03808a60       0x2c c:\Users\li_al\AppData\Roaming\Code\User\globalStorage\vexrobotics.vexcode\sdk\cpp\V5\V5_20240802_15_00_00/vexv5\libv5rt.a(v5_apijump.c.obj)
                0x03808a60                vexDeviceMotorGearingSet
 .text.vexDeviceMotorGearingGet
                0x03808a8c       0x24 c:\Users\li_al\AppData\Roaming\Code\User\globalStorage\vexrobotics.vexcode\sdk\cpp\V5\V5_20240802_15_00_00/vexv5\libv5rt.a(v5_apijump.c.obj)
                0x03808a8c                vexDeviceMotorGearingGet
 .text.vexDeviceImuReset
                0x03808ab0       0x24 c:\Users\li_al\AppData\Roaming\Code\User\globalStorage\vexrobotics.vexcode\sdk\cpp\V5\V5_20240802_15_00_00/vexv5\libv5rt.a(v5_apijump.c.obj)
                0x03808ab0                vexDeviceImuReset
 .text.vexDeviceImuHeadingGet
                0x03808ad4       0x24 c:\Users\li_al\AppData\Roaming\Code\User\globalStorage\vexrobotics.vexcode\sdk\cpp\V5\V5_20240802_15_00_00/vexv5\libv5rt.a(v5_apijump.c.obj)
                0x03808ad4                vexDeviceImuHeadingGet
 .text.vexDeviceImuDegreesGet
                0x03808af8       0x24 c:\Users\li_al\AppData\Roaming\Code\User\globalStorage\vexrobotics.vexcode\sdk\cpp\V5\V5_20240802_15_00_00/vexv5\libv5rt.a(v5_apijump.c.obj)
                0x03808af8                vexDeviceImuDegreesGet
 .text.vexDeviceImuStatusGet
                0x03808b1c       0x24 c:\Users\li_al\AppData\Roaming\Code\User\globalStorage\vexrobotics.vexcode\sdk\cpp\V5\V5_20240802_15_00_00/vexv5\libv5rt.a(v5_apijump.c.obj)
                0x03808b1c                vexDeviceImuStatusGet
 .text.vexDeviceAbsEncPositionSet
                0x03808b40       0x2c c:\Users\li_al\AppData\Roaming\Code\User\globalStorage\vexrobotics.vexcode\sdk\cpp\V5\V5_20240802_15_00_00/vexv5\libv5rt.a(v5_apijump.c.obj)
                0x03808b40                vexDeviceAbsEncPositionSet
 .text.vexDeviceAbsEncPositionGet
                0x03808b6c       0x24 c:\Users\li_al\AppData\Roaming\Code\User\globalStorage\vexrobotics.vexcode\sdk\cpp\V5\V5_20240802_15_00_00/vexv5\libv5rt.a(v5_apijump.c.obj)
                0x03808b6c                vexDeviceAbsEncPositionGet
 .text.vexDeviceAbsEncAngleGet
                0x03808b90       0x24 c:\Users\li_al\AppData\Roaming\Code\User\globalStorage\vexrobotics.vexcode\sdk\cpp\V5\V5_20240802_15_00_00/vexv5\libv5rt.a(v5_apijump.c.obj)
                0x03808b90                vexDeviceAbsEncAngleGet
 .text.vexDeviceAbsEncReverseFlagSet
                0x03808bb4       0x2c c:\Users\li_al\AppData\Roaming\Code\User\globalStorage\vexrobotics.vexcode\sdk\cpp\V5\V5_20240802_15_00_00/vexv5\libv5rt.a(v5_apijump.c.obj)
                0x03808bb4                vexDeviceAbsEncReverseFlagSet
 .text.vexDeviceAbsEncDataRateSet
                0x03808be0       0x40 c:\Users\li_al\AppData\Roaming\Code\User\globalStorage\vexrobotics.vexcode\sdk\cpp\V5\V5_20240802_15_00_00/vexv5\libv5rt.a(v5_apijump.c.obj)
                0x03808be0                vexDeviceAbsEncDataRateSet
 .text.vexDeviceOpticalHueGet
                0x03808c20       0x24 c:\Users\li_al\AppData\Roaming\Code\User\globalStorage\vexrobotics.vexcode\sdk\cpp\V5\V5_20240802_15_00_00/vexv5\libv5rt.a(v5_apijump.c.obj)
                0x03808c20                vexDeviceOpticalHueGet
 .text.vexDeviceOpticalProximityGet
                0x03808c44       0x24 c:\Users\li_al\AppData\Roaming\Code\User\globalStorage\vexrobotics.vexcode\sdk\cpp\V5\V5_20240802_15_00_00/vexv5\libv5rt.a(v5_apijump.c.obj)
                0x03808c44                vexDeviceOpticalProximityGet
 .text.vexDeviceOpticalLedPwmSet
                0x03808c68       0x2c c:\Users\li_al\AppData\Roaming\Code\User\globalStorage\vexrobotics.vexcode\sdk\cpp\V5\V5_20240802_15_00_00/vexv5\libv5rt.a(v5_apijump.c.obj)
                0x03808c68                vexDeviceOpticalLedPwmSet
 .text.vexDeviceOpticalGestureEnable
                0x03808c94       0x24 c:\Users\li_al\AppData\Roaming\Code\User\globalStorage\vexrobotics.vexcode\sdk\cpp\V5\V5_20240802_15_00_00/vexv5\libv5rt.a(v5_apijump.c.obj)
                0x03808c94                vexDeviceOpticalGestureEnable
 .text.vexDeviceOpticalGestureDisable
                0x03808cb8       0x24 c:\Users\li_al\AppData\Roaming\Code\User\globalStorage\vexrobotics.vexcode\sdk\cpp\V5\V5_20240802_15_00_00/vexv5\libv5rt.a(v5_apijump.c.obj)
                0x03808cb8                vexDeviceOpticalGestureDisable
 .text.vexDeviceOpticalProximityThreshold
                0x03808cdc       0x2c c:\Users\li_al\AppData\Roaming\Code\User\globalStorage\vexrobotics.vexcode\sdk\cpp\V5\V5_20240802_15_00_00/vexv5\libv5rt.a(v5_apijump.c.obj)
                0x03808cdc                vexDeviceOpticalProximityThreshold
 .text.vexDeviceDistanceDistanceGet
                0x03808d08       0x24 c:\Users\li_al\AppData\Roaming\Code\User\globalStorage\vexrobotics.vexcode\sdk\cpp\V5\V5_20240802_15_00_00/vexv5\libv5rt.a(v5_apijump.c.obj)
                0x03808d08                vexDeviceDistanceDistanceGet
 .text.vexDisplayForegroundColor
                0x03808d2c       0x24 c:\Users\li_al\AppData\Roaming\Code\User\globalStorage\vexrobotics.vexcode\sdk\cpp\V5\V5_20240802_15_00_00/vexv5\libv5rt.a(v5_apijump.c.obj)
                0x03808d2c                vexDisplayForegroundColor
 .text.vexDisplayBackgroundColor
                0x03808d50       0x24 c:\Users\li_al\AppData\Roaming\Code\User\globalStorage\vexrobotics.vexcode\sdk\cpp\V5\V5_20240802_15_00_00/vexv5\libv5rt.a(v5_apijump.c.obj)
                0x03808d50                vexDisplayBackgroundColor
 .text.vexDisplayPixelSet
                0x03808d74       0x38 c:\Users\li_al\AppData\Roaming\Code\User\globalStorage\vexrobotics.vexcode\sdk\cpp\V5\V5_20240802_15_00_00/vexv5\libv5rt.a(v5_apijump.c.obj)
                0x03808d74                vexDisplayPixelSet
 .text.vexDisplayRectClear
                0x03808dac       0x4c c:\Users\li_al\AppData\Roaming\Code\User\globalStorage\vexrobotics.vexcode\sdk\cpp\V5\V5_20240802_15_00_00/vexv5\libv5rt.a(v5_apijump.c.obj)
                0x03808dac                vexDisplayRectClear
 .text.vexDisplayTextReference
                0x03808df8       0x24 c:\Users\li_al\AppData\Roaming\Code\User\globalStorage\vexrobotics.vexcode\sdk\cpp\V5\V5_20240802_15_00_00/vexv5\libv5rt.a(v5_apijump.c.obj)
                0x03808df8                vexDisplayTextReference
 .text.vexDisplayTextSize
                0x03808e1c       0x2c c:\Users\li_al\AppData\Roaming\Code\User\globalStorage\vexrobotics.vexcode\sdk\cpp\V5\V5_20240802_15_00_00/vexv5\libv5rt.a(v5_apijump.c.obj)
                0x03808e1c                vexDisplayTextSize
 .text.vexDisplayFontNamedSet
                0x03808e48       0x24 c:\Users\li_al\AppData\Roaming\Code\User\globalStorage\vexrobotics.vexcode\sdk\cpp\V5\V5_20240802_15_00_00/vexv5\libv5rt.a(v5_apijump.c.obj)
                0x03808e48                vexDisplayFontNamedSet
 .text.vexSystemStdlibImpureDataAddr
                0x03808e6c       0x28 c:\Users\li_al\AppData\Roaming\Code\User\globalStorage\vexrobotics.vexcode\sdk\cpp\V5\V5_20240802_15_00_00/vexv5\libv5rt.a(v5_apijump.c.obj)
                0x03808e6c                vexSystemStdlibImpureDataAddr
 .text.vexSystemStdlibImpureDataSize
                0x03808e94       0x28 c:\Users\li_al\AppData\Roaming\Code\User\globalStorage\vexrobotics.vexcode\sdk\cpp\V5\V5_20240802_15_00_00/vexv5\libv5rt.a(v5_apijump.c.obj)
                0x03808e94                vexSystemStdlibImpureDataSize
 .text.vexSystemSaveUserData
                0x03808ebc       0x3c c:\Users\li_al\AppData\Roaming\Code\User\globalStorage\vexrobotics.vexcode\sdk\cpp\V5\V5_20240802_15_00_00/vexv5\libv5rt.a(v5_apijump.c.obj)
                0x03808ebc                vexSystemSaveUserData
 .text.vexDisplayThemeIdGet
                0x03808ef8       0x38 c:\Users\li_al\AppData\Roaming\Code\User\globalStorage\vexrobotics.vexcode\sdk\cpp\V5\V5_20240802_15_00_00/vexv5\libv5rt.a(v5_apijump.c.obj)
                0x03808ef8                vexDisplayThemeIdGet
 .text.vexDeviceEventMaskSet
                0x03808f30       0x48 c:\Users\li_al\AppData\Roaming\Code\User\globalStorage\vexrobotics.vexcode\sdk\cpp\V5\V5_20240802_15_00_00/vexv5\libv5rt.a(v5_apijump.c.obj)
                0x03808f30                vexDeviceEventMaskSet
 .text.vexDeviceEventMaskGet
                0x03808f78       0x3c c:\Users\li_al\AppData\Roaming\Code\User\globalStorage\vexrobotics.vexcode\sdk\cpp\V5\V5_20240802_15_00_00/vexv5\libv5rt.a(v5_apijump.c.obj)
                0x03808f78                vexDeviceEventMaskGet
 .text.vexSystemVersion
                0x03808fb4       0x10 c:\Users\li_al\AppData\Roaming\Code\User\globalStorage\vexrobotics.vexcode\sdk\cpp\V5\V5_20240802_15_00_00/vexv5\libv5rt.a(v5_apiversions.c.obj)
                0x03808fb4                vexSystemVersion
 .text.vexStdlibVersion
                0x03808fc4       0x10 c:\Users\li_al\AppData\Roaming\Code\User\globalStorage\vexrobotics.vexcode\sdk\cpp\V5\V5_20240802_15_00_00/vexv5\libv5rt.a(v5_apiversions.c.obj)
                0x03808fc4                vexStdlibVersion
 *fill*         0x03808fd4        0x4 
 .text._ZN3vex4waitEdNS_9timeUnitsE
                0x03808fd8       0x30 c:\Users\li_al\AppData\Roaming\Code\User\globalStorage\vexrobotics.vexcode\sdk\cpp\V5\V5_20240802_15_00_00/vexv5\libv5rt.a(vex_global.cpp.obj)
                0x03808fd8                vex::wait(double, vex::timeUnits)
 .text._ZN3vex5motorD2Ev
                0x03809008       0x20 c:\Users\li_al\AppData\Roaming\Code\User\globalStorage\vexrobotics.vexcode\sdk\cpp\V5\V5_20240802_15_00_00/vexv5\libv5rt.a(vex_motor.cpp.obj)
                0x03809008                vex::motor::~motor()
                0x03809008                vex::motor::~motor()
 .text._ZN3vex5motorD0Ev
                0x03809028       0x1c c:\Users\li_al\AppData\Roaming\Code\User\globalStorage\vexrobotics.vexcode\sdk\cpp\V5\V5_20240802_15_00_00/vexv5\libv5rt.a(vex_motor.cpp.obj)
                0x03809028                vex::motor::~motor()
 .text._ZN3vex5motor9installedEv
                0x03809044       0x18 c:\Users\li_al\AppData\Roaming\Code\User\globalStorage\vexrobotics.vexcode\sdk\cpp\V5\V5_20240802_15_00_00/vexv5\libv5rt.a(vex_motor.cpp.obj)
                0x03809044                vex::motor::installed()
 .text._ZN3vex5motor15defaultStoppingENS_9brakeTypeE
                0x0380905c       0x30 c:\Users\li_al\AppData\Roaming\Code\User\globalStorage\vexrobotics.vexcode\sdk\cpp\V5\V5_20240802_15_00_00/vexv5\libv5rt.a(vex_motor.cpp.obj)
                0x0380905c                vex::motor::defaultStopping(vex::brakeType)
 .text._ZN3vex5motorC2El
                0x0380908c       0x78 c:\Users\li_al\AppData\Roaming\Code\User\globalStorage\vexrobotics.vexcode\sdk\cpp\V5\V5_20240802_15_00_00/vexv5\libv5rt.a(vex_motor.cpp.obj)
                0x0380908c                vex::motor::motor(long)
                0x0380908c                vex::motor::motor(long)
 .text._ZN3vex5motorC2ElNS_11gearSettingEb
                0x03809104       0x34 c:\Users\li_al\AppData\Roaming\Code\User\globalStorage\vexrobotics.vexcode\sdk\cpp\V5\V5_20240802_15_00_00/vexv5\libv5rt.a(vex_motor.cpp.obj)
                0x03809104                vex::motor::motor(long, vex::gearSetting, bool)
                0x03809104                vex::motor::motor(long, vex::gearSetting, bool)
 .text._ZN3vex5motor4spinENS_13directionTypeEdNS_12voltageUnitsE
                0x03809138       0x50 c:\Users\li_al\AppData\Roaming\Code\User\globalStorage\vexrobotics.vexcode\sdk\cpp\V5\V5_20240802_15_00_00/vexv5\libv5rt.a(vex_motor.cpp.obj)
                0x03809138                vex::motor::spin(vex::directionType, double, vex::voltageUnits)
 .text._ZN3vex5motor4stopENS_9brakeTypeE
                0x03809188       0x30 c:\Users\li_al\AppData\Roaming\Code\User\globalStorage\vexrobotics.vexcode\sdk\cpp\V5\V5_20240802_15_00_00/vexv5\libv5rt.a(vex_motor.cpp.obj)
                0x03809188                vex::motor::stop(vex::brakeType)
 .text._ZN3vex5motor4stopEv
                0x038091b8        0x8 c:\Users\li_al\AppData\Roaming\Code\User\globalStorage\vexrobotics.vexcode\sdk\cpp\V5\V5_20240802_15_00_00/vexv5\libv5rt.a(vex_motor.cpp.obj)
                0x038091b8                vex::motor::stop()
 .text._ZN3vex5motor12setMaxTorqueEdNS_12currentUnitsE
                0x038091c0       0x28 c:\Users\li_al\AppData\Roaming\Code\User\globalStorage\vexrobotics.vexcode\sdk\cpp\V5\V5_20240802_15_00_00/vexv5\libv5rt.a(vex_motor.cpp.obj)
                0x038091c0                vex::motor::setMaxTorque(double, vex::currentUnits)
 .text._ZN3vex5motor11temperatureENS_16temperatureUnitsE
                0x038091e8       0x40 c:\Users\li_al\AppData\Roaming\Code\User\globalStorage\vexrobotics.vexcode\sdk\cpp\V5\V5_20240802_15_00_00/vexv5\libv5rt.a(vex_motor.cpp.obj)
                0x038091e8                vex::motor::temperature(vex::temperatureUnits)
 .text._ZN3vex5motor16velocityToScaledEdNS_13velocityUnitsE
                0x03809228       0x5c c:\Users\li_al\AppData\Roaming\Code\User\globalStorage\vexrobotics.vexcode\sdk\cpp\V5\V5_20240802_15_00_00/vexv5\libv5rt.a(vex_motor.cpp.obj)
                0x03809228                vex::motor::velocityToScaled(double, vex::velocityUnits)
 .text._ZN3vex5motor8velocityENS_13velocityUnitsE
                0x03809284       0x30 c:\Users\li_al\AppData\Roaming\Code\User\globalStorage\vexrobotics.vexcode\sdk\cpp\V5\V5_20240802_15_00_00/vexv5\libv5rt.a(vex_motor.cpp.obj)
                0x03809284                vex::motor::velocity(vex::velocityUnits)
 .text._ZN3vex5motor5valueEv
                0x038092b4       0x1c c:\Users\li_al\AppData\Roaming\Code\User\globalStorage\vexrobotics.vexcode\sdk\cpp\V5\V5_20240802_15_00_00/vexv5\libv5rt.a(vex_motor.cpp.obj)
                0x038092b4                vex::motor::value()
 .text._ZN3vex5motor16setRotationUnitsENS_13rotationUnitsE
                0x038092d0       0x1c c:\Users\li_al\AppData\Roaming\Code\User\globalStorage\vexrobotics.vexcode\sdk\cpp\V5\V5_20240802_15_00_00/vexv5\libv5rt.a(vex_motor.cpp.obj)
                0x038092d0                vex::motor::setRotationUnits(vex::rotationUnits)
 .text._ZN3vex5motor11setPositionEdNS_13rotationUnitsE
                0x038092ec       0x44 c:\Users\li_al\AppData\Roaming\Code\User\globalStorage\vexrobotics.vexcode\sdk\cpp\V5\V5_20240802_15_00_00/vexv5\libv5rt.a(vex_motor.cpp.obj)
                0x038092ec                vex::motor::setPosition(double, vex::rotationUnits)
 .text._ZN3vex5motor13resetPositionEv
                0x03809330       0x20 c:\Users\li_al\AppData\Roaming\Code\User\globalStorage\vexrobotics.vexcode\sdk\cpp\V5\V5_20240802_15_00_00/vexv5\libv5rt.a(vex_motor.cpp.obj)
                0x03809330                vex::motor::resetPosition()
 .text._ZN3vex5motor8positionENS_13rotationUnitsE
                0x03809350       0x44 c:\Users\li_al\AppData\Roaming\Code\User\globalStorage\vexrobotics.vexcode\sdk\cpp\V5\V5_20240802_15_00_00/vexv5\libv5rt.a(vex_motor.cpp.obj)
                0x03809350                vex::motor::position(vex::rotationUnits)
 .text._ZN3vex8inertial11getTurnTypeEv
                0x03809394        0x8 c:\Users\li_al\AppData\Roaming\Code\User\globalStorage\vexrobotics.vexcode\sdk\cpp\V5\V5_20240802_15_00_00/vexv5\libv5rt.a(vex_imu.cpp.obj)
                0x03809394                vex::inertial::getTurnType()
 .text._ZThn16_N3vex8inertial11getTurnTypeEv
                0x0380939c        0x8 c:\Users\li_al\AppData\Roaming\Code\User\globalStorage\vexrobotics.vexcode\sdk\cpp\V5\V5_20240802_15_00_00/vexv5\libv5rt.a(vex_imu.cpp.obj)
                0x0380939c                non-virtual thunk to vex::inertial::getTurnType()
 *fill*         0x038093a4        0x4 
 .text._ZN3vex8inertial10setHeadingEdNS_13rotationUnitsE
                0x038093a8       0x58 c:\Users\li_al\AppData\Roaming\Code\User\globalStorage\vexrobotics.vexcode\sdk\cpp\V5\V5_20240802_15_00_00/vexv5\libv5rt.a(vex_imu.cpp.obj)
                0x038093a8                vex::inertial::setHeading(double, vex::rotationUnits)
 .text._ZThn16_N3vex8inertial10setHeadingEdNS_13rotationUnitsE
                0x03809400        0x8 c:\Users\li_al\AppData\Roaming\Code\User\globalStorage\vexrobotics.vexcode\sdk\cpp\V5\V5_20240802_15_00_00/vexv5\libv5rt.a(vex_imu.cpp.obj)
                0x03809400                non-virtual thunk to vex::inertial::setHeading(double, vex::rotationUnits)
 .text._ZN3vex8inertial11setRotationEdNS_13rotationUnitsE
                0x03809408       0x58 c:\Users\li_al\AppData\Roaming\Code\User\globalStorage\vexrobotics.vexcode\sdk\cpp\V5\V5_20240802_15_00_00/vexv5\libv5rt.a(vex_imu.cpp.obj)
                0x03809408                vex::inertial::setRotation(double, vex::rotationUnits)
 .text._ZThn16_N3vex8inertial11setRotationEdNS_13rotationUnitsE
                0x03809460        0x8 c:\Users\li_al\AppData\Roaming\Code\User\globalStorage\vexrobotics.vexcode\sdk\cpp\V5\V5_20240802_15_00_00/vexv5\libv5rt.a(vex_imu.cpp.obj)
                0x03809460                non-virtual thunk to vex::inertial::setRotation(double, vex::rotationUnits)
 .text._ZN3vex8inertialD2Ev
                0x03809468       0x20 c:\Users\li_al\AppData\Roaming\Code\User\globalStorage\vexrobotics.vexcode\sdk\cpp\V5\V5_20240802_15_00_00/vexv5\libv5rt.a(vex_imu.cpp.obj)
                0x03809468                vex::inertial::~inertial()
                0x03809468                vex::inertial::~inertial()
 .text._ZThn16_N3vex8inertialD1Ev
                0x03809488        0x8 c:\Users\li_al\AppData\Roaming\Code\User\globalStorage\vexrobotics.vexcode\sdk\cpp\V5\V5_20240802_15_00_00/vexv5\libv5rt.a(vex_imu.cpp.obj)
                0x03809488                non-virtual thunk to vex::inertial::~inertial()
 .text._ZN3vex8inertialD0Ev
                0x03809490       0x1c c:\Users\li_al\AppData\Roaming\Code\User\globalStorage\vexrobotics.vexcode\sdk\cpp\V5\V5_20240802_15_00_00/vexv5\libv5rt.a(vex_imu.cpp.obj)
                0x03809490                vex::inertial::~inertial()
 .text._ZThn16_N3vex8inertialD0Ev
                0x038094ac        0x8 c:\Users\li_al\AppData\Roaming\Code\User\globalStorage\vexrobotics.vexcode\sdk\cpp\V5\V5_20240802_15_00_00/vexv5\libv5rt.a(vex_imu.cpp.obj)
                0x038094ac                non-virtual thunk to vex::inertial::~inertial()
 .text._ZN3vex8inertial9installedEv
                0x038094b4       0x18 c:\Users\li_al\AppData\Roaming\Code\User\globalStorage\vexrobotics.vexcode\sdk\cpp\V5\V5_20240802_15_00_00/vexv5\libv5rt.a(vex_imu.cpp.obj)
                0x038094b4                vex::inertial::installed()
 .text._ZN3vex8inertial5angleENS_13rotationUnitsE
                0x038094cc       0x6c c:\Users\li_al\AppData\Roaming\Code\User\globalStorage\vexrobotics.vexcode\sdk\cpp\V5\V5_20240802_15_00_00/vexv5\libv5rt.a(vex_imu.cpp.obj)
                0x038094cc                vex::inertial::angle(vex::rotationUnits)
 .text._ZThn16_N3vex8inertial5angleENS_13rotationUnitsE
                0x03809538        0x8 c:\Users\li_al\AppData\Roaming\Code\User\globalStorage\vexrobotics.vexcode\sdk\cpp\V5\V5_20240802_15_00_00/vexv5\libv5rt.a(vex_imu.cpp.obj)
                0x03809538                non-virtual thunk to vex::inertial::angle(vex::rotationUnits)
 .text._ZN3vex8inertial7headingENS_13rotationUnitsE
                0x03809540        0x4 c:\Users\li_al\AppData\Roaming\Code\User\globalStorage\vexrobotics.vexcode\sdk\cpp\V5\V5_20240802_15_00_00/vexv5\libv5rt.a(vex_imu.cpp.obj)
                0x03809540                vex::inertial::heading(vex::rotationUnits)
 .text._ZThn16_N3vex8inertial7headingENS_13rotationUnitsE
                0x03809544        0x8 c:\Users\li_al\AppData\Roaming\Code\User\globalStorage\vexrobotics.vexcode\sdk\cpp\V5\V5_20240802_15_00_00/vexv5\libv5rt.a(vex_imu.cpp.obj)
                0x03809544                non-virtual thunk to vex::inertial::heading(vex::rotationUnits)
 .text._ZN3vex8inertial5valueEv
                0x0380954c       0x1c c:\Users\li_al\AppData\Roaming\Code\User\globalStorage\vexrobotics.vexcode\sdk\cpp\V5\V5_20240802_15_00_00/vexv5\libv5rt.a(vex_imu.cpp.obj)
                0x0380954c                vex::inertial::value()
 .text._ZN3vex8inertial8rotationENS_13rotationUnitsE
                0x03809568       0x48 c:\Users\li_al\AppData\Roaming\Code\User\globalStorage\vexrobotics.vexcode\sdk\cpp\V5\V5_20240802_15_00_00/vexv5\libv5rt.a(vex_imu.cpp.obj)
                0x03809568                vex::inertial::rotation(vex::rotationUnits)
 .text._ZThn16_N3vex8inertial8rotationENS_13rotationUnitsE
                0x038095b0        0x8 c:\Users\li_al\AppData\Roaming\Code\User\globalStorage\vexrobotics.vexcode\sdk\cpp\V5\V5_20240802_15_00_00/vexv5\libv5rt.a(vex_imu.cpp.obj)
                0x038095b0                non-virtual thunk to vex::inertial::rotation(vex::rotationUnits)
 .text._ZN3vex8inertial13isCalibratingEv
                0x038095b8       0x38 c:\Users\li_al\AppData\Roaming\Code\User\globalStorage\vexrobotics.vexcode\sdk\cpp\V5\V5_20240802_15_00_00/vexv5\libv5rt.a(vex_imu.cpp.obj)
                0x038095b8                vex::inertial::isCalibrating()
 .text._ZThn16_N3vex8inertial13isCalibratingEv
                0x038095f0        0x8 c:\Users\li_al\AppData\Roaming\Code\User\globalStorage\vexrobotics.vexcode\sdk\cpp\V5\V5_20240802_15_00_00/vexv5\libv5rt.a(vex_imu.cpp.obj)
                0x038095f0                non-virtual thunk to vex::inertial::isCalibrating()
 .text._ZN3vex8inertialC2ElNS_8turnTypeE
                0x038095f8       0x4c c:\Users\li_al\AppData\Roaming\Code\User\globalStorage\vexrobotics.vexcode\sdk\cpp\V5\V5_20240802_15_00_00/vexv5\libv5rt.a(vex_imu.cpp.obj)
                0x038095f8                vex::inertial::inertial(long, vex::turnType)
                0x038095f8                vex::inertial::inertial(long, vex::turnType)
 .text._ZN3vex8inertial16startCalibrationEl
                0x03809644       0x20 c:\Users\li_al\AppData\Roaming\Code\User\globalStorage\vexrobotics.vexcode\sdk\cpp\V5\V5_20240802_15_00_00/vexv5\libv5rt.a(vex_imu.cpp.obj)
                0x03809644                vex::inertial::startCalibration(long)
 .text._ZN3vex8inertial9calibrateEl
                0x03809664        0xc c:\Users\li_al\AppData\Roaming\Code\User\globalStorage\vexrobotics.vexcode\sdk\cpp\V5\V5_20240802_15_00_00/vexv5\libv5rt.a(vex_imu.cpp.obj)
                0x03809664                vex::inertial::calibrate(long)
                0x03809668                non-virtual thunk to vex::inertial::calibrate(long)
 .text._ZN3vex8rotationD2Ev
                0x03809670       0x20 c:\Users\li_al\AppData\Roaming\Code\User\globalStorage\vexrobotics.vexcode\sdk\cpp\V5\V5_20240802_15_00_00/vexv5\libv5rt.a(vex_rotation.cpp.obj)
                0x03809670                vex::rotation::~rotation()
                0x03809670                vex::rotation::~rotation()
 .text._ZN3vex8rotationD0Ev
                0x03809690       0x1c c:\Users\li_al\AppData\Roaming\Code\User\globalStorage\vexrobotics.vexcode\sdk\cpp\V5\V5_20240802_15_00_00/vexv5\libv5rt.a(vex_rotation.cpp.obj)
                0x03809690                vex::rotation::~rotation()
 .text._ZN3vex8rotation9installedEv
                0x038096ac       0x18 c:\Users\li_al\AppData\Roaming\Code\User\globalStorage\vexrobotics.vexcode\sdk\cpp\V5\V5_20240802_15_00_00/vexv5\libv5rt.a(vex_rotation.cpp.obj)
                0x038096ac                vex::rotation::installed()
 .text._ZN3vex8rotation5valueEv
                0x038096c4        0x8 c:\Users\li_al\AppData\Roaming\Code\User\globalStorage\vexrobotics.vexcode\sdk\cpp\V5\V5_20240802_15_00_00/vexv5\libv5rt.a(vex_rotation.cpp.obj)
                0x038096c4                vex::rotation::value()
 .text._ZN3vex8rotationC2Elb
                0x038096cc       0x30 c:\Users\li_al\AppData\Roaming\Code\User\globalStorage\vexrobotics.vexcode\sdk\cpp\V5\V5_20240802_15_00_00/vexv5\libv5rt.a(vex_rotation.cpp.obj)
                0x038096cc                vex::rotation::rotation(long, bool)
                0x038096cc                vex::rotation::rotation(long, bool)
 .text._ZN3vex8rotation8datarateEm
                0x038096fc        0x8 c:\Users\li_al\AppData\Roaming\Code\User\globalStorage\vexrobotics.vexcode\sdk\cpp\V5\V5_20240802_15_00_00/vexv5\libv5rt.a(vex_rotation.cpp.obj)
                0x038096fc                vex::rotation::datarate(unsigned long)
 .text._ZN3vex8rotation13resetPositionEv
                0x03809704        0xc c:\Users\li_al\AppData\Roaming\Code\User\globalStorage\vexrobotics.vexcode\sdk\cpp\V5\V5_20240802_15_00_00/vexv5\libv5rt.a(vex_rotation.cpp.obj)
                0x03809704                vex::rotation::resetPosition()
 .text._ZN3vex8rotation11setPositionEdNS_13rotationUnitsE
                0x03809710       0x48 c:\Users\li_al\AppData\Roaming\Code\User\globalStorage\vexrobotics.vexcode\sdk\cpp\V5\V5_20240802_15_00_00/vexv5\libv5rt.a(vex_rotation.cpp.obj)
                0x03809710                vex::rotation::setPosition(double, vex::rotationUnits)
 .text._ZN3vex8rotation8positionENS_13rotationUnitsE
                0x03809758       0x50 c:\Users\li_al\AppData\Roaming\Code\User\globalStorage\vexrobotics.vexcode\sdk\cpp\V5\V5_20240802_15_00_00/vexv5\libv5rt.a(vex_rotation.cpp.obj)
                0x03809758                vex::rotation::position(vex::rotationUnits)
 .text._ZN3vex7opticalD2Ev
                0x038097a8       0x20 c:\Users\li_al\AppData\Roaming\Code\User\globalStorage\vexrobotics.vexcode\sdk\cpp\V5\V5_20240802_15_00_00/vexv5\libv5rt.a(vex_optical.cpp.obj)
                0x038097a8                vex::optical::~optical()
                0x038097a8                vex::optical::~optical()
 .text._ZN3vex7opticalD0Ev
                0x038097c8       0x1c c:\Users\li_al\AppData\Roaming\Code\User\globalStorage\vexrobotics.vexcode\sdk\cpp\V5\V5_20240802_15_00_00/vexv5\libv5rt.a(vex_optical.cpp.obj)
                0x038097c8                vex::optical::~optical()
 .text._ZN3vex7optical9installedEv
                0x038097e4       0x18 c:\Users\li_al\AppData\Roaming\Code\User\globalStorage\vexrobotics.vexcode\sdk\cpp\V5\V5_20240802_15_00_00/vexv5\libv5rt.a(vex_optical.cpp.obj)
                0x038097e4                vex::optical::installed()
 .text._ZN3vex7optical3hueEv
                0x038097fc        0x8 c:\Users\li_al\AppData\Roaming\Code\User\globalStorage\vexrobotics.vexcode\sdk\cpp\V5\V5_20240802_15_00_00/vexv5\libv5rt.a(vex_optical.cpp.obj)
                0x038097fc                vex::optical::hue()
 .text._ZN3vex7optical5valueEv
                0x03809804       0x18 c:\Users\li_al\AppData\Roaming\Code\User\globalStorage\vexrobotics.vexcode\sdk\cpp\V5\V5_20240802_15_00_00/vexv5\libv5rt.a(vex_optical.cpp.obj)
                0x03809804                vex::optical::value()
 .text._ZN3vex7optical12isNearObjectEv
                0x0380981c       0x24 c:\Users\li_al\AppData\Roaming\Code\User\globalStorage\vexrobotics.vexcode\sdk\cpp\V5\V5_20240802_15_00_00/vexv5\libv5rt.a(vex_optical.cpp.obj)
                0x0380981c                vex::optical::isNearObject()
 .text._ZN3vex7optical13setLightPowerElNS_12percentUnitsE
                0x03809840       0x2c c:\Users\li_al\AppData\Roaming\Code\User\globalStorage\vexrobotics.vexcode\sdk\cpp\V5\V5_20240802_15_00_00/vexv5\libv5rt.a(vex_optical.cpp.obj)
                0x03809840                vex::optical::setLightPower(long, vex::percentUnits)
 .text._ZN3vex7optical13gestureEnableEv
                0x0380986c        0x8 c:\Users\li_al\AppData\Roaming\Code\User\globalStorage\vexrobotics.vexcode\sdk\cpp\V5\V5_20240802_15_00_00/vexv5\libv5rt.a(vex_optical.cpp.obj)
                0x0380986c                vex::optical::gestureEnable()
 .text._ZN3vex7optical14gestureDisableEv
                0x03809874        0x8 c:\Users\li_al\AppData\Roaming\Code\User\globalStorage\vexrobotics.vexcode\sdk\cpp\V5\V5_20240802_15_00_00/vexv5\libv5rt.a(vex_optical.cpp.obj)
                0x03809874                vex::optical::gestureDisable()
 .text._ZN3vex7opticalC2Elb
                0x0380987c       0x54 c:\Users\li_al\AppData\Roaming\Code\User\globalStorage\vexrobotics.vexcode\sdk\cpp\V5\V5_20240802_15_00_00/vexv5\libv5rt.a(vex_optical.cpp.obj)
                0x0380987c                vex::optical::optical(long, bool)
                0x0380987c                vex::optical::optical(long, bool)
 .text._ZN3vex8distanceD2Ev
                0x038098d0       0x20 c:\Users\li_al\AppData\Roaming\Code\User\globalStorage\vexrobotics.vexcode\sdk\cpp\V5\V5_20240802_15_00_00/vexv5\libv5rt.a(vex_distance.cpp.obj)
                0x038098d0                vex::distance::~distance()
                0x038098d0                vex::distance::~distance()
 .text._ZN3vex8distanceD0Ev
                0x038098f0       0x1c c:\Users\li_al\AppData\Roaming\Code\User\globalStorage\vexrobotics.vexcode\sdk\cpp\V5\V5_20240802_15_00_00/vexv5\libv5rt.a(vex_distance.cpp.obj)
                0x038098f0                vex::distance::~distance()
 .text._ZN3vex8distance9installedEv
                0x0380990c       0x18 c:\Users\li_al\AppData\Roaming\Code\User\globalStorage\vexrobotics.vexcode\sdk\cpp\V5\V5_20240802_15_00_00/vexv5\libv5rt.a(vex_distance.cpp.obj)
                0x0380990c                vex::distance::installed()
 .text._ZN3vex8distance5valueEv
                0x03809924        0x8 c:\Users\li_al\AppData\Roaming\Code\User\globalStorage\vexrobotics.vexcode\sdk\cpp\V5\V5_20240802_15_00_00/vexv5\libv5rt.a(vex_distance.cpp.obj)
                0x03809924                vex::distance::value()
 .text._ZN3vex8distanceC2El
                0x0380992c       0x20 c:\Users\li_al\AppData\Roaming\Code\User\globalStorage\vexrobotics.vexcode\sdk\cpp\V5\V5_20240802_15_00_00/vexv5\libv5rt.a(vex_distance.cpp.obj)
                0x0380992c                vex::distance::distance(long)
                0x0380992c                vex::distance::distance(long)
 *fill*         0x0380994c        0x4 
 .text._ZN3vex8distance14objectDistanceENS_13distanceUnitsE
                0x03809950       0x48 c:\Users\li_al\AppData\Roaming\Code\User\globalStorage\vexrobotics.vexcode\sdk\cpp\V5\V5_20240802_15_00_00/vexv5\libv5rt.a(vex_distance.cpp.obj)
                0x03809950                vex::distance::objectDistance(vex::distanceUnits)
 .text._ZN3vex10controllerD2Ev
                0x03809998        0x4 c:\Users\li_al\AppData\Roaming\Code\User\globalStorage\vexrobotics.vexcode\sdk\cpp\V5\V5_20240802_15_00_00/vexv5\libv5rt.a(vex_controller.cpp.obj)
                0x03809998                vex::controller::~controller()
                0x03809998                vex::controller::~controller()
 .text._ZN3vex10controller5valueE19_V5_ControllerIndex
                0x0380999c        0x8 c:\Users\li_al\AppData\Roaming\Code\User\globalStorage\vexrobotics.vexcode\sdk\cpp\V5\V5_20240802_15_00_00/vexv5\libv5rt.a(vex_controller.cpp.obj)
                0x0380999c                vex::controller::value(_V5_ControllerIndex)
 .text._ZNK3vex10controller6button8pressingEv
                0x038099a4       0xc8 c:\Users\li_al\AppData\Roaming\Code\User\globalStorage\vexrobotics.vexcode\sdk\cpp\V5\V5_20240802_15_00_00/vexv5\libv5rt.a(vex_controller.cpp.obj)
                0x038099a4                vex::controller::button::pressing() const
 .text._ZNK3vex10controller6button7pressedEPFvvE
                0x03809a6c      0x108 c:\Users\li_al\AppData\Roaming\Code\User\globalStorage\vexrobotics.vexcode\sdk\cpp\V5\V5_20240802_15_00_00/vexv5\libv5rt.a(vex_controller.cpp.obj)
                0x03809a6c                vex::controller::button::pressed(void (*)()) const
 .text._ZNK3vex10controller6button8releasedEPFvvE
                0x03809b74      0x108 c:\Users\li_al\AppData\Roaming\Code\User\globalStorage\vexrobotics.vexcode\sdk\cpp\V5\V5_20240802_15_00_00/vexv5\libv5rt.a(vex_controller.cpp.obj)
                0x03809b74                vex::controller::button::released(void (*)()) const
 .text._ZNK3vex10controller6button21_buttonToPressedEventEv
                0x03809c7c       0x20 c:\Users\li_al\AppData\Roaming\Code\User\globalStorage\vexrobotics.vexcode\sdk\cpp\V5\V5_20240802_15_00_00/vexv5\libv5rt.a(vex_controller.cpp.obj)
                0x03809c7c                vex::controller::button::_buttonToPressedEvent() const
 .text._ZNK3vex10controller6button22_buttonToReleasedEventEv
                0x03809c9c       0x20 c:\Users\li_al\AppData\Roaming\Code\User\globalStorage\vexrobotics.vexcode\sdk\cpp\V5\V5_20240802_15_00_00/vexv5\libv5rt.a(vex_controller.cpp.obj)
                0x03809c9c                vex::controller::button::_buttonToReleasedEvent() const
 .text._ZN3vex10controller6buttonC2ENS0_11tButtonTypeEPS0_
                0x03809cbc       0x48 c:\Users\li_al\AppData\Roaming\Code\User\globalStorage\vexrobotics.vexcode\sdk\cpp\V5\V5_20240802_15_00_00/vexv5\libv5rt.a(vex_controller.cpp.obj)
                0x03809cbc                vex::controller::button::button(vex::controller::tButtonType, vex::controller*)
                0x03809cbc                vex::controller::button::button(vex::controller::tButtonType, vex::controller*)
 .text._ZNK3vex10controller4axis5valueEv
                0x03809d04       0x58 c:\Users\li_al\AppData\Roaming\Code\User\globalStorage\vexrobotics.vexcode\sdk\cpp\V5\V5_20240802_15_00_00/vexv5\libv5rt.a(vex_controller.cpp.obj)
                0x03809d04                vex::controller::axis::value() const
 .text._ZNK3vex10controller4axis8positionENS_12percentUnitsE
                0x03809d5c       0x1c c:\Users\li_al\AppData\Roaming\Code\User\globalStorage\vexrobotics.vexcode\sdk\cpp\V5\V5_20240802_15_00_00/vexv5\libv5rt.a(vex_controller.cpp.obj)
                0x03809d5c                vex::controller::axis::position(vex::percentUnits) const
 .text._ZNK3vex10controller4axis23_joystickToChangedEventEv
                0x03809d78       0x20 c:\Users\li_al\AppData\Roaming\Code\User\globalStorage\vexrobotics.vexcode\sdk\cpp\V5\V5_20240802_15_00_00/vexv5\libv5rt.a(vex_controller.cpp.obj)
                0x03809d78                vex::controller::axis::_joystickToChangedEvent() const
 .text._ZN3vex10controller4axisC2ENS0_9tAxisTypeEPS0_
                0x03809d98       0x2c c:\Users\li_al\AppData\Roaming\Code\User\globalStorage\vexrobotics.vexcode\sdk\cpp\V5\V5_20240802_15_00_00/vexv5\libv5rt.a(vex_controller.cpp.obj)
                0x03809d98                vex::controller::axis::axis(vex::controller::tAxisType, vex::controller*)
                0x03809d98                vex::controller::axis::axis(vex::controller::tAxisType, vex::controller*)
 .text._ZN3vex10controllerC2ENS_14controllerTypeE
                0x03809dc4      0x16c c:\Users\li_al\AppData\Roaming\Code\User\globalStorage\vexrobotics.vexcode\sdk\cpp\V5\V5_20240802_15_00_00/vexv5\libv5rt.a(vex_controller.cpp.obj)
                0x03809dc4                vex::controller::controller(vex::controllerType)
                0x03809dc4                vex::controller::controller(vex::controllerType)
 .text._ZN3vex10controller3lcd15getControllerIdEv
                0x03809f30       0x10 c:\Users\li_al\AppData\Roaming\Code\User\globalStorage\vexrobotics.vexcode\sdk\cpp\V5\V5_20240802_15_00_00/vexv5\libv5rt.a(vex_controller.cpp.obj)
                0x03809f30                vex::controller::lcd::getControllerId()
 .text._ZN3vex10controller3lcd9setCursorEll
                0x03809f40       0x40 c:\Users\li_al\AppData\Roaming\Code\User\globalStorage\vexrobotics.vexcode\sdk\cpp\V5\V5_20240802_15_00_00/vexv5\libv5rt.a(vex_controller.cpp.obj)
                0x03809f40                vex::controller::lcd::setCursor(long, long)
 .text._ZN3vex10controller3lcd5printEPKcz
                0x03809f80       0x80 c:\Users\li_al\AppData\Roaming\Code\User\globalStorage\vexrobotics.vexcode\sdk\cpp\V5\V5_20240802_15_00_00/vexv5\libv5rt.a(vex_controller.cpp.obj)
                0x03809f80                vex::controller::lcd::print(char const*, ...)
 .text._ZN3vex4taskC2EPFivE
                0x0380a000       0x5c c:\Users\li_al\AppData\Roaming\Code\User\globalStorage\vexrobotics.vexcode\sdk\cpp\V5\V5_20240802_15_00_00/vexv5\libv5rt.a(vex_task.cpp.obj)
                0x0380a000                vex::task::task(int (*)())
                0x0380a000                vex::task::task(int (*)())
 .text._ZN3vex4taskC2EPFiPvES1_
                0x0380a05c       0x5c c:\Users\li_al\AppData\Roaming\Code\User\globalStorage\vexrobotics.vexcode\sdk\cpp\V5\V5_20240802_15_00_00/vexv5\libv5rt.a(vex_task.cpp.obj)
                0x0380a05c                vex::task::task(int (*)(void*), void*)
                0x0380a05c                vex::task::task(int (*)(void*), void*)
 .text._ZN3vex4taskC2EPFiPvES1_l
                0x0380a0b8       0x68 c:\Users\li_al\AppData\Roaming\Code\User\globalStorage\vexrobotics.vexcode\sdk\cpp\V5\V5_20240802_15_00_00/vexv5\libv5rt.a(vex_task.cpp.obj)
                0x0380a0b8                vex::task::task(int (*)(void*), void*, long)
                0x0380a0b8                vex::task::task(int (*)(void*), void*, long)
 .text._ZN3vex4taskD2Ev
                0x0380a120        0x4 c:\Users\li_al\AppData\Roaming\Code\User\globalStorage\vexrobotics.vexcode\sdk\cpp\V5\V5_20240802_15_00_00/vexv5\libv5rt.a(vex_task.cpp.obj)
                0x0380a120                vex::task::~task()
                0x0380a120                vex::task::~task()
 .text._ZN3vex4task4stopEPvi
                0x0380a124       0x1c c:\Users\li_al\AppData\Roaming\Code\User\globalStorage\vexrobotics.vexcode\sdk\cpp\V5\V5_20240802_15_00_00/vexv5\libv5rt.a(vex_task.cpp.obj)
                0x0380a124                vex::task::stop(void*, int)
 .text._ZN3vex4task5sleepEm
                0x0380a140        0x4 c:\Users\li_al\AppData\Roaming\Code\User\globalStorage\vexrobotics.vexcode\sdk\cpp\V5\V5_20240802_15_00_00/vexv5\libv5rt.a(vex_task.cpp.obj)
                0x0380a140                vex::task::sleep(unsigned long)
 .text._ZN3vex4task6_indexEPFivE
                0x0380a144       0x14 c:\Users\li_al\AppData\Roaming\Code\User\globalStorage\vexrobotics.vexcode\sdk\cpp\V5\V5_20240802_15_00_00/vexv5\libv5rt.a(vex_task.cpp.obj)
                0x0380a144                vex::task::_index(int (*)())
 .text._ZN3vex4task8_stopAllEv
                0x0380a158       0x3c c:\Users\li_al\AppData\Roaming\Code\User\globalStorage\vexrobotics.vexcode\sdk\cpp\V5\V5_20240802_15_00_00/vexv5\libv5rt.a(vex_task.cpp.obj)
                0x0380a158                vex::task::_stopAll()
 .text._ZN3vex11this_thread9sleep_forEm
                0x0380a194        0x4 c:\Users\li_al\AppData\Roaming\Code\User\globalStorage\vexrobotics.vexcode\sdk\cpp\V5\V5_20240802_15_00_00/vexv5\libv5rt.a(vex_thread.cpp.obj)
                0x0380a194                vex::this_thread::sleep_for(unsigned long)
 .text._ZN3vex5mutexC2Ev
                0x0380a198       0x1c c:\Users\li_al\AppData\Roaming\Code\User\globalStorage\vexrobotics.vexcode\sdk\cpp\V5\V5_20240802_15_00_00/vexv5\libv5rt.a(vex_thread.cpp.obj)
                0x0380a198                vex::mutex::mutex()
                0x0380a198                vex::mutex::mutex()
 .text._ZN3vex5mutexD2Ev
                0x0380a1b4        0x4 c:\Users\li_al\AppData\Roaming\Code\User\globalStorage\vexrobotics.vexcode\sdk\cpp\V5\V5_20240802_15_00_00/vexv5\libv5rt.a(vex_thread.cpp.obj)
                0x0380a1b4                vex::mutex::~mutex()
                0x0380a1b4                vex::mutex::~mutex()
 .text._ZN3vex5mutex4lockEv
                0x0380a1b8        0x8 c:\Users\li_al\AppData\Roaming\Code\User\globalStorage\vexrobotics.vexcode\sdk\cpp\V5\V5_20240802_15_00_00/vexv5\libv5rt.a(vex_thread.cpp.obj)
                0x0380a1b8                vex::mutex::lock()
 .text._ZN3vex5mutex6unlockEv
                0x0380a1c0        0x4 c:\Users\li_al\AppData\Roaming\Code\User\globalStorage\vexrobotics.vexcode\sdk\cpp\V5\V5_20240802_15_00_00/vexv5\libv5rt.a(vex_thread.cpp.obj)
                0x0380a1c0                vex::mutex::unlock()
 .text._ZN3vex5event4initEmmPFvvE
                0x0380a1c4        0x4 c:\Users\li_al\AppData\Roaming\Code\User\globalStorage\vexrobotics.vexcode\sdk\cpp\V5\V5_20240802_15_00_00/vexv5\libv5rt.a(vex_event.cpp.obj)
                0x0380a1c4                vex::event::init(unsigned long, unsigned long, void (*)())
 .text._ZN3vex5event4initEmmPFvPvES1_
                0x0380a1c8        0x4 c:\Users\li_al\AppData\Roaming\Code\User\globalStorage\vexrobotics.vexcode\sdk\cpp\V5\V5_20240802_15_00_00/vexv5\libv5rt.a(vex_event.cpp.obj)
                0x0380a1c8                vex::event::init(unsigned long, unsigned long, void (*)(void*), void*)
 .text._ZN3vex5event9userindexEv
                0x0380a1cc        0x4 c:\Users\li_al\AppData\Roaming\Code\User\globalStorage\vexrobotics.vexcode\sdk\cpp\V5\V5_20240802_15_00_00/vexv5\libv5rt.a(vex_event.cpp.obj)
                0x0380a1cc                vex::event::userindex()
 .text._ZZN3vex6meventC4EmmENUlvE_4_FUNEv
                0x0380a1d0        0x4 c:\Users\li_al\AppData\Roaming\Code\User\globalStorage\vexrobotics.vexcode\sdk\cpp\V5\V5_20240802_15_00_00/vexv5\libv5rt.a(vex_mevent.cpp.obj)
 .text._ZN3vex6meventC2Emm
                0x0380a1d4       0x70 c:\Users\li_al\AppData\Roaming\Code\User\globalStorage\vexrobotics.vexcode\sdk\cpp\V5\V5_20240802_15_00_00/vexv5\libv5rt.a(vex_mevent.cpp.obj)
                0x0380a1d4                vex::mevent::mevent(unsigned long, unsigned long)
                0x0380a1d4                vex::mevent::mevent(unsigned long, unsigned long)
 .text._ZL9_hexDigitc
                0x0380a244       0x48 c:\Users\li_al\AppData\Roaming\Code\User\globalStorage\vexrobotics.vexcode\sdk\cpp\V5\V5_20240802_15_00_00/vexv5\libv5rt.a(vex_brain.cpp.obj)
 .text._ZN3vex5brain9_getIndexEv
                0x0380a28c       0x10 c:\Users\li_al\AppData\Roaming\Code\User\globalStorage\vexrobotics.vexcode\sdk\cpp\V5\V5_20240802_15_00_00/vexv5\libv5rt.a(vex_brain.cpp.obj)
                0x0380a28c                vex::brain::_getIndex()
 .text._ZN3vex5brain3lcd9setCursorEll
                0x0380a29c       0x44 c:\Users\li_al\AppData\Roaming\Code\User\globalStorage\vexrobotics.vexcode\sdk\cpp\V5\V5_20240802_15_00_00/vexv5\libv5rt.a(vex_brain.cpp.obj)
                0x0380a29c                vex::brain::lcd::setCursor(long, long)
 .text._ZN3vex5brain3lcd7setFontENS_8fontTypeE
                0x0380a2e0      0x23c c:\Users\li_al\AppData\Roaming\Code\User\globalStorage\vexrobotics.vexcode\sdk\cpp\V5\V5_20240802_15_00_00/vexv5\libv5rt.a(vex_brain.cpp.obj)
                0x0380a2e0                vex::brain::lcd::setFont(vex::fontType)
 .text._ZN3vex5brain3lcdC2Ev
                0x0380a51c       0x94 c:\Users\li_al\AppData\Roaming\Code\User\globalStorage\vexrobotics.vexcode\sdk\cpp\V5\V5_20240802_15_00_00/vexv5\libv5rt.a(vex_brain.cpp.obj)
                0x0380a51c                vex::brain::lcd::lcd()
                0x0380a51c                vex::brain::lcd::lcd()
 .text._ZN3vex5brainC2Ev
                0x0380a5b0       0x3c c:\Users\li_al\AppData\Roaming\Code\User\globalStorage\vexrobotics.vexcode\sdk\cpp\V5\V5_20240802_15_00_00/vexv5\libv5rt.a(vex_brain.cpp.obj)
                0x0380a5b0                vex::brain::brain()
                0x0380a5b0                vex::brain::brain()
 .text._ZN3vex5brain3lcd9drawPixelEii
                0x0380a5ec       0x14 c:\Users\li_al\AppData\Roaming\Code\User\globalStorage\vexrobotics.vexcode\sdk\cpp\V5\V5_20240802_15_00_00/vexv5\libv5rt.a(vex_brain.cpp.obj)
                0x0380a5ec                vex::brain::lcd::drawPixel(int, int)
 .text._ZN3vex5brain3lcd10rowToPixelEl
                0x0380a600       0x34 c:\Users\li_al\AppData\Roaming\Code\User\globalStorage\vexrobotics.vexcode\sdk\cpp\V5\V5_20240802_15_00_00/vexv5\libv5rt.a(vex_brain.cpp.obj)
                0x0380a600                vex::brain::lcd::rowToPixel(long)
 .text._ZN3vex5brain3lcd9clearLineEv
                0x0380a634       0x38 c:\Users\li_al\AppData\Roaming\Code\User\globalStorage\vexrobotics.vexcode\sdk\cpp\V5\V5_20240802_15_00_00/vexv5\libv5rt.a(vex_brain.cpp.obj)
                0x0380a634                vex::brain::lcd::clearLine()
 .text._ZN3vex5brain3lcd13webColorToRgbEPKc
                0x0380a66c       0x9c c:\Users\li_al\AppData\Roaming\Code\User\globalStorage\vexrobotics.vexcode\sdk\cpp\V5\V5_20240802_15_00_00/vexv5\libv5rt.a(vex_brain.cpp.obj)
                0x0380a66c                vex::brain::lcd::webColorToRgb(char const*)
 .text._ZN3vex5brain3lcd11setPenColorEPKc
                0x0380a708       0x10 c:\Users\li_al\AppData\Roaming\Code\User\globalStorage\vexrobotics.vexcode\sdk\cpp\V5\V5_20240802_15_00_00/vexv5\libv5rt.a(vex_brain.cpp.obj)
                0x0380a708                vex::brain::lcd::setPenColor(char const*)
 .text._ZN3vex5brainD2Ev
                0x0380a718       0x20 c:\Users\li_al\AppData\Roaming\Code\User\globalStorage\vexrobotics.vexcode\sdk\cpp\V5\V5_20240802_15_00_00/vexv5\libv5rt.a(vex_brain.cpp.obj)
                0x0380a718                vex::brain::~brain()
                0x0380a718                vex::brain::~brain()
 .text._ZN3vex11competition8_disableEPv
                0x0380a738       0xa4 c:\Users\li_al\AppData\Roaming\Code\User\globalStorage\vexrobotics.vexcode\sdk\cpp\V5\V5_20240802_15_00_00/vexv5\libv5rt.a(vex_competition.cpp.obj)
                0x0380a738                vex::competition::_disable(void*)
 .text._ZN3vex11competition11_autonomousEv
                0x0380a7dc       0x80 c:\Users\li_al\AppData\Roaming\Code\User\globalStorage\vexrobotics.vexcode\sdk\cpp\V5\V5_20240802_15_00_00/vexv5\libv5rt.a(vex_competition.cpp.obj)
                0x0380a7dc                vex::competition::_autonomous()
 .text._ZN3vex11competition14_drivercontrolEv
                0x0380a85c       0x80 c:\Users\li_al\AppData\Roaming\Code\User\globalStorage\vexrobotics.vexcode\sdk\cpp\V5\V5_20240802_15_00_00/vexv5\libv5rt.a(vex_competition.cpp.obj)
                0x0380a85c                vex::competition::_drivercontrol()
 .text._ZN3vex11competitionC2Ev
                0x0380a8dc      0x13c c:\Users\li_al\AppData\Roaming\Code\User\globalStorage\vexrobotics.vexcode\sdk\cpp\V5\V5_20240802_15_00_00/vexv5\libv5rt.a(vex_competition.cpp.obj)
                0x0380a8dc                vex::competition::competition()
                0x0380a8dc                vex::competition::competition()
 .text._ZN3vex11competitionD2Ev
                0x0380aa18        0x4 c:\Users\li_al\AppData\Roaming\Code\User\globalStorage\vexrobotics.vexcode\sdk\cpp\V5\V5_20240802_15_00_00/vexv5\libv5rt.a(vex_competition.cpp.obj)
                0x0380aa18                vex::competition::~competition()
                0x0380aa18                vex::competition::~competition()
 .text._ZN3vex11competition10autonomousEPFvvE
                0x0380aa1c       0x44 c:\Users\li_al\AppData\Roaming\Code\User\globalStorage\vexrobotics.vexcode\sdk\cpp\V5\V5_20240802_15_00_00/vexv5\libv5rt.a(vex_competition.cpp.obj)
                0x0380aa1c                vex::competition::autonomous(void (*)())
 .text._ZN3vex11competition13drivercontrolEPFvvE
                0x0380aa60       0x44 c:\Users\li_al\AppData\Roaming\Code\User\globalStorage\vexrobotics.vexcode\sdk\cpp\V5\V5_20240802_15_00_00/vexv5\libv5rt.a(vex_competition.cpp.obj)
                0x0380aa60                vex::competition::drivercontrol(void (*)())
 .text._ZN3vex7triportD2Ev
                0x0380aaa4       0x38 c:\Users\li_al\AppData\Roaming\Code\User\globalStorage\vexrobotics.vexcode\sdk\cpp\V5\V5_20240802_15_00_00/vexv5\libv5rt.a(vex_triport.cpp.obj)
                0x0380aaa4                vex::triport::~triport()
                0x0380aaa4                vex::triport::~triport()
 .text._ZN3vex7triportD0Ev
                0x0380aadc       0x1c c:\Users\li_al\AppData\Roaming\Code\User\globalStorage\vexrobotics.vexcode\sdk\cpp\V5\V5_20240802_15_00_00/vexv5\libv5rt.a(vex_triport.cpp.obj)
                0x0380aadc                vex::triport::~triport()
 .text._ZN3vex7triport9installedEv
                0x0380aaf8       0x18 c:\Users\li_al\AppData\Roaming\Code\User\globalStorage\vexrobotics.vexcode\sdk\cpp\V5\V5_20240802_15_00_00/vexv5\libv5rt.a(vex_triport.cpp.obj)
                0x0380aaf8                vex::triport::installed()
 .text._ZN3vex7triport4portC2ElPS0_
                0x0380ab10       0x74 c:\Users\li_al\AppData\Roaming\Code\User\globalStorage\vexrobotics.vexcode\sdk\cpp\V5\V5_20240802_15_00_00/vexv5\libv5rt.a(vex_triport.cpp.obj)
                0x0380ab10                vex::triport::port::port(long, vex::triport*)
                0x0380ab10                vex::triport::port::port(long, vex::triport*)
 .text._ZN3vex7triportC2El
                0x0380ab84       0xf0 c:\Users\li_al\AppData\Roaming\Code\User\globalStorage\vexrobotics.vexcode\sdk\cpp\V5\V5_20240802_15_00_00/vexv5\libv5rt.a(vex_triport.cpp.obj)
                0x0380ab84                vex::triport::triport(long)
                0x0380ab84                vex::triport::triport(long)
 .text._ZN3vex7triport4port4typeENS_11triportTypeE
                0x0380ac74       0x30 c:\Users\li_al\AppData\Roaming\Code\User\globalStorage\vexrobotics.vexcode\sdk\cpp\V5\V5_20240802_15_00_00/vexv5\libv5rt.a(vex_triport.cpp.obj)
                0x0380ac74                vex::triport::port::type(vex::triportType)
 .text._ZN3vex7triport4port4typeEv
                0x0380aca4       0x38 c:\Users\li_al\AppData\Roaming\Code\User\globalStorage\vexrobotics.vexcode\sdk\cpp\V5\V5_20240802_15_00_00/vexv5\libv5rt.a(vex_triport.cpp.obj)
                0x0380aca4                vex::triport::port::type()
 .text._ZN3vex7triport4port5valueEv
                0x0380acdc       0x14 c:\Users\li_al\AppData\Roaming\Code\User\globalStorage\vexrobotics.vexcode\sdk\cpp\V5\V5_20240802_15_00_00/vexv5\libv5rt.a(vex_triport.cpp.obj)
                0x0380acdc                vex::triport::port::value()
 .text._ZN3vex7triport4port5valueEl
                0x0380acf0       0x18 c:\Users\li_al\AppData\Roaming\Code\User\globalStorage\vexrobotics.vexcode\sdk\cpp\V5\V5_20240802_15_00_00/vexv5\libv5rt.a(vex_triport.cpp.obj)
                0x0380acf0                vex::triport::port::value(long)
 .text._ZN3vex11__trideviceC2ERNS_7triport4portENS_11triportTypeE
                0x0380ad08       0x5c c:\Users\li_al\AppData\Roaming\Code\User\globalStorage\vexrobotics.vexcode\sdk\cpp\V5\V5_20240802_15_00_00/vexv5\libv5rt.a(vex_triport.cpp.obj)
                0x0380ad08                vex::__tridevice::__tridevice(vex::triport::port&, vex::triportType)
                0x0380ad08                vex::__tridevice::__tridevice(vex::triport::port&, vex::triportType)
 .text._ZN3vex5limitC2ERNS_7triport4portE
                0x0380ad64       0x28 c:\Users\li_al\AppData\Roaming\Code\User\globalStorage\vexrobotics.vexcode\sdk\cpp\V5\V5_20240802_15_00_00/vexv5\libv5rt.a(vex_triport.cpp.obj)
                0x0380ad64                vex::limit::limit(vex::triport::port&)
                0x0380ad64                vex::limit::limit(vex::triport::port&)
 .text._ZN3vex5limitD2Ev
                0x0380ad8c        0x4 c:\Users\li_al\AppData\Roaming\Code\User\globalStorage\vexrobotics.vexcode\sdk\cpp\V5\V5_20240802_15_00_00/vexv5\libv5rt.a(vex_triport.cpp.obj)
                0x0380ad8c                vex::limit::~limit()
                0x0380ad8c                vex::limit::~limit()
 .text._ZN3vex5limit5valueEv
                0x0380ad90        0x8 c:\Users\li_al\AppData\Roaming\Code\User\globalStorage\vexrobotics.vexcode\sdk\cpp\V5\V5_20240802_15_00_00/vexv5\libv5rt.a(vex_triport.cpp.obj)
                0x0380ad90                vex::limit::value()
 .text._ZN3vex11digital_outC2ERNS_7triport4portE
                0x0380ad98       0x18 c:\Users\li_al\AppData\Roaming\Code\User\globalStorage\vexrobotics.vexcode\sdk\cpp\V5\V5_20240802_15_00_00/vexv5\libv5rt.a(vex_triport.cpp.obj)
                0x0380ad98                vex::digital_out::digital_out(vex::triport::port&)
                0x0380ad98                vex::digital_out::digital_out(vex::triport::port&)
 .text._ZN3vex11digital_outD2Ev
                0x0380adb0        0x4 c:\Users\li_al\AppData\Roaming\Code\User\globalStorage\vexrobotics.vexcode\sdk\cpp\V5\V5_20240802_15_00_00/vexv5\libv5rt.a(vex_triport.cpp.obj)
                0x0380adb0                vex::digital_out::~digital_out()
                0x0380adb0                vex::digital_out::~digital_out()
 .text._ZN3vex11digital_out5valueEv
                0x0380adb4        0x8 c:\Users\li_al\AppData\Roaming\Code\User\globalStorage\vexrobotics.vexcode\sdk\cpp\V5\V5_20240802_15_00_00/vexv5\libv5rt.a(vex_triport.cpp.obj)
                0x0380adb4                vex::digital_out::value()
 .text._ZN3vex11digital_out3setEb
                0x0380adbc        0x8 c:\Users\li_al\AppData\Roaming\Code\User\globalStorage\vexrobotics.vexcode\sdk\cpp\V5\V5_20240802_15_00_00/vexv5\libv5rt.a(vex_triport.cpp.obj)
                0x0380adbc                vex::digital_out::set(bool)
 .text._ZN3vex5colorD2Ev
                0x0380adc4        0x4 c:\Users\li_al\AppData\Roaming\Code\User\globalStorage\vexrobotics.vexcode\sdk\cpp\V5\V5_20240802_15_00_00/vexv5\libv5rt.a(vex_color.cpp.obj)
                0x0380adc4                vex::color::~color()
                0x0380adc4                vex::color::~color()
 .text.startup._GLOBAL__sub_I__ZN3vex5color5blackE
                0x0380adc8      0x164 c:\Users\li_al\AppData\Roaming\Code\User\globalStorage\vexrobotics.vexcode\sdk\cpp\V5\V5_20240802_15_00_00/vexv5\libv5rt.a(vex_color.cpp.obj)
 .text._ZN3vex5timerD2Ev
                0x0380af2c        0x4 c:\Users\li_al\AppData\Roaming\Code\User\globalStorage\vexrobotics.vexcode\sdk\cpp\V5\V5_20240802_15_00_00/vexv5\libv5rt.a(vex_timer.cpp.obj)
                0x0380af2c                vex::timer::~timer()
                0x0380af2c                vex::timer::~timer()
 .text._ZN3vex5timer5clearEv
                0x0380af30       0x1c c:\Users\li_al\AppData\Roaming\Code\User\globalStorage\vexrobotics.vexcode\sdk\cpp\V5\V5_20240802_15_00_00/vexv5\libv5rt.a(vex_timer.cpp.obj)
                0x0380af30                vex::timer::clear()
 .text._ZN3vex5timerC2Ev
                0x0380af4c       0x14 c:\Users\li_al\AppData\Roaming\Code\User\globalStorage\vexrobotics.vexcode\sdk\cpp\V5\V5_20240802_15_00_00/vexv5\libv5rt.a(vex_timer.cpp.obj)
                0x0380af4c                vex::timer::timer()
                0x0380af4c                vex::timer::timer()
 .text._ZN3vex11motor_group18motor_group_motorsC2Ev
                0x0380af60       0x28 c:\Users\li_al\AppData\Roaming\Code\User\globalStorage\vexrobotics.vexcode\sdk\cpp\V5\V5_20240802_15_00_00/vexv5\libv5rt.a(vex_motorgroup.cpp.obj)
                0x0380af60                vex::motor_group::motor_group_motors::motor_group_motors()
                0x0380af60                vex::motor_group::motor_group_motors::motor_group_motors()
 .text._ZN3vex11motor_groupC2Ev
                0x0380af88       0x1c c:\Users\li_al\AppData\Roaming\Code\User\globalStorage\vexrobotics.vexcode\sdk\cpp\V5\V5_20240802_15_00_00/vexv5\libv5rt.a(vex_motorgroup.cpp.obj)
                0x0380af88                vex::motor_group::motor_group()
                0x0380af88                vex::motor_group::motor_group()
 .text._ZN3vex11motor_groupD2Ev
                0x0380afa4        0x4 c:\Users\li_al\AppData\Roaming\Code\User\globalStorage\vexrobotics.vexcode\sdk\cpp\V5\V5_20240802_15_00_00/vexv5\libv5rt.a(vex_motorgroup.cpp.obj)
                0x0380afa4                vex::motor_group::~motor_group()
                0x0380afa4                vex::motor_group::~motor_group()
 .text._ZN3vex11motor_group9_addMotorERNS_5motorE
                0x0380afa8       0x20 c:\Users\li_al\AppData\Roaming\Code\User\globalStorage\vexrobotics.vexcode\sdk\cpp\V5\V5_20240802_15_00_00/vexv5\libv5rt.a(vex_motorgroup.cpp.obj)
                0x0380afa8                vex::motor_group::_addMotor(vex::motor&)
 .text._ZN3vex11motor_group13resetPositionEv
                0x0380afc8       0x30 c:\Users\li_al\AppData\Roaming\Code\User\globalStorage\vexrobotics.vexcode\sdk\cpp\V5\V5_20240802_15_00_00/vexv5\libv5rt.a(vex_motorgroup.cpp.obj)
                0x0380afc8                vex::motor_group::resetPosition()
 .text._ZN3vex11motor_group4spinENS_13directionTypeEdNS_12voltageUnitsE
                0x0380aff8       0x54 c:\Users\li_al\AppData\Roaming\Code\User\globalStorage\vexrobotics.vexcode\sdk\cpp\V5\V5_20240802_15_00_00/vexv5\libv5rt.a(vex_motorgroup.cpp.obj)
                0x0380aff8                vex::motor_group::spin(vex::directionType, double, vex::voltageUnits)
 .text._ZN3vex11motor_group4stopEv
                0x0380b04c       0x30 c:\Users\li_al\AppData\Roaming\Code\User\globalStorage\vexrobotics.vexcode\sdk\cpp\V5\V5_20240802_15_00_00/vexv5\libv5rt.a(vex_motorgroup.cpp.obj)
                0x0380b04c                vex::motor_group::stop()
 .text._ZN3vex11motor_group4stopENS_9brakeTypeE
                0x0380b07c       0x38 c:\Users\li_al\AppData\Roaming\Code\User\globalStorage\vexrobotics.vexcode\sdk\cpp\V5\V5_20240802_15_00_00/vexv5\libv5rt.a(vex_motorgroup.cpp.obj)
                0x0380b07c                vex::motor_group::stop(vex::brakeType)
 .text._ZN3vex11motor_group8positionENS_13rotationUnitsE
                0x0380b0b4        0xc c:\Users\li_al\AppData\Roaming\Code\User\globalStorage\vexrobotics.vexcode\sdk\cpp\V5\V5_20240802_15_00_00/vexv5\libv5rt.a(vex_motorgroup.cpp.obj)
                0x0380b0b4                vex::motor_group::position(vex::rotationUnits)
 .text.vexAdiPortConfigSet
                0x0380b0c0       0x28 c:\Users\li_al\AppData\Roaming\Code\User\globalStorage\vexrobotics.vexcode\sdk\cpp\V5\V5_20240802_15_00_00/vexv5\libv5rt.a(v5_apiuser.c.obj)